ARM GAS  C:\Users\biosh\AppData\Local\Temp\ccHMZHm1.s 			page 1


   1              		.syntax unified
   2              		.cpu cortex-m0
   3              		.fpu softvfp
   4              		.eabi_attribute 20, 1
   5              		.eabi_attribute 21, 1
   6              		.eabi_attribute 23, 3
   7              		.eabi_attribute 24, 1
   8              		.eabi_attribute 25, 1
   9              		.eabi_attribute 26, 1
  10              		.eabi_attribute 30, 1
  11              		.eabi_attribute 34, 0
  12              		.eabi_attribute 18, 4
  13              		.thumb
  14              		.syntax unified
  15              		.file	"cyfitter_cfg.c"
  16              		.text
  17              	.Ltext0:
  18              		.cfi_sections	.debug_frame
  19              		.section	.text.AnalogSetDefault,"ax",%progbits
  20              		.align	2
  21              		.code	16
  22              		.thumb_func
  23              		.type	AnalogSetDefault, %function
  24              	AnalogSetDefault:
  25              	.LFB5:
  26              		.file 1 "Generated_Source\\PSoC4\\cyfitter_cfg.c"
   1:Generated_Source\PSoC4/cyfitter_cfg.c **** 
   2:Generated_Source\PSoC4/cyfitter_cfg.c **** /*******************************************************************************
   3:Generated_Source\PSoC4/cyfitter_cfg.c **** * File Name: cyfitter_cfg.c
   4:Generated_Source\PSoC4/cyfitter_cfg.c **** * 
   5:Generated_Source\PSoC4/cyfitter_cfg.c **** * PSoC Creator  4.3
   6:Generated_Source\PSoC4/cyfitter_cfg.c **** *
   7:Generated_Source\PSoC4/cyfitter_cfg.c **** * Description:
   8:Generated_Source\PSoC4/cyfitter_cfg.c **** * This file contains device initialization code.
   9:Generated_Source\PSoC4/cyfitter_cfg.c **** * Except for the user defined sections in CyClockStartupError(), this file should not be modified.
  10:Generated_Source\PSoC4/cyfitter_cfg.c **** * This file is automatically generated by PSoC Creator.
  11:Generated_Source\PSoC4/cyfitter_cfg.c **** *
  12:Generated_Source\PSoC4/cyfitter_cfg.c **** ********************************************************************************
  13:Generated_Source\PSoC4/cyfitter_cfg.c **** * Copyright (c) 2007-2019 Cypress Semiconductor.  All rights reserved.
  14:Generated_Source\PSoC4/cyfitter_cfg.c **** * You may use this file only in accordance with the license, terms, conditions, 
  15:Generated_Source\PSoC4/cyfitter_cfg.c **** * disclaimers, and limitations in the end user license agreement accompanying 
  16:Generated_Source\PSoC4/cyfitter_cfg.c **** * the software package with which this file was provided.
  17:Generated_Source\PSoC4/cyfitter_cfg.c **** ********************************************************************************/
  18:Generated_Source\PSoC4/cyfitter_cfg.c **** 
  19:Generated_Source\PSoC4/cyfitter_cfg.c **** #include <string.h>
  20:Generated_Source\PSoC4/cyfitter_cfg.c **** #include "cytypes.h"
  21:Generated_Source\PSoC4/cyfitter_cfg.c **** #include "cydevice_trm.h"
  22:Generated_Source\PSoC4/cyfitter_cfg.c **** #include "cyfitter.h"
  23:Generated_Source\PSoC4/cyfitter_cfg.c **** #include "CyLib.h"
  24:Generated_Source\PSoC4/cyfitter_cfg.c **** #include "CyLFClk.h"
  25:Generated_Source\PSoC4/cyfitter_cfg.c **** #include "cyfitter_cfg.h"
  26:Generated_Source\PSoC4/cyfitter_cfg.c **** #include "cyapicallbacks.h"
  27:Generated_Source\PSoC4/cyfitter_cfg.c **** 
  28:Generated_Source\PSoC4/cyfitter_cfg.c **** 
  29:Generated_Source\PSoC4/cyfitter_cfg.c **** #if defined(__GNUC__) || defined(__ARMCC_VERSION)
  30:Generated_Source\PSoC4/cyfitter_cfg.c ****     #define CYPACKED 
  31:Generated_Source\PSoC4/cyfitter_cfg.c ****     #define CYPACKED_ATTR __attribute__ ((packed))
ARM GAS  C:\Users\biosh\AppData\Local\Temp\ccHMZHm1.s 			page 2


  32:Generated_Source\PSoC4/cyfitter_cfg.c ****     #define CYALIGNED __attribute__ ((aligned))
  33:Generated_Source\PSoC4/cyfitter_cfg.c ****     #define CY_CFG_UNUSED __attribute__ ((unused))
  34:Generated_Source\PSoC4/cyfitter_cfg.c ****     #ifndef CY_CFG_SECTION
  35:Generated_Source\PSoC4/cyfitter_cfg.c ****         #define CY_CFG_SECTION __attribute__ ((section(".psocinit")))
  36:Generated_Source\PSoC4/cyfitter_cfg.c ****     #endif
  37:Generated_Source\PSoC4/cyfitter_cfg.c ****     
  38:Generated_Source\PSoC4/cyfitter_cfg.c ****     #if defined(__ARMCC_VERSION)
  39:Generated_Source\PSoC4/cyfitter_cfg.c ****         #define CY_CFG_MEMORY_BARRIER() __memory_changed()
  40:Generated_Source\PSoC4/cyfitter_cfg.c ****     #else
  41:Generated_Source\PSoC4/cyfitter_cfg.c ****         #define CY_CFG_MEMORY_BARRIER() __sync_synchronize()
  42:Generated_Source\PSoC4/cyfitter_cfg.c ****     #endif
  43:Generated_Source\PSoC4/cyfitter_cfg.c ****     
  44:Generated_Source\PSoC4/cyfitter_cfg.c **** #elif defined(__ICCARM__)
  45:Generated_Source\PSoC4/cyfitter_cfg.c ****     #include <intrinsics.h>
  46:Generated_Source\PSoC4/cyfitter_cfg.c **** 
  47:Generated_Source\PSoC4/cyfitter_cfg.c ****     #define CYPACKED __packed
  48:Generated_Source\PSoC4/cyfitter_cfg.c ****     #define CYPACKED_ATTR 
  49:Generated_Source\PSoC4/cyfitter_cfg.c ****     #define CYALIGNED _Pragma("data_alignment=4")
  50:Generated_Source\PSoC4/cyfitter_cfg.c ****     #define CY_CFG_UNUSED _Pragma("diag_suppress=Pe177")
  51:Generated_Source\PSoC4/cyfitter_cfg.c ****     #define CY_CFG_SECTION _Pragma("location=\".psocinit\"")
  52:Generated_Source\PSoC4/cyfitter_cfg.c ****     
  53:Generated_Source\PSoC4/cyfitter_cfg.c ****     #define CY_CFG_MEMORY_BARRIER() __DMB()
  54:Generated_Source\PSoC4/cyfitter_cfg.c ****     
  55:Generated_Source\PSoC4/cyfitter_cfg.c **** #else
  56:Generated_Source\PSoC4/cyfitter_cfg.c ****     #error Unsupported toolchain
  57:Generated_Source\PSoC4/cyfitter_cfg.c **** #endif
  58:Generated_Source\PSoC4/cyfitter_cfg.c **** 
  59:Generated_Source\PSoC4/cyfitter_cfg.c **** #ifndef CYCODE
  60:Generated_Source\PSoC4/cyfitter_cfg.c ****     #define CYCODE
  61:Generated_Source\PSoC4/cyfitter_cfg.c **** #endif
  62:Generated_Source\PSoC4/cyfitter_cfg.c **** #ifndef CYDATA
  63:Generated_Source\PSoC4/cyfitter_cfg.c ****     #define CYDATA
  64:Generated_Source\PSoC4/cyfitter_cfg.c **** #endif
  65:Generated_Source\PSoC4/cyfitter_cfg.c **** #ifndef CYFAR
  66:Generated_Source\PSoC4/cyfitter_cfg.c ****     #define CYFAR
  67:Generated_Source\PSoC4/cyfitter_cfg.c **** #endif
  68:Generated_Source\PSoC4/cyfitter_cfg.c **** #ifndef CYXDATA
  69:Generated_Source\PSoC4/cyfitter_cfg.c ****     #define CYXDATA
  70:Generated_Source\PSoC4/cyfitter_cfg.c **** #endif
  71:Generated_Source\PSoC4/cyfitter_cfg.c **** 
  72:Generated_Source\PSoC4/cyfitter_cfg.c **** 
  73:Generated_Source\PSoC4/cyfitter_cfg.c **** CY_CFG_UNUSED
  74:Generated_Source\PSoC4/cyfitter_cfg.c **** static void CYMEMZERO(void *s, size_t n);
  75:Generated_Source\PSoC4/cyfitter_cfg.c **** CY_CFG_UNUSED
  76:Generated_Source\PSoC4/cyfitter_cfg.c **** static void CYMEMZERO(void *s, size_t n)
  77:Generated_Source\PSoC4/cyfitter_cfg.c **** {
  78:Generated_Source\PSoC4/cyfitter_cfg.c **** 	(void)memset(s, 0, n);
  79:Generated_Source\PSoC4/cyfitter_cfg.c **** }
  80:Generated_Source\PSoC4/cyfitter_cfg.c **** CY_CFG_UNUSED
  81:Generated_Source\PSoC4/cyfitter_cfg.c **** static void CYCONFIGCPY(void *dest, const void *src, size_t n);
  82:Generated_Source\PSoC4/cyfitter_cfg.c **** CY_CFG_UNUSED
  83:Generated_Source\PSoC4/cyfitter_cfg.c **** static void CYCONFIGCPY(void *dest, const void *src, size_t n)
  84:Generated_Source\PSoC4/cyfitter_cfg.c **** {
  85:Generated_Source\PSoC4/cyfitter_cfg.c **** 	(void)memcpy(dest, src, n);
  86:Generated_Source\PSoC4/cyfitter_cfg.c **** }
  87:Generated_Source\PSoC4/cyfitter_cfg.c **** CY_CFG_UNUSED
  88:Generated_Source\PSoC4/cyfitter_cfg.c **** static void CYCONFIGCPYCODE(void *dest, const void *src, size_t n);
ARM GAS  C:\Users\biosh\AppData\Local\Temp\ccHMZHm1.s 			page 3


  89:Generated_Source\PSoC4/cyfitter_cfg.c **** CY_CFG_UNUSED
  90:Generated_Source\PSoC4/cyfitter_cfg.c **** static void CYCONFIGCPYCODE(void *dest, const void *src, size_t n)
  91:Generated_Source\PSoC4/cyfitter_cfg.c **** {
  92:Generated_Source\PSoC4/cyfitter_cfg.c **** 	(void)memcpy(dest, src, n);
  93:Generated_Source\PSoC4/cyfitter_cfg.c **** }
  94:Generated_Source\PSoC4/cyfitter_cfg.c **** 
  95:Generated_Source\PSoC4/cyfitter_cfg.c **** 
  96:Generated_Source\PSoC4/cyfitter_cfg.c **** 
  97:Generated_Source\PSoC4/cyfitter_cfg.c **** 
  98:Generated_Source\PSoC4/cyfitter_cfg.c **** /* Clock startup error codes                                                   */
  99:Generated_Source\PSoC4/cyfitter_cfg.c **** #define CYCLOCKSTART_NO_ERROR    0u
 100:Generated_Source\PSoC4/cyfitter_cfg.c **** #define CYCLOCKSTART_XTAL_ERROR  1u
 101:Generated_Source\PSoC4/cyfitter_cfg.c **** #define CYCLOCKSTART_32KHZ_ERROR 2u
 102:Generated_Source\PSoC4/cyfitter_cfg.c **** #define CYCLOCKSTART_PLL_ERROR   3u
 103:Generated_Source\PSoC4/cyfitter_cfg.c **** #define CYCLOCKSTART_FLL_ERROR   4u
 104:Generated_Source\PSoC4/cyfitter_cfg.c **** #define CYCLOCKSTART_WCO_ERROR   5u
 105:Generated_Source\PSoC4/cyfitter_cfg.c **** 
 106:Generated_Source\PSoC4/cyfitter_cfg.c **** 
 107:Generated_Source\PSoC4/cyfitter_cfg.c **** #ifdef CY_NEED_CYCLOCKSTARTUPERROR
 108:Generated_Source\PSoC4/cyfitter_cfg.c **** /*******************************************************************************
 109:Generated_Source\PSoC4/cyfitter_cfg.c **** * Function Name: CyClockStartupError
 110:Generated_Source\PSoC4/cyfitter_cfg.c **** ********************************************************************************
 111:Generated_Source\PSoC4/cyfitter_cfg.c **** * Summary:
 112:Generated_Source\PSoC4/cyfitter_cfg.c **** *  If an error is encountered during clock configuration (crystal startup error,
 113:Generated_Source\PSoC4/cyfitter_cfg.c **** *  PLL lock error, etc.), the system will end up here.  Unless reimplemented by
 114:Generated_Source\PSoC4/cyfitter_cfg.c **** *  the customer, this function will stop in an infinite loop.
 115:Generated_Source\PSoC4/cyfitter_cfg.c **** *
 116:Generated_Source\PSoC4/cyfitter_cfg.c **** * Parameters:
 117:Generated_Source\PSoC4/cyfitter_cfg.c **** *   void
 118:Generated_Source\PSoC4/cyfitter_cfg.c **** *
 119:Generated_Source\PSoC4/cyfitter_cfg.c **** * Return:
 120:Generated_Source\PSoC4/cyfitter_cfg.c **** *   void
 121:Generated_Source\PSoC4/cyfitter_cfg.c **** *
 122:Generated_Source\PSoC4/cyfitter_cfg.c **** *******************************************************************************/
 123:Generated_Source\PSoC4/cyfitter_cfg.c **** CY_CFG_UNUSED
 124:Generated_Source\PSoC4/cyfitter_cfg.c **** static void CyClockStartupError(uint8 errorCode);
 125:Generated_Source\PSoC4/cyfitter_cfg.c **** CY_CFG_UNUSED
 126:Generated_Source\PSoC4/cyfitter_cfg.c **** static void CyClockStartupError(uint8 errorCode)
 127:Generated_Source\PSoC4/cyfitter_cfg.c **** {
 128:Generated_Source\PSoC4/cyfitter_cfg.c ****     /* To remove the compiler warning if errorCode not used.                */
 129:Generated_Source\PSoC4/cyfitter_cfg.c ****     errorCode = errorCode;
 130:Generated_Source\PSoC4/cyfitter_cfg.c **** 
 131:Generated_Source\PSoC4/cyfitter_cfg.c ****     /* If we have a clock startup error (bad MHz crystal, PLL lock, etc.),  */
 132:Generated_Source\PSoC4/cyfitter_cfg.c ****     /* we will end up here to allow the customer to implement something to  */
 133:Generated_Source\PSoC4/cyfitter_cfg.c ****     /* deal with the clock condition.                                       */
 134:Generated_Source\PSoC4/cyfitter_cfg.c **** 
 135:Generated_Source\PSoC4/cyfitter_cfg.c **** #ifdef CY_CFG_CLOCK_STARTUP_ERROR_CALLBACK
 136:Generated_Source\PSoC4/cyfitter_cfg.c ****     CY_CFG_Clock_Startup_ErrorCallback();
 137:Generated_Source\PSoC4/cyfitter_cfg.c **** #else
 138:Generated_Source\PSoC4/cyfitter_cfg.c ****     /*  If not using CY_CFG_CLOCK_STARTUP_ERROR_CALLBACK, place your clock startup code here. */
 139:Generated_Source\PSoC4/cyfitter_cfg.c ****     /* `#START CyClockStartupError` */
 140:Generated_Source\PSoC4/cyfitter_cfg.c **** 
 141:Generated_Source\PSoC4/cyfitter_cfg.c **** 
 142:Generated_Source\PSoC4/cyfitter_cfg.c **** 
 143:Generated_Source\PSoC4/cyfitter_cfg.c ****     /* `#END` */
 144:Generated_Source\PSoC4/cyfitter_cfg.c **** 
 145:Generated_Source\PSoC4/cyfitter_cfg.c ****     while(1) {}
ARM GAS  C:\Users\biosh\AppData\Local\Temp\ccHMZHm1.s 			page 4


 146:Generated_Source\PSoC4/cyfitter_cfg.c **** #endif /* CY_CFG_CLOCK_STARTUP_ERROR_CALLBACK */
 147:Generated_Source\PSoC4/cyfitter_cfg.c **** }
 148:Generated_Source\PSoC4/cyfitter_cfg.c **** #endif
 149:Generated_Source\PSoC4/cyfitter_cfg.c **** 
 150:Generated_Source\PSoC4/cyfitter_cfg.c **** 
 151:Generated_Source\PSoC4/cyfitter_cfg.c **** 
 152:Generated_Source\PSoC4/cyfitter_cfg.c **** /*******************************************************************************
 153:Generated_Source\PSoC4/cyfitter_cfg.c **** * Function Name: ClockSetup
 154:Generated_Source\PSoC4/cyfitter_cfg.c **** ********************************************************************************
 155:Generated_Source\PSoC4/cyfitter_cfg.c **** *
 156:Generated_Source\PSoC4/cyfitter_cfg.c **** * Summary:
 157:Generated_Source\PSoC4/cyfitter_cfg.c **** *   Performs the initialization of all of the clocks in the device based on the
 158:Generated_Source\PSoC4/cyfitter_cfg.c **** *   settings in the Clock tab of the DWR.  This includes enabling the requested
 159:Generated_Source\PSoC4/cyfitter_cfg.c **** *   clocks and setting the necessary dividers to produce the desired frequency. 
 160:Generated_Source\PSoC4/cyfitter_cfg.c **** *
 161:Generated_Source\PSoC4/cyfitter_cfg.c **** * Parameters:
 162:Generated_Source\PSoC4/cyfitter_cfg.c **** *   void
 163:Generated_Source\PSoC4/cyfitter_cfg.c **** *
 164:Generated_Source\PSoC4/cyfitter_cfg.c **** * Return:
 165:Generated_Source\PSoC4/cyfitter_cfg.c **** *   void
 166:Generated_Source\PSoC4/cyfitter_cfg.c **** *
 167:Generated_Source\PSoC4/cyfitter_cfg.c **** *******************************************************************************/
 168:Generated_Source\PSoC4/cyfitter_cfg.c **** static void ClockSetup(void);
 169:Generated_Source\PSoC4/cyfitter_cfg.c **** CY_CFG_SECTION
 170:Generated_Source\PSoC4/cyfitter_cfg.c **** static void ClockSetup(void)
 171:Generated_Source\PSoC4/cyfitter_cfg.c **** {
 172:Generated_Source\PSoC4/cyfitter_cfg.c **** 
 173:Generated_Source\PSoC4/cyfitter_cfg.c **** 	/* Set Flash Cycles based on max possible frequency in case a glitch occurs during ClockSetup(). *
 174:Generated_Source\PSoC4/cyfitter_cfg.c **** 	CY_SET_REG32((void CYXDATA *)(CYREG_CPUSS_FLASH_CTL), (0x0012u));
 175:Generated_Source\PSoC4/cyfitter_cfg.c **** 	/* Setup and trim IMO based on desired frequency. */
 176:Generated_Source\PSoC4/cyfitter_cfg.c **** 	CySysClkWriteImoFreq(48u);
 177:Generated_Source\PSoC4/cyfitter_cfg.c **** 	/* CYDEV_CLK_ILO_CONFIG Starting address: CYDEV_CLK_ILO_CONFIG */
 178:Generated_Source\PSoC4/cyfitter_cfg.c **** 	CY_SET_REG32((void *)(CYREG_CLK_ILO_CONFIG), 0x80000006u);
 179:Generated_Source\PSoC4/cyfitter_cfg.c **** 
 180:Generated_Source\PSoC4/cyfitter_cfg.c **** 
 181:Generated_Source\PSoC4/cyfitter_cfg.c **** 	/* Setup phase aligned clocks */
 182:Generated_Source\PSoC4/cyfitter_cfg.c **** 	CY_SET_REG32((void *)CYREG_PERI_DIV_16_CTL0, 0x0001A000u);
 183:Generated_Source\PSoC4/cyfitter_cfg.c **** 	CY_SET_REG32((void *)CYREG_PERI_DIV_CMD, 0x8000FF40u);
 184:Generated_Source\PSoC4/cyfitter_cfg.c **** 
 185:Generated_Source\PSoC4/cyfitter_cfg.c **** 	/* CYDEV_CLK_IMO_CONFIG Starting address: CYDEV_CLK_IMO_CONFIG */
 186:Generated_Source\PSoC4/cyfitter_cfg.c **** 	CY_SET_REG32((void *)(CYREG_CLK_IMO_CONFIG), 0x80000000u);
 187:Generated_Source\PSoC4/cyfitter_cfg.c **** 
 188:Generated_Source\PSoC4/cyfitter_cfg.c **** 	/* CYDEV_CLK_SELECT Starting address: CYDEV_CLK_SELECT */
 189:Generated_Source\PSoC4/cyfitter_cfg.c **** 	CY_SET_REG32((void *)(CYREG_CLK_SELECT), 0x00040000u);
 190:Generated_Source\PSoC4/cyfitter_cfg.c **** 
 191:Generated_Source\PSoC4/cyfitter_cfg.c **** 	/* CYDEV_PERI_PCLK_CTL2 Starting address: CYDEV_PERI_PCLK_CTL2 */
 192:Generated_Source\PSoC4/cyfitter_cfg.c **** 	CY_SET_REG32((void *)(CYREG_PERI_PCLK_CTL2), 0x00000040u);
 193:Generated_Source\PSoC4/cyfitter_cfg.c **** 
 194:Generated_Source\PSoC4/cyfitter_cfg.c **** 	(void)CyIntSetVector(7u, &CySysWdtIsr);
 195:Generated_Source\PSoC4/cyfitter_cfg.c **** 	CyIntEnable(7u);
 196:Generated_Source\PSoC4/cyfitter_cfg.c **** 	CY_SET_REG32((void *)(CYREG_WDT_CONFIG), 0x00000000u);
 197:Generated_Source\PSoC4/cyfitter_cfg.c **** }
 198:Generated_Source\PSoC4/cyfitter_cfg.c **** 
 199:Generated_Source\PSoC4/cyfitter_cfg.c **** 
 200:Generated_Source\PSoC4/cyfitter_cfg.c **** /* Analog API Functions */
 201:Generated_Source\PSoC4/cyfitter_cfg.c **** 
 202:Generated_Source\PSoC4/cyfitter_cfg.c **** 
ARM GAS  C:\Users\biosh\AppData\Local\Temp\ccHMZHm1.s 			page 5


 203:Generated_Source\PSoC4/cyfitter_cfg.c **** /*******************************************************************************
 204:Generated_Source\PSoC4/cyfitter_cfg.c **** * Function Name: AnalogSetDefault
 205:Generated_Source\PSoC4/cyfitter_cfg.c **** ********************************************************************************
 206:Generated_Source\PSoC4/cyfitter_cfg.c **** *
 207:Generated_Source\PSoC4/cyfitter_cfg.c **** * Summary:
 208:Generated_Source\PSoC4/cyfitter_cfg.c **** *  Sets up the analog portions of the chip to default values based on chip
 209:Generated_Source\PSoC4/cyfitter_cfg.c **** *  configuration options from the project.
 210:Generated_Source\PSoC4/cyfitter_cfg.c **** *
 211:Generated_Source\PSoC4/cyfitter_cfg.c **** * Parameters:
 212:Generated_Source\PSoC4/cyfitter_cfg.c **** *  void
 213:Generated_Source\PSoC4/cyfitter_cfg.c **** *
 214:Generated_Source\PSoC4/cyfitter_cfg.c **** * Return:
 215:Generated_Source\PSoC4/cyfitter_cfg.c **** *  void
 216:Generated_Source\PSoC4/cyfitter_cfg.c **** *
 217:Generated_Source\PSoC4/cyfitter_cfg.c **** *******************************************************************************/
 218:Generated_Source\PSoC4/cyfitter_cfg.c **** static void AnalogSetDefault(void);
 219:Generated_Source\PSoC4/cyfitter_cfg.c **** static void AnalogSetDefault(void)
 220:Generated_Source\PSoC4/cyfitter_cfg.c **** {
  27              		.loc 1 220 0
  28              		.cfi_startproc
  29              		@ args = 0, pretend = 0, frame = 0
  30              		@ frame_needed = 0, uses_anonymous_args = 0
  31              		@ link register save eliminated.
 221:Generated_Source\PSoC4/cyfitter_cfg.c **** 	CY_SET_XTND_REG32((void CYFAR *)CYREG_CTBM0_DFT_CTRL, 0x00000003u);
  32              		.loc 1 221 0
  33 0000 0323     		movs	r3, #3
  34 0002 044A     		ldr	r2, .L2
  35 0004 1360     		str	r3, [r2]
 222:Generated_Source\PSoC4/cyfitter_cfg.c **** 	CY_SET_XTND_REG32((void CYFAR *)CYREG_CTBM1_DFT_CTRL, 0x00000003u);
  36              		.loc 1 222 0
  37 0006 044A     		ldr	r2, .L2+4
  38 0008 1360     		str	r3, [r2]
 223:Generated_Source\PSoC4/cyfitter_cfg.c **** 	CY_SET_XTND_REG32((void CYFAR *)CYREG_PASS_DSAB_DSAB_CTRL, 0x00000000u);
  39              		.loc 1 223 0
  40 000a 0022     		movs	r2, #0
  41 000c 034B     		ldr	r3, .L2+8
  42 000e 1A60     		str	r2, [r3]
 224:Generated_Source\PSoC4/cyfitter_cfg.c **** }
  43              		.loc 1 224 0
  44              		@ sp needed
  45 0010 7047     		bx	lr
  46              	.L3:
  47 0012 C046     		.align	2
  48              	.L2:
  49 0014 30003040 		.word	1076887600
  50 0018 30003140 		.word	1076953136
  51 001c 000E3F40 		.word	1077874176
  52              		.cfi_endproc
  53              	.LFE5:
  54              		.size	AnalogSetDefault, .-AnalogSetDefault
  55              		.section	.text.CYMEMZERO,"ax",%progbits
  56              		.align	2
  57              		.code	16
  58              		.thumb_func
  59              		.type	CYMEMZERO, %function
  60              	CYMEMZERO:
  61              	.LFB1:
ARM GAS  C:\Users\biosh\AppData\Local\Temp\ccHMZHm1.s 			page 6


  77:Generated_Source\PSoC4/cyfitter_cfg.c **** 	(void)memset(s, 0, n);
  62              		.loc 1 77 0
  63              		.cfi_startproc
  64              		@ args = 0, pretend = 0, frame = 0
  65              		@ frame_needed = 0, uses_anonymous_args = 0
  66              	.LVL0:
  67 0000 10B5     		push	{r4, lr}
  68              		.cfi_def_cfa_offset 8
  69              		.cfi_offset 4, -8
  70              		.cfi_offset 14, -4
  71 0002 0A00     		movs	r2, r1
  78:Generated_Source\PSoC4/cyfitter_cfg.c **** }
  72              		.loc 1 78 0
  73 0004 0021     		movs	r1, #0
  74              	.LVL1:
  75 0006 FFF7FEFF 		bl	memset
  76              	.LVL2:
  79:Generated_Source\PSoC4/cyfitter_cfg.c **** CY_CFG_UNUSED
  77              		.loc 1 79 0
  78              		@ sp needed
  79 000a 10BD     		pop	{r4, pc}
  80              		.cfi_endproc
  81              	.LFE1:
  82              		.size	CYMEMZERO, .-CYMEMZERO
  83              		.section	.psocinit,"ax",%progbits
  84              		.align	2
  85              		.code	16
  86              		.thumb_func
  87              		.type	ClockSetup, %function
  88              	ClockSetup:
  89              	.LFB4:
 171:Generated_Source\PSoC4/cyfitter_cfg.c **** 
  90              		.loc 1 171 0
  91              		.cfi_startproc
  92              		@ args = 0, pretend = 0, frame = 0
  93              		@ frame_needed = 0, uses_anonymous_args = 0
  94 0000 10B5     		push	{r4, lr}
  95              		.cfi_def_cfa_offset 8
  96              		.cfi_offset 4, -8
  97              		.cfi_offset 14, -4
 174:Generated_Source\PSoC4/cyfitter_cfg.c **** 	/* Setup and trim IMO based on desired frequency. */
  98              		.loc 1 174 0
  99 0002 1222     		movs	r2, #18
 100 0004 124B     		ldr	r3, .L6
 101 0006 1A60     		str	r2, [r3]
 176:Generated_Source\PSoC4/cyfitter_cfg.c **** 	/* CYDEV_CLK_ILO_CONFIG Starting address: CYDEV_CLK_ILO_CONFIG */
 102              		.loc 1 176 0
 103 0008 3020     		movs	r0, #48
 104 000a FFF7FEFF 		bl	CySysClkWriteImoFreq
 105              	.LVL3:
 178:Generated_Source\PSoC4/cyfitter_cfg.c **** 
 106              		.loc 1 178 0
 107 000e 114A     		ldr	r2, .L6+4
 108 0010 114B     		ldr	r3, .L6+8
 109 0012 1A60     		str	r2, [r3]
 182:Generated_Source\PSoC4/cyfitter_cfg.c **** 	CY_SET_REG32((void *)CYREG_PERI_DIV_CMD, 0x8000FF40u);
 110              		.loc 1 182 0
ARM GAS  C:\Users\biosh\AppData\Local\Temp\ccHMZHm1.s 			page 7


 111 0014 D022     		movs	r2, #208
 112 0016 5202     		lsls	r2, r2, #9
 113 0018 104B     		ldr	r3, .L6+12
 114 001a 1A60     		str	r2, [r3]
 183:Generated_Source\PSoC4/cyfitter_cfg.c **** 
 115              		.loc 1 183 0
 116 001c 104A     		ldr	r2, .L6+16
 117 001e 114B     		ldr	r3, .L6+20
 118 0020 1A60     		str	r2, [r3]
 186:Generated_Source\PSoC4/cyfitter_cfg.c **** 
 119              		.loc 1 186 0
 120 0022 8022     		movs	r2, #128
 121 0024 1206     		lsls	r2, r2, #24
 122 0026 104B     		ldr	r3, .L6+24
 123 0028 1A60     		str	r2, [r3]
 189:Generated_Source\PSoC4/cyfitter_cfg.c **** 
 124              		.loc 1 189 0
 125 002a 8022     		movs	r2, #128
 126 002c D202     		lsls	r2, r2, #11
 127 002e 0F4B     		ldr	r3, .L6+28
 128 0030 1A60     		str	r2, [r3]
 192:Generated_Source\PSoC4/cyfitter_cfg.c **** 
 129              		.loc 1 192 0
 130 0032 4022     		movs	r2, #64
 131 0034 0E4B     		ldr	r3, .L6+32
 132 0036 1A60     		str	r2, [r3]
 194:Generated_Source\PSoC4/cyfitter_cfg.c **** 	CyIntEnable(7u);
 133              		.loc 1 194 0
 134 0038 0E49     		ldr	r1, .L6+36
 135 003a 0720     		movs	r0, #7
 136 003c FFF7FEFF 		bl	CyIntSetVector
 137              	.LVL4:
 195:Generated_Source\PSoC4/cyfitter_cfg.c **** 	CY_SET_REG32((void *)(CYREG_WDT_CONFIG), 0x00000000u);
 138              		.loc 1 195 0
 139 0040 0720     		movs	r0, #7
 140 0042 FFF7FEFF 		bl	CyIntEnable
 141              	.LVL5:
 196:Generated_Source\PSoC4/cyfitter_cfg.c **** }
 142              		.loc 1 196 0
 143 0046 0022     		movs	r2, #0
 144 0048 0B4B     		ldr	r3, .L6+40
 145 004a 1A60     		str	r2, [r3]
 197:Generated_Source\PSoC4/cyfitter_cfg.c **** 
 146              		.loc 1 197 0
 147              		@ sp needed
 148 004c 10BD     		pop	{r4, pc}
 149              	.L7:
 150 004e C046     		.align	2
 151              	.L6:
 152 0050 30001040 		.word	1074790448
 153 0054 06000080 		.word	-2147483642
 154 0058 04010B40 		.word	1074462980
 155 005c 00030140 		.word	1073808128
 156 0060 40FF0080 		.word	-2147418304
 157 0064 00000140 		.word	1073807360
 158 0068 08010B40 		.word	1074462984
 159 006c 00010B40 		.word	1074462976
ARM GAS  C:\Users\biosh\AppData\Local\Temp\ccHMZHm1.s 			page 8


 160 0070 08010140 		.word	1073807624
 161 0074 00000000 		.word	CySysWdtIsr
 162 0078 0C020B40 		.word	1074463244
 163              		.cfi_endproc
 164              	.LFE4:
 165              		.size	ClockSetup, .-ClockSetup
 166              		.align	2
 167              		.global	cyfitter_cfg
 168              		.code	16
 169              		.thumb_func
 170              		.type	cyfitter_cfg, %function
 171              	cyfitter_cfg:
 172              	.LFB6:
 225:Generated_Source\PSoC4/cyfitter_cfg.c **** 
 226:Generated_Source\PSoC4/cyfitter_cfg.c **** 
 227:Generated_Source\PSoC4/cyfitter_cfg.c **** 
 228:Generated_Source\PSoC4/cyfitter_cfg.c **** 
 229:Generated_Source\PSoC4/cyfitter_cfg.c **** /*******************************************************************************
 230:Generated_Source\PSoC4/cyfitter_cfg.c **** * Function Name: cyfitter_cfg
 231:Generated_Source\PSoC4/cyfitter_cfg.c **** ********************************************************************************
 232:Generated_Source\PSoC4/cyfitter_cfg.c **** * Summary:
 233:Generated_Source\PSoC4/cyfitter_cfg.c **** *  This function is called by the start-up code for the selected device. It
 234:Generated_Source\PSoC4/cyfitter_cfg.c **** *  performs all of the necessary device configuration based on the design
 235:Generated_Source\PSoC4/cyfitter_cfg.c **** *  settings.  This includes settings from the Design Wide Resources (DWR) such
 236:Generated_Source\PSoC4/cyfitter_cfg.c **** *  as Clocks and Pins as well as any component configuration that is necessary.
 237:Generated_Source\PSoC4/cyfitter_cfg.c **** *
 238:Generated_Source\PSoC4/cyfitter_cfg.c **** * Parameters:
 239:Generated_Source\PSoC4/cyfitter_cfg.c **** *   void
 240:Generated_Source\PSoC4/cyfitter_cfg.c **** *
 241:Generated_Source\PSoC4/cyfitter_cfg.c **** * Return:
 242:Generated_Source\PSoC4/cyfitter_cfg.c **** *   void
 243:Generated_Source\PSoC4/cyfitter_cfg.c **** *
 244:Generated_Source\PSoC4/cyfitter_cfg.c **** *******************************************************************************/
 245:Generated_Source\PSoC4/cyfitter_cfg.c **** CY_CFG_SECTION
 246:Generated_Source\PSoC4/cyfitter_cfg.c **** void cyfitter_cfg(void)
 247:Generated_Source\PSoC4/cyfitter_cfg.c **** {
 173              		.loc 1 247 0
 174              		.cfi_startproc
 175              		@ args = 0, pretend = 0, frame = 0
 176              		@ frame_needed = 0, uses_anonymous_args = 0
 177 007c 10B5     		push	{r4, lr}
 178              		.cfi_def_cfa_offset 8
 179              		.cfi_offset 4, -8
 180              		.cfi_offset 14, -4
 248:Generated_Source\PSoC4/cyfitter_cfg.c **** 	/* Disable interrupts by default. Let user enable if/when they want. */
 249:Generated_Source\PSoC4/cyfitter_cfg.c **** 	CyGlobalIntDisable;
 181              		.loc 1 249 0
 182              		.syntax divided
 183              	@ 249 "Generated_Source\PSoC4\cyfitter_cfg.c" 1
 184 007e 72B6     		CPSID   i
 185              	@ 0 "" 2
 186              	.LVL6:
 187              		.thumb
 188              		.syntax unified
 189              	.LBB2:
 250:Generated_Source\PSoC4/cyfitter_cfg.c **** 
 251:Generated_Source\PSoC4/cyfitter_cfg.c **** 	{
ARM GAS  C:\Users\biosh\AppData\Local\Temp\ccHMZHm1.s 			page 9


 252:Generated_Source\PSoC4/cyfitter_cfg.c **** 
 253:Generated_Source\PSoC4/cyfitter_cfg.c **** 		CYPACKED typedef struct {
 254:Generated_Source\PSoC4/cyfitter_cfg.c **** 			void CYFAR *address;
 255:Generated_Source\PSoC4/cyfitter_cfg.c **** 			uint16 size;
 256:Generated_Source\PSoC4/cyfitter_cfg.c **** 		} CYPACKED_ATTR cfg_memset_t;
 257:Generated_Source\PSoC4/cyfitter_cfg.c **** 
 258:Generated_Source\PSoC4/cyfitter_cfg.c **** 		static const cfg_memset_t CYCODE cfg_memset_list[] = {
 259:Generated_Source\PSoC4/cyfitter_cfg.c **** 			/* address, size */
 260:Generated_Source\PSoC4/cyfitter_cfg.c **** 			{(void CYFAR *)(CYDEV_UDB_P0_U0_BASE), 1024u},
 261:Generated_Source\PSoC4/cyfitter_cfg.c **** 			{(void CYFAR *)(CYDEV_UDB_DSI0_BASE), 1024u},
 262:Generated_Source\PSoC4/cyfitter_cfg.c **** 		};
 263:Generated_Source\PSoC4/cyfitter_cfg.c **** 
 264:Generated_Source\PSoC4/cyfitter_cfg.c **** 		uint8 CYDATA i;
 265:Generated_Source\PSoC4/cyfitter_cfg.c **** 
 266:Generated_Source\PSoC4/cyfitter_cfg.c **** 		/* Zero out critical memory blocks before beginning configuration */
 267:Generated_Source\PSoC4/cyfitter_cfg.c **** 		for (i = 0u; i < (sizeof(cfg_memset_list)/sizeof(cfg_memset_list[0])); i++)
 190              		.loc 1 267 0
 191 0080 0024     		movs	r4, #0
 192 0082 0FE0     		b	.L9
 193              	.LVL7:
 194              	.L10:
 195              	.LBB3:
 268:Generated_Source\PSoC4/cyfitter_cfg.c **** 		{
 269:Generated_Source\PSoC4/cyfitter_cfg.c **** 			const cfg_memset_t CYCODE * CYDATA ms = &cfg_memset_list[i];
 270:Generated_Source\PSoC4/cyfitter_cfg.c **** 			CYMEMZERO(ms->address, (size_t)(uint32)(ms->size));
 196              		.loc 1 270 0 discriminator 3
 197 0084 2248     		ldr	r0, .L11
 198 0086 6200     		lsls	r2, r4, #1
 199 0088 1319     		adds	r3, r2, r4
 200 008a 5900     		lsls	r1, r3, #1
 201 008c 0B00     		movs	r3, r1
 202 008e 4118     		adds	r1, r0, r1
 203 0090 8988     		ldrh	r1, [r1, #4]
 204 0092 1A5A     		ldrh	r2, [r3, r0]
 205 0094 C318     		adds	r3, r0, r3
 206 0096 5888     		ldrh	r0, [r3, #2]
 207 0098 0004     		lsls	r0, r0, #16
 208 009a 1043     		orrs	r0, r2
 209 009c FFF7FEFF 		bl	CYMEMZERO
 210              	.LVL8:
 211              	.LBE3:
 267:Generated_Source\PSoC4/cyfitter_cfg.c **** 		{
 212              		.loc 1 267 0 discriminator 3
 213 00a0 0134     		adds	r4, r4, #1
 214              	.LVL9:
 215 00a2 E4B2     		uxtb	r4, r4
 216              	.LVL10:
 217              	.L9:
 267:Generated_Source\PSoC4/cyfitter_cfg.c **** 		{
 218              		.loc 1 267 0 is_stmt 0 discriminator 1
 219 00a4 012C     		cmp	r4, #1
 220 00a6 EDD9     		bls	.L10
 271:Generated_Source\PSoC4/cyfitter_cfg.c **** 		}
 272:Generated_Source\PSoC4/cyfitter_cfg.c **** 
 273:Generated_Source\PSoC4/cyfitter_cfg.c **** 		/* HSIOM Starting address: CYDEV_HSIOM_BASE */
 274:Generated_Source\PSoC4/cyfitter_cfg.c **** 		CY_SET_REG32((void *)(CYREG_HSIOM_PORT_SEL3), 0x0000EE00u);
 221              		.loc 1 274 0 is_stmt 1
ARM GAS  C:\Users\biosh\AppData\Local\Temp\ccHMZHm1.s 			page 10


 222 00a8 EE22     		movs	r2, #238
 223 00aa 1202     		lsls	r2, r2, #8
 224 00ac 194B     		ldr	r3, .L11+4
 225 00ae 1A60     		str	r2, [r3]
 275:Generated_Source\PSoC4/cyfitter_cfg.c **** 		CY_SET_REG32((void *)(CYREG_HSIOM_PORT_SEL4), 0x00000090u);
 226              		.loc 1 275 0
 227 00b0 9022     		movs	r2, #144
 228 00b2 194B     		ldr	r3, .L11+8
 229 00b4 1A60     		str	r2, [r3]
 276:Generated_Source\PSoC4/cyfitter_cfg.c **** 
 277:Generated_Source\PSoC4/cyfitter_cfg.c **** 		/* UDB_PA_1 Starting address: CYDEV_UDB_PA1_BASE */
 278:Generated_Source\PSoC4/cyfitter_cfg.c **** 		CY_SET_REG32((void *)(CYDEV_UDB_PA1_BASE), 0x00990000u);
 230              		.loc 1 278 0
 231 00b6 9923     		movs	r3, #153
 232 00b8 1B04     		lsls	r3, r3, #16
 233 00ba 184A     		ldr	r2, .L11+12
 234 00bc 1360     		str	r3, [r2]
 279:Generated_Source\PSoC4/cyfitter_cfg.c **** 
 280:Generated_Source\PSoC4/cyfitter_cfg.c **** 		/* UDB_PA_2 Starting address: CYDEV_UDB_PA2_BASE */
 281:Generated_Source\PSoC4/cyfitter_cfg.c **** 		CY_SET_REG32((void *)(CYDEV_UDB_PA2_BASE), 0x00990000u);
 235              		.loc 1 281 0
 236 00be 184A     		ldr	r2, .L11+16
 237 00c0 1360     		str	r3, [r2]
 282:Generated_Source\PSoC4/cyfitter_cfg.c **** 
 283:Generated_Source\PSoC4/cyfitter_cfg.c **** 		/* UDB_PA_3 Starting address: CYDEV_UDB_PA3_BASE */
 284:Generated_Source\PSoC4/cyfitter_cfg.c **** 		CY_SET_REG32((void *)(CYDEV_UDB_PA3_BASE), 0x00990000u);
 238              		.loc 1 284 0
 239 00c2 184A     		ldr	r2, .L11+20
 240 00c4 1360     		str	r3, [r2]
 285:Generated_Source\PSoC4/cyfitter_cfg.c **** 
 286:Generated_Source\PSoC4/cyfitter_cfg.c **** 		/* Enable digital routing */
 287:Generated_Source\PSoC4/cyfitter_cfg.c **** 		CY_SET_XTND_REG8((void *)CYREG_UDB_UDBIF_BANK_CTL, (uint8)(CY_GET_XTND_REG8((void *)CYREG_UDB_UDB
 241              		.loc 1 287 0
 242 00c6 184A     		ldr	r2, .L11+24
 243 00c8 1178     		ldrb	r1, [r2]
 244 00ca 0623     		movs	r3, #6
 245 00cc 0B43     		orrs	r3, r1
 246 00ce DBB2     		uxtb	r3, r3
 247 00d0 1370     		strb	r3, [r2]
 248              	.LBE2:
 288:Generated_Source\PSoC4/cyfitter_cfg.c **** 	}
 289:Generated_Source\PSoC4/cyfitter_cfg.c **** 
 290:Generated_Source\PSoC4/cyfitter_cfg.c **** 	/* Perform second pass device configuration. These items must be configured in specific order afte
 291:Generated_Source\PSoC4/cyfitter_cfg.c **** 	/* IOPINS0_1 Starting address: CYDEV_GPIO_PRT1_BASE */
 292:Generated_Source\PSoC4/cyfitter_cfg.c **** 	CY_SET_REG32((void *)(CYREG_GPIO_PRT1_PC), 0x00000DB6u);
 249              		.loc 1 292 0
 250 00d2 164A     		ldr	r2, .L11+28
 251 00d4 164B     		ldr	r3, .L11+32
 252 00d6 1A60     		str	r2, [r3]
 293:Generated_Source\PSoC4/cyfitter_cfg.c **** 
 294:Generated_Source\PSoC4/cyfitter_cfg.c **** 	/* IOPINS0_2 Starting address: CYDEV_GPIO_PRT2_BASE */
 295:Generated_Source\PSoC4/cyfitter_cfg.c **** 	CY_SET_REG32((void *)(CYDEV_GPIO_PRT2_BASE), 0x00000004u);
 253              		.loc 1 295 0
 254 00d8 0422     		movs	r2, #4
 255 00da 164B     		ldr	r3, .L11+36
 256 00dc 1A60     		str	r2, [r3]
 296:Generated_Source\PSoC4/cyfitter_cfg.c **** 	CY_SET_REG32((void *)(CYREG_GPIO_PRT2_PC), 0x00009280u);
ARM GAS  C:\Users\biosh\AppData\Local\Temp\ccHMZHm1.s 			page 11


 257              		.loc 1 296 0
 258 00de 164A     		ldr	r2, .L11+40
 259 00e0 164B     		ldr	r3, .L11+44
 260 00e2 1A60     		str	r2, [r3]
 297:Generated_Source\PSoC4/cyfitter_cfg.c **** 	CY_SET_REG32((void *)(CYREG_GPIO_PRT2_INTR_CFG), 0x00000AA0u);
 261              		.loc 1 297 0
 262 00e4 AA22     		movs	r2, #170
 263 00e6 1201     		lsls	r2, r2, #4
 264 00e8 154B     		ldr	r3, .L11+48
 265 00ea 1A60     		str	r2, [r3]
 298:Generated_Source\PSoC4/cyfitter_cfg.c **** 
 299:Generated_Source\PSoC4/cyfitter_cfg.c **** 	/* IOPINS0_3 Starting address: CYDEV_GPIO_PRT3_BASE */
 300:Generated_Source\PSoC4/cyfitter_cfg.c **** 	CY_SET_REG32((void *)(CYREG_GPIO_PRT3_PC), 0x00000D80u);
 266              		.loc 1 300 0
 267 00ec D822     		movs	r2, #216
 268 00ee 1201     		lsls	r2, r2, #4
 269 00f0 144B     		ldr	r3, .L11+52
 270 00f2 1A60     		str	r2, [r3]
 301:Generated_Source\PSoC4/cyfitter_cfg.c **** 
 302:Generated_Source\PSoC4/cyfitter_cfg.c **** 	/* IOPINS0_4 Starting address: CYDEV_GPIO_PRT4_BASE */
 303:Generated_Source\PSoC4/cyfitter_cfg.c **** 	CY_SET_REG32((void *)(CYDEV_GPIO_PRT4_BASE), 0x00000002u);
 271              		.loc 1 303 0
 272 00f4 0223     		movs	r3, #2
 273 00f6 144A     		ldr	r2, .L11+56
 274 00f8 1360     		str	r3, [r2]
 304:Generated_Source\PSoC4/cyfitter_cfg.c **** 	CY_SET_REG32((void *)(CYREG_GPIO_PRT4_PC), 0x00036C30u);
 275              		.loc 1 304 0
 276 00fa 1449     		ldr	r1, .L11+60
 277 00fc 144A     		ldr	r2, .L11+64
 278 00fe 1160     		str	r1, [r2]
 305:Generated_Source\PSoC4/cyfitter_cfg.c **** 	CY_SET_REG32((void *)(CYREG_GPIO_PRT4_PC2), 0x00000002u);
 279              		.loc 1 305 0
 280 0100 144A     		ldr	r2, .L11+68
 281 0102 1360     		str	r3, [r2]
 306:Generated_Source\PSoC4/cyfitter_cfg.c **** 
 307:Generated_Source\PSoC4/cyfitter_cfg.c **** 
 308:Generated_Source\PSoC4/cyfitter_cfg.c **** 	/* Setup clocks based on selections from Clock DWR */
 309:Generated_Source\PSoC4/cyfitter_cfg.c **** 	ClockSetup();
 282              		.loc 1 309 0
 283 0104 FFF77CFF 		bl	ClockSetup
 284              	.LVL11:
 310:Generated_Source\PSoC4/cyfitter_cfg.c **** 
 311:Generated_Source\PSoC4/cyfitter_cfg.c **** 	/* Perform basic analog initialization to defaults */
 312:Generated_Source\PSoC4/cyfitter_cfg.c **** 	AnalogSetDefault();
 285              		.loc 1 312 0
 286 0108 FFF7FEFF 		bl	AnalogSetDefault
 287              	.LVL12:
 313:Generated_Source\PSoC4/cyfitter_cfg.c **** 
 314:Generated_Source\PSoC4/cyfitter_cfg.c **** }
 288              		.loc 1 314 0
 289              		@ sp needed
 290              	.LVL13:
 291 010c 10BD     		pop	{r4, pc}
 292              	.L12:
 293 010e C046     		.align	2
 294              	.L11:
 295 0110 00000000 		.word	.LANCHOR0
ARM GAS  C:\Users\biosh\AppData\Local\Temp\ccHMZHm1.s 			page 12


 296 0114 00030240 		.word	1073873664
 297 0118 00040240 		.word	1073873920
 298 011c 10500F40 		.word	1074745360
 299 0120 20500F40 		.word	1074745376
 300 0124 30500F40 		.word	1074745392
 301 0128 00700F40 		.word	1074753536
 302 012c B60D0000 		.word	3510
 303 0130 08010440 		.word	1074004232
 304 0134 00020440 		.word	1074004480
 305 0138 80920000 		.word	37504
 306 013c 08020440 		.word	1074004488
 307 0140 0C020440 		.word	1074004492
 308 0144 08030440 		.word	1074004744
 309 0148 00040440 		.word	1074004992
 310 014c 306C0300 		.word	224304
 311 0150 08040440 		.word	1074005000
 312 0154 18040440 		.word	1074005016
 313              		.cfi_endproc
 314              	.LFE6:
 315              		.size	cyfitter_cfg, .-cyfitter_cfg
 316              		.section	.rodata
 317              		.align	2
 318              		.set	.LANCHOR0,. + 0
 319              		.type	cfg_memset_list.4888, %object
 320              		.size	cfg_memset_list.4888, 12
 321              	cfg_memset_list.4888:
 322 0000 00300F40 		.word	1074737152
 323 0004 0004     		.short	1024
 324 0006 00400F40 		.4byte	1074741248
 325 000a 0004     		.short	1024
 326              		.text
 327              	.Letext0:
 328              		.file 2 "c:\\program files (x86)\\cypress\\psoc creator\\4.3\\psoc creator\\import\\gnu\\arm\\5.4.
 329              		.file 3 "Generated_Source\\PSoC4\\cytypes.h"
 330              		.file 4 "Generated_Source\\PSoC4\\CyLib.h"
 331              		.section	.debug_info,"",%progbits
 332              	.Ldebug_info0:
 333 0000 91020000 		.4byte	0x291
 334 0004 0400     		.2byte	0x4
 335 0006 00000000 		.4byte	.Ldebug_abbrev0
 336 000a 04       		.byte	0x4
 337 000b 01       		.uleb128 0x1
 338 000c FC000000 		.4byte	.LASF29
 339 0010 0C       		.byte	0xc
 340 0011 F3010000 		.4byte	.LASF30
 341 0015 19020000 		.4byte	.LASF31
 342 0019 00000000 		.4byte	.Ldebug_ranges0+0
 343 001d 00000000 		.4byte	0
 344 0021 00000000 		.4byte	.Ldebug_line0
 345 0025 02       		.uleb128 0x2
 346 0026 04       		.byte	0x4
 347 0027 05       		.byte	0x5
 348 0028 696E7400 		.ascii	"int\000"
 349 002c 03       		.uleb128 0x3
 350 002d 06000000 		.4byte	.LASF12
 351 0031 02       		.byte	0x2
 352 0032 D8       		.byte	0xd8
ARM GAS  C:\Users\biosh\AppData\Local\Temp\ccHMZHm1.s 			page 13


 353 0033 37000000 		.4byte	0x37
 354 0037 04       		.uleb128 0x4
 355 0038 04       		.byte	0x4
 356 0039 07       		.byte	0x7
 357 003a C3000000 		.4byte	.LASF0
 358 003e 04       		.uleb128 0x4
 359 003f 08       		.byte	0x8
 360 0040 05       		.byte	0x5
 361 0041 A0010000 		.4byte	.LASF1
 362 0045 04       		.uleb128 0x4
 363 0046 08       		.byte	0x8
 364 0047 04       		.byte	0x4
 365 0048 DB010000 		.4byte	.LASF2
 366 004c 04       		.uleb128 0x4
 367 004d 01       		.byte	0x1
 368 004e 06       		.byte	0x6
 369 004f E7010000 		.4byte	.LASF3
 370 0053 04       		.uleb128 0x4
 371 0054 01       		.byte	0x1
 372 0055 08       		.byte	0x8
 373 0056 8D000000 		.4byte	.LASF4
 374 005a 04       		.uleb128 0x4
 375 005b 02       		.byte	0x2
 376 005c 05       		.byte	0x5
 377 005d B3010000 		.4byte	.LASF5
 378 0061 04       		.uleb128 0x4
 379 0062 02       		.byte	0x2
 380 0063 07       		.byte	0x7
 381 0064 48000000 		.4byte	.LASF6
 382 0068 04       		.uleb128 0x4
 383 0069 04       		.byte	0x4
 384 006a 05       		.byte	0x5
 385 006b D2010000 		.4byte	.LASF7
 386 006f 04       		.uleb128 0x4
 387 0070 04       		.byte	0x4
 388 0071 07       		.byte	0x7
 389 0072 6B000000 		.4byte	.LASF8
 390 0076 04       		.uleb128 0x4
 391 0077 08       		.byte	0x8
 392 0078 07       		.byte	0x7
 393 0079 E5000000 		.4byte	.LASF9
 394 007d 04       		.uleb128 0x4
 395 007e 04       		.byte	0x4
 396 007f 07       		.byte	0x7
 397 0080 97010000 		.4byte	.LASF10
 398 0084 05       		.uleb128 0x5
 399 0085 04       		.byte	0x4
 400 0086 04       		.uleb128 0x4
 401 0087 01       		.byte	0x1
 402 0088 08       		.byte	0x8
 403 0089 AE010000 		.4byte	.LASF11
 404 008d 06       		.uleb128 0x6
 405 008e 7D000000 		.4byte	.LASF13
 406 0092 03       		.byte	0x3
 407 0093 F701     		.2byte	0x1f7
 408 0095 53000000 		.4byte	0x53
 409 0099 06       		.uleb128 0x6
ARM GAS  C:\Users\biosh\AppData\Local\Temp\ccHMZHm1.s 			page 14


 410 009a B5000000 		.4byte	.LASF14
 411 009e 03       		.byte	0x3
 412 009f F801     		.2byte	0x1f8
 413 00a1 61000000 		.4byte	0x61
 414 00a5 06       		.uleb128 0x6
 415 00a6 BC000000 		.4byte	.LASF15
 416 00aa 03       		.byte	0x3
 417 00ab F901     		.2byte	0x1f9
 418 00ad 6F000000 		.4byte	0x6f
 419 00b1 04       		.uleb128 0x4
 420 00b2 04       		.byte	0x4
 421 00b3 04       		.byte	0x4
 422 00b4 5B000000 		.4byte	.LASF16
 423 00b8 04       		.uleb128 0x4
 424 00b9 08       		.byte	0x8
 425 00ba 04       		.byte	0x4
 426 00bb A2000000 		.4byte	.LASF17
 427 00bf 06       		.uleb128 0x6
 428 00c0 66000000 		.4byte	.LASF18
 429 00c4 03       		.byte	0x3
 430 00c5 A102     		.2byte	0x2a1
 431 00c7 CB000000 		.4byte	0xcb
 432 00cb 07       		.uleb128 0x7
 433 00cc 8D000000 		.4byte	0x8d
 434 00d0 06       		.uleb128 0x6
 435 00d1 00000000 		.4byte	.LASF19
 436 00d5 03       		.byte	0x3
 437 00d6 A302     		.2byte	0x2a3
 438 00d8 DC000000 		.4byte	0xdc
 439 00dc 07       		.uleb128 0x7
 440 00dd A5000000 		.4byte	0xa5
 441 00e1 08       		.uleb128 0x8
 442 00e2 0D000000 		.4byte	.LASF32
 443 00e6 01       		.byte	0x1
 444 00e7 DB       		.byte	0xdb
 445 00e8 00000000 		.4byte	.LFB5
 446 00ec 20000000 		.4byte	.LFE5-.LFB5
 447 00f0 01       		.uleb128 0x1
 448 00f1 9C       		.byte	0x9c
 449 00f2 09       		.uleb128 0x9
 450 00f3 83000000 		.4byte	.LASF20
 451 00f7 01       		.byte	0x1
 452 00f8 4C       		.byte	0x4c
 453 00f9 00000000 		.4byte	.LFB1
 454 00fd 0C000000 		.4byte	.LFE1-.LFB1
 455 0101 01       		.uleb128 0x1
 456 0102 9C       		.byte	0x9c
 457 0103 3F010000 		.4byte	0x13f
 458 0107 0A       		.uleb128 0xa
 459 0108 7300     		.ascii	"s\000"
 460 010a 01       		.byte	0x1
 461 010b 4C       		.byte	0x4c
 462 010c 84000000 		.4byte	0x84
 463 0110 00000000 		.4byte	.LLST0
 464 0114 0A       		.uleb128 0xa
 465 0115 6E00     		.ascii	"n\000"
 466 0117 01       		.byte	0x1
ARM GAS  C:\Users\biosh\AppData\Local\Temp\ccHMZHm1.s 			page 15


 467 0118 4C       		.byte	0x4c
 468 0119 2C000000 		.4byte	0x2c
 469 011d 21000000 		.4byte	.LLST1
 470 0121 0B       		.uleb128 0xb
 471 0122 0A000000 		.4byte	.LVL2
 472 0126 6A020000 		.4byte	0x26a
 473 012a 0C       		.uleb128 0xc
 474 012b 01       		.uleb128 0x1
 475 012c 50       		.byte	0x50
 476 012d 03       		.uleb128 0x3
 477 012e F3       		.byte	0xf3
 478 012f 01       		.uleb128 0x1
 479 0130 50       		.byte	0x50
 480 0131 0C       		.uleb128 0xc
 481 0132 01       		.uleb128 0x1
 482 0133 51       		.byte	0x51
 483 0134 01       		.uleb128 0x1
 484 0135 30       		.byte	0x30
 485 0136 0C       		.uleb128 0xc
 486 0137 01       		.uleb128 0x1
 487 0138 52       		.byte	0x52
 488 0139 03       		.uleb128 0x3
 489 013a F3       		.byte	0xf3
 490 013b 01       		.uleb128 0x1
 491 013c 51       		.byte	0x51
 492 013d 00       		.byte	0
 493 013e 00       		.byte	0
 494 013f 09       		.uleb128 0x9
 495 0140 3D000000 		.4byte	.LASF21
 496 0144 01       		.byte	0x1
 497 0145 AA       		.byte	0xaa
 498 0146 00000000 		.4byte	.LFB4
 499 014a 7C000000 		.4byte	.LFE4-.LFB4
 500 014e 01       		.uleb128 0x1
 501 014f 9C       		.byte	0x9c
 502 0150 8B010000 		.4byte	0x18b
 503 0154 0D       		.uleb128 0xd
 504 0155 0E000000 		.4byte	.LVL3
 505 0159 73020000 		.4byte	0x273
 506 015d 68010000 		.4byte	0x168
 507 0161 0C       		.uleb128 0xc
 508 0162 01       		.uleb128 0x1
 509 0163 50       		.byte	0x50
 510 0164 02       		.uleb128 0x2
 511 0165 08       		.byte	0x8
 512 0166 30       		.byte	0x30
 513 0167 00       		.byte	0
 514 0168 0D       		.uleb128 0xd
 515 0169 40000000 		.4byte	.LVL4
 516 016d 7E020000 		.4byte	0x27e
 517 0171 7B010000 		.4byte	0x17b
 518 0175 0C       		.uleb128 0xc
 519 0176 01       		.uleb128 0x1
 520 0177 50       		.byte	0x50
 521 0178 01       		.uleb128 0x1
 522 0179 37       		.byte	0x37
 523 017a 00       		.byte	0
ARM GAS  C:\Users\biosh\AppData\Local\Temp\ccHMZHm1.s 			page 16


 524 017b 0B       		.uleb128 0xb
 525 017c 46000000 		.4byte	.LVL5
 526 0180 89020000 		.4byte	0x289
 527 0184 0C       		.uleb128 0xc
 528 0185 01       		.uleb128 0x1
 529 0186 50       		.byte	0x50
 530 0187 01       		.uleb128 0x1
 531 0188 37       		.byte	0x37
 532 0189 00       		.byte	0
 533 018a 00       		.byte	0
 534 018b 0E       		.uleb128 0xe
 535 018c D0000000 		.4byte	.LASF33
 536 0190 01       		.byte	0x1
 537 0191 F6       		.byte	0xf6
 538 0192 7C000000 		.4byte	.LFB6
 539 0196 DC000000 		.4byte	.LFE6-.LFB6
 540 019a 01       		.uleb128 0x1
 541 019b 9C       		.byte	0x9c
 542 019c 6A020000 		.4byte	0x26a
 543 01a0 0F       		.uleb128 0xf
 544 01a1 80000000 		.4byte	.LBB2
 545 01a5 52000000 		.4byte	.LBE2-.LBB2
 546 01a9 57020000 		.4byte	0x257
 547 01ad 10       		.uleb128 0x10
 548 01ae 06       		.byte	0x6
 549 01af 01       		.byte	0x1
 550 01b0 FD       		.byte	0xfd
 551 01b1 CE010000 		.4byte	0x1ce
 552 01b5 11       		.uleb128 0x11
 553 01b6 DD000000 		.4byte	.LASF22
 554 01ba 01       		.byte	0x1
 555 01bb FE       		.byte	0xfe
 556 01bc 84000000 		.4byte	0x84
 557 01c0 00       		.byte	0
 558 01c1 11       		.uleb128 0x11
 559 01c2 61000000 		.4byte	.LASF23
 560 01c6 01       		.byte	0x1
 561 01c7 FF       		.byte	0xff
 562 01c8 99000000 		.4byte	0x99
 563 01cc 04       		.byte	0x4
 564 01cd 00       		.byte	0
 565 01ce 06       		.uleb128 0x6
 566 01cf 8A010000 		.4byte	.LASF24
 567 01d3 01       		.byte	0x1
 568 01d4 0001     		.2byte	0x100
 569 01d6 AD010000 		.4byte	0x1ad
 570 01da 12       		.uleb128 0x12
 571 01db EA010000 		.4byte	0x1ea
 572 01df EA010000 		.4byte	0x1ea
 573 01e3 13       		.uleb128 0x13
 574 01e4 7D000000 		.4byte	0x7d
 575 01e8 01       		.byte	0x1
 576 01e9 00       		.byte	0
 577 01ea 14       		.uleb128 0x14
 578 01eb CE010000 		.4byte	0x1ce
 579 01ef 15       		.uleb128 0x15
 580 01f0 2D000000 		.4byte	.LASF25
ARM GAS  C:\Users\biosh\AppData\Local\Temp\ccHMZHm1.s 			page 17


 581 01f4 01       		.byte	0x1
 582 01f5 0201     		.2byte	0x102
 583 01f7 01020000 		.4byte	0x201
 584 01fb 05       		.uleb128 0x5
 585 01fc 03       		.byte	0x3
 586 01fd 00000000 		.4byte	cfg_memset_list.4888
 587 0201 14       		.uleb128 0x14
 588 0202 DA010000 		.4byte	0x1da
 589 0206 16       		.uleb128 0x16
 590 0207 6900     		.ascii	"i\000"
 591 0209 01       		.byte	0x1
 592 020a 0801     		.2byte	0x108
 593 020c 8D000000 		.4byte	0x8d
 594 0210 4D000000 		.4byte	.LLST2
 595 0214 17       		.uleb128 0x17
 596 0215 84000000 		.4byte	.LBB3
 597 0219 1C000000 		.4byte	.LBE3-.LBB3
 598 021d 16       		.uleb128 0x16
 599 021e 6D7300   		.ascii	"ms\000"
 600 0221 01       		.byte	0x1
 601 0222 0D01     		.2byte	0x10d
 602 0224 2C020000 		.4byte	0x22c
 603 0228 77000000 		.4byte	.LLST3
 604 022c 18       		.uleb128 0x18
 605 022d 04       		.byte	0x4
 606 022e EA010000 		.4byte	0x1ea
 607 0232 0B       		.uleb128 0xb
 608 0233 A0000000 		.4byte	.LVL8
 609 0237 F2000000 		.4byte	0xf2
 610 023b 0C       		.uleb128 0xc
 611 023c 01       		.uleb128 0x1
 612 023d 51       		.byte	0x51
 613 023e 15       		.uleb128 0x15
 614 023f 74       		.byte	0x74
 615 0240 00       		.sleb128 0
 616 0241 31       		.byte	0x31
 617 0242 24       		.byte	0x24
 618 0243 74       		.byte	0x74
 619 0244 00       		.sleb128 0
 620 0245 22       		.byte	0x22
 621 0246 31       		.byte	0x31
 622 0247 24       		.byte	0x24
 623 0248 03       		.byte	0x3
 624 0249 04000000 		.4byte	.LANCHOR0+4
 625 024d 22       		.byte	0x22
 626 024e 94       		.byte	0x94
 627 024f 02       		.byte	0x2
 628 0250 0A       		.byte	0xa
 629 0251 FFFF     		.2byte	0xffff
 630 0253 1A       		.byte	0x1a
 631 0254 00       		.byte	0
 632 0255 00       		.byte	0
 633 0256 00       		.byte	0
 634 0257 19       		.uleb128 0x19
 635 0258 08010000 		.4byte	.LVL11
 636 025c 3F010000 		.4byte	0x13f
 637 0260 19       		.uleb128 0x19
ARM GAS  C:\Users\biosh\AppData\Local\Temp\ccHMZHm1.s 			page 18


 638 0261 0C010000 		.4byte	.LVL12
 639 0265 E1000000 		.4byte	0xe1
 640 0269 00       		.byte	0
 641 026a 1A       		.uleb128 0x1a
 642 026b 9B000000 		.4byte	.LASF34
 643 026f 9B000000 		.4byte	.LASF34
 644 0273 1B       		.uleb128 0x1b
 645 0274 BD010000 		.4byte	.LASF26
 646 0278 BD010000 		.4byte	.LASF26
 647 027c 04       		.byte	0x4
 648 027d 6C       		.byte	0x6c
 649 027e 1B       		.uleb128 0x1b
 650 027f 1E000000 		.4byte	.LASF27
 651 0283 1E000000 		.4byte	.LASF27
 652 0287 04       		.byte	0x4
 653 0288 D0       		.byte	0xd0
 654 0289 1B       		.uleb128 0x1b
 655 028a A9000000 		.4byte	.LASF28
 656 028e A9000000 		.4byte	.LASF28
 657 0292 04       		.byte	0x4
 658 0293 D6       		.byte	0xd6
 659 0294 00       		.byte	0
 660              		.section	.debug_abbrev,"",%progbits
 661              	.Ldebug_abbrev0:
 662 0000 01       		.uleb128 0x1
 663 0001 11       		.uleb128 0x11
 664 0002 01       		.byte	0x1
 665 0003 25       		.uleb128 0x25
 666 0004 0E       		.uleb128 0xe
 667 0005 13       		.uleb128 0x13
 668 0006 0B       		.uleb128 0xb
 669 0007 03       		.uleb128 0x3
 670 0008 0E       		.uleb128 0xe
 671 0009 1B       		.uleb128 0x1b
 672 000a 0E       		.uleb128 0xe
 673 000b 55       		.uleb128 0x55
 674 000c 17       		.uleb128 0x17
 675 000d 11       		.uleb128 0x11
 676 000e 01       		.uleb128 0x1
 677 000f 10       		.uleb128 0x10
 678 0010 17       		.uleb128 0x17
 679 0011 00       		.byte	0
 680 0012 00       		.byte	0
 681 0013 02       		.uleb128 0x2
 682 0014 24       		.uleb128 0x24
 683 0015 00       		.byte	0
 684 0016 0B       		.uleb128 0xb
 685 0017 0B       		.uleb128 0xb
 686 0018 3E       		.uleb128 0x3e
 687 0019 0B       		.uleb128 0xb
 688 001a 03       		.uleb128 0x3
 689 001b 08       		.uleb128 0x8
 690 001c 00       		.byte	0
 691 001d 00       		.byte	0
 692 001e 03       		.uleb128 0x3
 693 001f 16       		.uleb128 0x16
 694 0020 00       		.byte	0
ARM GAS  C:\Users\biosh\AppData\Local\Temp\ccHMZHm1.s 			page 19


 695 0021 03       		.uleb128 0x3
 696 0022 0E       		.uleb128 0xe
 697 0023 3A       		.uleb128 0x3a
 698 0024 0B       		.uleb128 0xb
 699 0025 3B       		.uleb128 0x3b
 700 0026 0B       		.uleb128 0xb
 701 0027 49       		.uleb128 0x49
 702 0028 13       		.uleb128 0x13
 703 0029 00       		.byte	0
 704 002a 00       		.byte	0
 705 002b 04       		.uleb128 0x4
 706 002c 24       		.uleb128 0x24
 707 002d 00       		.byte	0
 708 002e 0B       		.uleb128 0xb
 709 002f 0B       		.uleb128 0xb
 710 0030 3E       		.uleb128 0x3e
 711 0031 0B       		.uleb128 0xb
 712 0032 03       		.uleb128 0x3
 713 0033 0E       		.uleb128 0xe
 714 0034 00       		.byte	0
 715 0035 00       		.byte	0
 716 0036 05       		.uleb128 0x5
 717 0037 0F       		.uleb128 0xf
 718 0038 00       		.byte	0
 719 0039 0B       		.uleb128 0xb
 720 003a 0B       		.uleb128 0xb
 721 003b 00       		.byte	0
 722 003c 00       		.byte	0
 723 003d 06       		.uleb128 0x6
 724 003e 16       		.uleb128 0x16
 725 003f 00       		.byte	0
 726 0040 03       		.uleb128 0x3
 727 0041 0E       		.uleb128 0xe
 728 0042 3A       		.uleb128 0x3a
 729 0043 0B       		.uleb128 0xb
 730 0044 3B       		.uleb128 0x3b
 731 0045 05       		.uleb128 0x5
 732 0046 49       		.uleb128 0x49
 733 0047 13       		.uleb128 0x13
 734 0048 00       		.byte	0
 735 0049 00       		.byte	0
 736 004a 07       		.uleb128 0x7
 737 004b 35       		.uleb128 0x35
 738 004c 00       		.byte	0
 739 004d 49       		.uleb128 0x49
 740 004e 13       		.uleb128 0x13
 741 004f 00       		.byte	0
 742 0050 00       		.byte	0
 743 0051 08       		.uleb128 0x8
 744 0052 2E       		.uleb128 0x2e
 745 0053 00       		.byte	0
 746 0054 03       		.uleb128 0x3
 747 0055 0E       		.uleb128 0xe
 748 0056 3A       		.uleb128 0x3a
 749 0057 0B       		.uleb128 0xb
 750 0058 3B       		.uleb128 0x3b
 751 0059 0B       		.uleb128 0xb
ARM GAS  C:\Users\biosh\AppData\Local\Temp\ccHMZHm1.s 			page 20


 752 005a 27       		.uleb128 0x27
 753 005b 19       		.uleb128 0x19
 754 005c 11       		.uleb128 0x11
 755 005d 01       		.uleb128 0x1
 756 005e 12       		.uleb128 0x12
 757 005f 06       		.uleb128 0x6
 758 0060 40       		.uleb128 0x40
 759 0061 18       		.uleb128 0x18
 760 0062 9742     		.uleb128 0x2117
 761 0064 19       		.uleb128 0x19
 762 0065 00       		.byte	0
 763 0066 00       		.byte	0
 764 0067 09       		.uleb128 0x9
 765 0068 2E       		.uleb128 0x2e
 766 0069 01       		.byte	0x1
 767 006a 03       		.uleb128 0x3
 768 006b 0E       		.uleb128 0xe
 769 006c 3A       		.uleb128 0x3a
 770 006d 0B       		.uleb128 0xb
 771 006e 3B       		.uleb128 0x3b
 772 006f 0B       		.uleb128 0xb
 773 0070 27       		.uleb128 0x27
 774 0071 19       		.uleb128 0x19
 775 0072 11       		.uleb128 0x11
 776 0073 01       		.uleb128 0x1
 777 0074 12       		.uleb128 0x12
 778 0075 06       		.uleb128 0x6
 779 0076 40       		.uleb128 0x40
 780 0077 18       		.uleb128 0x18
 781 0078 9742     		.uleb128 0x2117
 782 007a 19       		.uleb128 0x19
 783 007b 01       		.uleb128 0x1
 784 007c 13       		.uleb128 0x13
 785 007d 00       		.byte	0
 786 007e 00       		.byte	0
 787 007f 0A       		.uleb128 0xa
 788 0080 05       		.uleb128 0x5
 789 0081 00       		.byte	0
 790 0082 03       		.uleb128 0x3
 791 0083 08       		.uleb128 0x8
 792 0084 3A       		.uleb128 0x3a
 793 0085 0B       		.uleb128 0xb
 794 0086 3B       		.uleb128 0x3b
 795 0087 0B       		.uleb128 0xb
 796 0088 49       		.uleb128 0x49
 797 0089 13       		.uleb128 0x13
 798 008a 02       		.uleb128 0x2
 799 008b 17       		.uleb128 0x17
 800 008c 00       		.byte	0
 801 008d 00       		.byte	0
 802 008e 0B       		.uleb128 0xb
 803 008f 898201   		.uleb128 0x4109
 804 0092 01       		.byte	0x1
 805 0093 11       		.uleb128 0x11
 806 0094 01       		.uleb128 0x1
 807 0095 31       		.uleb128 0x31
 808 0096 13       		.uleb128 0x13
ARM GAS  C:\Users\biosh\AppData\Local\Temp\ccHMZHm1.s 			page 21


 809 0097 00       		.byte	0
 810 0098 00       		.byte	0
 811 0099 0C       		.uleb128 0xc
 812 009a 8A8201   		.uleb128 0x410a
 813 009d 00       		.byte	0
 814 009e 02       		.uleb128 0x2
 815 009f 18       		.uleb128 0x18
 816 00a0 9142     		.uleb128 0x2111
 817 00a2 18       		.uleb128 0x18
 818 00a3 00       		.byte	0
 819 00a4 00       		.byte	0
 820 00a5 0D       		.uleb128 0xd
 821 00a6 898201   		.uleb128 0x4109
 822 00a9 01       		.byte	0x1
 823 00aa 11       		.uleb128 0x11
 824 00ab 01       		.uleb128 0x1
 825 00ac 31       		.uleb128 0x31
 826 00ad 13       		.uleb128 0x13
 827 00ae 01       		.uleb128 0x1
 828 00af 13       		.uleb128 0x13
 829 00b0 00       		.byte	0
 830 00b1 00       		.byte	0
 831 00b2 0E       		.uleb128 0xe
 832 00b3 2E       		.uleb128 0x2e
 833 00b4 01       		.byte	0x1
 834 00b5 3F       		.uleb128 0x3f
 835 00b6 19       		.uleb128 0x19
 836 00b7 03       		.uleb128 0x3
 837 00b8 0E       		.uleb128 0xe
 838 00b9 3A       		.uleb128 0x3a
 839 00ba 0B       		.uleb128 0xb
 840 00bb 3B       		.uleb128 0x3b
 841 00bc 0B       		.uleb128 0xb
 842 00bd 27       		.uleb128 0x27
 843 00be 19       		.uleb128 0x19
 844 00bf 11       		.uleb128 0x11
 845 00c0 01       		.uleb128 0x1
 846 00c1 12       		.uleb128 0x12
 847 00c2 06       		.uleb128 0x6
 848 00c3 40       		.uleb128 0x40
 849 00c4 18       		.uleb128 0x18
 850 00c5 9742     		.uleb128 0x2117
 851 00c7 19       		.uleb128 0x19
 852 00c8 01       		.uleb128 0x1
 853 00c9 13       		.uleb128 0x13
 854 00ca 00       		.byte	0
 855 00cb 00       		.byte	0
 856 00cc 0F       		.uleb128 0xf
 857 00cd 0B       		.uleb128 0xb
 858 00ce 01       		.byte	0x1
 859 00cf 11       		.uleb128 0x11
 860 00d0 01       		.uleb128 0x1
 861 00d1 12       		.uleb128 0x12
 862 00d2 06       		.uleb128 0x6
 863 00d3 01       		.uleb128 0x1
 864 00d4 13       		.uleb128 0x13
 865 00d5 00       		.byte	0
ARM GAS  C:\Users\biosh\AppData\Local\Temp\ccHMZHm1.s 			page 22


 866 00d6 00       		.byte	0
 867 00d7 10       		.uleb128 0x10
 868 00d8 13       		.uleb128 0x13
 869 00d9 01       		.byte	0x1
 870 00da 0B       		.uleb128 0xb
 871 00db 0B       		.uleb128 0xb
 872 00dc 3A       		.uleb128 0x3a
 873 00dd 0B       		.uleb128 0xb
 874 00de 3B       		.uleb128 0x3b
 875 00df 0B       		.uleb128 0xb
 876 00e0 01       		.uleb128 0x1
 877 00e1 13       		.uleb128 0x13
 878 00e2 00       		.byte	0
 879 00e3 00       		.byte	0
 880 00e4 11       		.uleb128 0x11
 881 00e5 0D       		.uleb128 0xd
 882 00e6 00       		.byte	0
 883 00e7 03       		.uleb128 0x3
 884 00e8 0E       		.uleb128 0xe
 885 00e9 3A       		.uleb128 0x3a
 886 00ea 0B       		.uleb128 0xb
 887 00eb 3B       		.uleb128 0x3b
 888 00ec 0B       		.uleb128 0xb
 889 00ed 49       		.uleb128 0x49
 890 00ee 13       		.uleb128 0x13
 891 00ef 38       		.uleb128 0x38
 892 00f0 0B       		.uleb128 0xb
 893 00f1 00       		.byte	0
 894 00f2 00       		.byte	0
 895 00f3 12       		.uleb128 0x12
 896 00f4 01       		.uleb128 0x1
 897 00f5 01       		.byte	0x1
 898 00f6 49       		.uleb128 0x49
 899 00f7 13       		.uleb128 0x13
 900 00f8 01       		.uleb128 0x1
 901 00f9 13       		.uleb128 0x13
 902 00fa 00       		.byte	0
 903 00fb 00       		.byte	0
 904 00fc 13       		.uleb128 0x13
 905 00fd 21       		.uleb128 0x21
 906 00fe 00       		.byte	0
 907 00ff 49       		.uleb128 0x49
 908 0100 13       		.uleb128 0x13
 909 0101 2F       		.uleb128 0x2f
 910 0102 0B       		.uleb128 0xb
 911 0103 00       		.byte	0
 912 0104 00       		.byte	0
 913 0105 14       		.uleb128 0x14
 914 0106 26       		.uleb128 0x26
 915 0107 00       		.byte	0
 916 0108 49       		.uleb128 0x49
 917 0109 13       		.uleb128 0x13
 918 010a 00       		.byte	0
 919 010b 00       		.byte	0
 920 010c 15       		.uleb128 0x15
 921 010d 34       		.uleb128 0x34
 922 010e 00       		.byte	0
ARM GAS  C:\Users\biosh\AppData\Local\Temp\ccHMZHm1.s 			page 23


 923 010f 03       		.uleb128 0x3
 924 0110 0E       		.uleb128 0xe
 925 0111 3A       		.uleb128 0x3a
 926 0112 0B       		.uleb128 0xb
 927 0113 3B       		.uleb128 0x3b
 928 0114 05       		.uleb128 0x5
 929 0115 49       		.uleb128 0x49
 930 0116 13       		.uleb128 0x13
 931 0117 02       		.uleb128 0x2
 932 0118 18       		.uleb128 0x18
 933 0119 00       		.byte	0
 934 011a 00       		.byte	0
 935 011b 16       		.uleb128 0x16
 936 011c 34       		.uleb128 0x34
 937 011d 00       		.byte	0
 938 011e 03       		.uleb128 0x3
 939 011f 08       		.uleb128 0x8
 940 0120 3A       		.uleb128 0x3a
 941 0121 0B       		.uleb128 0xb
 942 0122 3B       		.uleb128 0x3b
 943 0123 05       		.uleb128 0x5
 944 0124 49       		.uleb128 0x49
 945 0125 13       		.uleb128 0x13
 946 0126 02       		.uleb128 0x2
 947 0127 17       		.uleb128 0x17
 948 0128 00       		.byte	0
 949 0129 00       		.byte	0
 950 012a 17       		.uleb128 0x17
 951 012b 0B       		.uleb128 0xb
 952 012c 01       		.byte	0x1
 953 012d 11       		.uleb128 0x11
 954 012e 01       		.uleb128 0x1
 955 012f 12       		.uleb128 0x12
 956 0130 06       		.uleb128 0x6
 957 0131 00       		.byte	0
 958 0132 00       		.byte	0
 959 0133 18       		.uleb128 0x18
 960 0134 0F       		.uleb128 0xf
 961 0135 00       		.byte	0
 962 0136 0B       		.uleb128 0xb
 963 0137 0B       		.uleb128 0xb
 964 0138 49       		.uleb128 0x49
 965 0139 13       		.uleb128 0x13
 966 013a 00       		.byte	0
 967 013b 00       		.byte	0
 968 013c 19       		.uleb128 0x19
 969 013d 898201   		.uleb128 0x4109
 970 0140 00       		.byte	0
 971 0141 11       		.uleb128 0x11
 972 0142 01       		.uleb128 0x1
 973 0143 31       		.uleb128 0x31
 974 0144 13       		.uleb128 0x13
 975 0145 00       		.byte	0
 976 0146 00       		.byte	0
 977 0147 1A       		.uleb128 0x1a
 978 0148 2E       		.uleb128 0x2e
 979 0149 00       		.byte	0
ARM GAS  C:\Users\biosh\AppData\Local\Temp\ccHMZHm1.s 			page 24


 980 014a 3F       		.uleb128 0x3f
 981 014b 19       		.uleb128 0x19
 982 014c 3C       		.uleb128 0x3c
 983 014d 19       		.uleb128 0x19
 984 014e 6E       		.uleb128 0x6e
 985 014f 0E       		.uleb128 0xe
 986 0150 03       		.uleb128 0x3
 987 0151 0E       		.uleb128 0xe
 988 0152 00       		.byte	0
 989 0153 00       		.byte	0
 990 0154 1B       		.uleb128 0x1b
 991 0155 2E       		.uleb128 0x2e
 992 0156 00       		.byte	0
 993 0157 3F       		.uleb128 0x3f
 994 0158 19       		.uleb128 0x19
 995 0159 3C       		.uleb128 0x3c
 996 015a 19       		.uleb128 0x19
 997 015b 6E       		.uleb128 0x6e
 998 015c 0E       		.uleb128 0xe
 999 015d 03       		.uleb128 0x3
 1000 015e 0E       		.uleb128 0xe
 1001 015f 3A       		.uleb128 0x3a
 1002 0160 0B       		.uleb128 0xb
 1003 0161 3B       		.uleb128 0x3b
 1004 0162 0B       		.uleb128 0xb
 1005 0163 00       		.byte	0
 1006 0164 00       		.byte	0
 1007 0165 00       		.byte	0
 1008              		.section	.debug_loc,"",%progbits
 1009              	.Ldebug_loc0:
 1010              	.LLST0:
 1011 0000 00000000 		.4byte	.LVL0
 1012 0004 09000000 		.4byte	.LVL2-1
 1013 0008 0100     		.2byte	0x1
 1014 000a 50       		.byte	0x50
 1015 000b 09000000 		.4byte	.LVL2-1
 1016 000f 0C000000 		.4byte	.LFE1
 1017 0013 0400     		.2byte	0x4
 1018 0015 F3       		.byte	0xf3
 1019 0016 01       		.uleb128 0x1
 1020 0017 50       		.byte	0x50
 1021 0018 9F       		.byte	0x9f
 1022 0019 00000000 		.4byte	0
 1023 001d 00000000 		.4byte	0
 1024              	.LLST1:
 1025 0021 00000000 		.4byte	.LVL0
 1026 0025 06000000 		.4byte	.LVL1
 1027 0029 0100     		.2byte	0x1
 1028 002b 51       		.byte	0x51
 1029 002c 06000000 		.4byte	.LVL1
 1030 0030 09000000 		.4byte	.LVL2-1
 1031 0034 0100     		.2byte	0x1
 1032 0036 52       		.byte	0x52
 1033 0037 09000000 		.4byte	.LVL2-1
 1034 003b 0C000000 		.4byte	.LFE1
 1035 003f 0400     		.2byte	0x4
 1036 0041 F3       		.byte	0xf3
ARM GAS  C:\Users\biosh\AppData\Local\Temp\ccHMZHm1.s 			page 25


 1037 0042 01       		.uleb128 0x1
 1038 0043 51       		.byte	0x51
 1039 0044 9F       		.byte	0x9f
 1040 0045 00000000 		.4byte	0
 1041 0049 00000000 		.4byte	0
 1042              	.LLST2:
 1043 004d 80000000 		.4byte	.LVL6
 1044 0051 84000000 		.4byte	.LVL7
 1045 0055 0200     		.2byte	0x2
 1046 0057 30       		.byte	0x30
 1047 0058 9F       		.byte	0x9f
 1048 0059 84000000 		.4byte	.LVL7
 1049 005d A2000000 		.4byte	.LVL9
 1050 0061 0100     		.2byte	0x1
 1051 0063 54       		.byte	0x54
 1052 0064 A4000000 		.4byte	.LVL10
 1053 0068 0C010000 		.4byte	.LVL13
 1054 006c 0100     		.2byte	0x1
 1055 006e 54       		.byte	0x54
 1056 006f 00000000 		.4byte	0
 1057 0073 00000000 		.4byte	0
 1058              	.LLST3:
 1059 0077 84000000 		.4byte	.LVL7
 1060 007b A2000000 		.4byte	.LVL9
 1061 007f 0B00     		.2byte	0xb
 1062 0081 74       		.byte	0x74
 1063 0082 00       		.sleb128 0
 1064 0083 36       		.byte	0x36
 1065 0084 1E       		.byte	0x1e
 1066 0085 03       		.byte	0x3
 1067 0086 00000000 		.4byte	cfg_memset_list.4888
 1068 008a 22       		.byte	0x22
 1069 008b 9F       		.byte	0x9f
 1070 008c A2000000 		.4byte	.LVL9
 1071 0090 A4000000 		.4byte	.LVL10
 1072 0094 0B00     		.2byte	0xb
 1073 0096 74       		.byte	0x74
 1074 0097 7F       		.sleb128 -1
 1075 0098 36       		.byte	0x36
 1076 0099 1E       		.byte	0x1e
 1077 009a 03       		.byte	0x3
 1078 009b 00000000 		.4byte	cfg_memset_list.4888
 1079 009f 22       		.byte	0x22
 1080 00a0 9F       		.byte	0x9f
 1081 00a1 00000000 		.4byte	0
 1082 00a5 00000000 		.4byte	0
 1083              		.section	.debug_aranges,"",%progbits
 1084 0000 34000000 		.4byte	0x34
 1085 0004 0200     		.2byte	0x2
 1086 0006 00000000 		.4byte	.Ldebug_info0
 1087 000a 04       		.byte	0x4
 1088 000b 00       		.byte	0
 1089 000c 0000     		.2byte	0
 1090 000e 0000     		.2byte	0
 1091 0010 00000000 		.4byte	.LFB5
 1092 0014 20000000 		.4byte	.LFE5-.LFB5
 1093 0018 00000000 		.4byte	.LFB1
ARM GAS  C:\Users\biosh\AppData\Local\Temp\ccHMZHm1.s 			page 26


 1094 001c 0C000000 		.4byte	.LFE1-.LFB1
 1095 0020 00000000 		.4byte	.LFB4
 1096 0024 7C000000 		.4byte	.LFE4-.LFB4
 1097 0028 7C000000 		.4byte	.LFB6
 1098 002c DC000000 		.4byte	.LFE6-.LFB6
 1099 0030 00000000 		.4byte	0
 1100 0034 00000000 		.4byte	0
 1101              		.section	.debug_ranges,"",%progbits
 1102              	.Ldebug_ranges0:
 1103 0000 00000000 		.4byte	.LFB5
 1104 0004 20000000 		.4byte	.LFE5
 1105 0008 00000000 		.4byte	.LFB1
 1106 000c 0C000000 		.4byte	.LFE1
 1107 0010 00000000 		.4byte	.LFB4
 1108 0014 7C000000 		.4byte	.LFE4
 1109 0018 7C000000 		.4byte	.LFB6
 1110 001c 58010000 		.4byte	.LFE6
 1111 0020 00000000 		.4byte	0
 1112 0024 00000000 		.4byte	0
 1113              		.section	.debug_line,"",%progbits
 1114              	.Ldebug_line0:
 1115 0000 48010000 		.section	.debug_str,"MS",%progbits,1
 1115      0200D600 
 1115      00000201 
 1115      FB0E0D00 
 1115      01010101 
 1116              	.LASF19:
 1117 0000 72656733 		.ascii	"reg32\000"
 1117      3200
 1118              	.LASF12:
 1119 0006 73697A65 		.ascii	"size_t\000"
 1119      5F7400
 1120              	.LASF32:
 1121 000d 416E616C 		.ascii	"AnalogSetDefault\000"
 1121      6F675365 
 1121      74446566 
 1121      61756C74 
 1121      00
 1122              	.LASF27:
 1123 001e 4379496E 		.ascii	"CyIntSetVector\000"
 1123      74536574 
 1123      56656374 
 1123      6F7200
 1124              	.LASF25:
 1125 002d 6366675F 		.ascii	"cfg_memset_list\000"
 1125      6D656D73 
 1125      65745F6C 
 1125      69737400 
 1126              	.LASF21:
 1127 003d 436C6F63 		.ascii	"ClockSetup\000"
 1127      6B536574 
 1127      757000
 1128              	.LASF6:
 1129 0048 73686F72 		.ascii	"short unsigned int\000"
 1129      7420756E 
 1129      7369676E 
 1129      65642069 
ARM GAS  C:\Users\biosh\AppData\Local\Temp\ccHMZHm1.s 			page 27


 1129      6E7400
 1130              	.LASF16:
 1131 005b 666C6F61 		.ascii	"float\000"
 1131      7400
 1132              	.LASF23:
 1133 0061 73697A65 		.ascii	"size\000"
 1133      00
 1134              	.LASF18:
 1135 0066 72656738 		.ascii	"reg8\000"
 1135      00
 1136              	.LASF8:
 1137 006b 6C6F6E67 		.ascii	"long unsigned int\000"
 1137      20756E73 
 1137      69676E65 
 1137      6420696E 
 1137      7400
 1138              	.LASF13:
 1139 007d 75696E74 		.ascii	"uint8\000"
 1139      3800
 1140              	.LASF20:
 1141 0083 43594D45 		.ascii	"CYMEMZERO\000"
 1141      4D5A4552 
 1141      4F00
 1142              	.LASF4:
 1143 008d 756E7369 		.ascii	"unsigned char\000"
 1143      676E6564 
 1143      20636861 
 1143      7200
 1144              	.LASF34:
 1145 009b 6D656D73 		.ascii	"memset\000"
 1145      657400
 1146              	.LASF17:
 1147 00a2 646F7562 		.ascii	"double\000"
 1147      6C6500
 1148              	.LASF28:
 1149 00a9 4379496E 		.ascii	"CyIntEnable\000"
 1149      74456E61 
 1149      626C6500 
 1150              	.LASF14:
 1151 00b5 75696E74 		.ascii	"uint16\000"
 1151      313600
 1152              	.LASF15:
 1153 00bc 75696E74 		.ascii	"uint32\000"
 1153      333200
 1154              	.LASF0:
 1155 00c3 756E7369 		.ascii	"unsigned int\000"
 1155      676E6564 
 1155      20696E74 
 1155      00
 1156              	.LASF33:
 1157 00d0 63796669 		.ascii	"cyfitter_cfg\000"
 1157      74746572 
 1157      5F636667 
 1157      00
 1158              	.LASF22:
 1159 00dd 61646472 		.ascii	"address\000"
 1159      65737300 
ARM GAS  C:\Users\biosh\AppData\Local\Temp\ccHMZHm1.s 			page 28


 1160              	.LASF9:
 1161 00e5 6C6F6E67 		.ascii	"long long unsigned int\000"
 1161      206C6F6E 
 1161      6720756E 
 1161      7369676E 
 1161      65642069 
 1162              	.LASF29:
 1163 00fc 474E5520 		.ascii	"GNU C11 5.4.1 20160609 (release) [ARM/embedded-5-br"
 1163      43313120 
 1163      352E342E 
 1163      31203230 
 1163      31363036 
 1164 012f 616E6368 		.ascii	"anch revision 237715] -mcpu=cortex-m0 -mthumb -g -O"
 1164      20726576 
 1164      6973696F 
 1164      6E203233 
 1164      37373135 
 1165 0162 67202D66 		.ascii	"g -ffunction-sections -ffat-lto-objects\000"
 1165      66756E63 
 1165      74696F6E 
 1165      2D736563 
 1165      74696F6E 
 1166              	.LASF24:
 1167 018a 6366675F 		.ascii	"cfg_memset_t\000"
 1167      6D656D73 
 1167      65745F74 
 1167      00
 1168              	.LASF10:
 1169 0197 73697A65 		.ascii	"sizetype\000"
 1169      74797065 
 1169      00
 1170              	.LASF1:
 1171 01a0 6C6F6E67 		.ascii	"long long int\000"
 1171      206C6F6E 
 1171      6720696E 
 1171      7400
 1172              	.LASF11:
 1173 01ae 63686172 		.ascii	"char\000"
 1173      00
 1174              	.LASF5:
 1175 01b3 73686F72 		.ascii	"short int\000"
 1175      7420696E 
 1175      7400
 1176              	.LASF26:
 1177 01bd 43795379 		.ascii	"CySysClkWriteImoFreq\000"
 1177      73436C6B 
 1177      57726974 
 1177      65496D6F 
 1177      46726571 
 1178              	.LASF7:
 1179 01d2 6C6F6E67 		.ascii	"long int\000"
 1179      20696E74 
 1179      00
 1180              	.LASF2:
 1181 01db 6C6F6E67 		.ascii	"long double\000"
 1181      20646F75 
 1181      626C6500 
ARM GAS  C:\Users\biosh\AppData\Local\Temp\ccHMZHm1.s 			page 29


 1182              	.LASF3:
 1183 01e7 7369676E 		.ascii	"signed char\000"
 1183      65642063 
 1183      68617200 
 1184              	.LASF30:
 1185 01f3 47656E65 		.ascii	"Generated_Source\\PSoC4\\cyfitter_cfg.c\000"
 1185      72617465 
 1185      645F536F 
 1185      75726365 
 1185      5C50536F 
 1186              	.LASF31:
 1187 0219 433A5C55 		.ascii	"C:\\Users\\biosh\\Desktop\\Universidad\\quinto parc"
 1187      73657273 
 1187      5C62696F 
 1187      73685C44 
 1187      65736B74 
 1188 0247 69616C5C 		.ascii	"ial\\Programacion embebida\\ordinario\\Ordinario ca"
 1188      50726F67 
 1188      72616D61 
 1188      63696F6E 
 1188      20656D62 
 1189 0277 6A612066 		.ascii	"ja fuerte.cydsn\000"
 1189      75657274 
 1189      652E6379 
 1189      64736E00 
 1190              		.ident	"GCC: (GNU Tools for ARM Embedded Processors) 5.4.1 20160609 (release) [ARM/embedded-5-bran
