ARM GAS  C:\Users\biosh\AppData\Local\Temp\cc950yII.s 			page 1


   1              		.syntax unified
   2              		.cpu cortex-m0
   3              		.fpu softvfp
   4              		.eabi_attribute 20, 1
   5              		.eabi_attribute 21, 1
   6              		.eabi_attribute 23, 3
   7              		.eabi_attribute 24, 1
   8              		.eabi_attribute 25, 1
   9              		.eabi_attribute 26, 1
  10              		.eabi_attribute 30, 1
  11              		.eabi_attribute 34, 0
  12              		.eabi_attribute 18, 4
  13              		.thumb
  14              		.syntax unified
  15              		.file	"Led_pins.c"
  16              		.text
  17              	.Ltext0:
  18              		.cfi_sections	.debug_frame
  19              		.section	.text.Led_pins_SetDriveMode,"ax",%progbits
  20              		.align	2
  21              		.global	Led_pins_SetDriveMode
  22              		.code	16
  23              		.thumb_func
  24              		.type	Led_pins_SetDriveMode, %function
  25              	Led_pins_SetDriveMode:
  26              	.LFB0:
  27              		.file 1 "Generated_Source\\PSoC4\\Led_pins.c"
   1:Generated_Source\PSoC4/Led_pins.c **** /*******************************************************************************
   2:Generated_Source\PSoC4/Led_pins.c **** * File Name: Led_pins.c  
   3:Generated_Source\PSoC4/Led_pins.c **** * Version 2.20
   4:Generated_Source\PSoC4/Led_pins.c **** *
   5:Generated_Source\PSoC4/Led_pins.c **** * Description:
   6:Generated_Source\PSoC4/Led_pins.c **** *  This file contains API to enable firmware control of a Pins component.
   7:Generated_Source\PSoC4/Led_pins.c **** *
   8:Generated_Source\PSoC4/Led_pins.c **** ********************************************************************************
   9:Generated_Source\PSoC4/Led_pins.c **** * Copyright 2008-2015, Cypress Semiconductor Corporation.  All rights reserved.
  10:Generated_Source\PSoC4/Led_pins.c **** * You may use this file only in accordance with the license, terms, conditions, 
  11:Generated_Source\PSoC4/Led_pins.c **** * disclaimers, and limitations in the end user license agreement accompanying 
  12:Generated_Source\PSoC4/Led_pins.c **** * the software package with which this file was provided.
  13:Generated_Source\PSoC4/Led_pins.c **** *******************************************************************************/
  14:Generated_Source\PSoC4/Led_pins.c **** 
  15:Generated_Source\PSoC4/Led_pins.c **** #include "cytypes.h"
  16:Generated_Source\PSoC4/Led_pins.c **** #include "Led_pins.h"
  17:Generated_Source\PSoC4/Led_pins.c **** 
  18:Generated_Source\PSoC4/Led_pins.c **** 
  19:Generated_Source\PSoC4/Led_pins.c **** #if defined(Led_pins__PC)
  20:Generated_Source\PSoC4/Led_pins.c ****     #define Led_pins_SetP4PinDriveMode(shift, mode)  \
  21:Generated_Source\PSoC4/Led_pins.c ****     do { \
  22:Generated_Source\PSoC4/Led_pins.c ****         Led_pins_PC =   (Led_pins_PC & \
  23:Generated_Source\PSoC4/Led_pins.c ****                                 (uint32)(~(uint32)(Led_pins_DRIVE_MODE_IND_MASK << \
  24:Generated_Source\PSoC4/Led_pins.c ****                                 (Led_pins_DRIVE_MODE_BITS * (shift))))) | \
  25:Generated_Source\PSoC4/Led_pins.c ****                                 (uint32)((uint32)(mode) << \
  26:Generated_Source\PSoC4/Led_pins.c ****                                 (Led_pins_DRIVE_MODE_BITS * (shift))); \
  27:Generated_Source\PSoC4/Led_pins.c ****     } while (0)
  28:Generated_Source\PSoC4/Led_pins.c **** #else
  29:Generated_Source\PSoC4/Led_pins.c ****     #if (CY_PSOC4_4200L)
  30:Generated_Source\PSoC4/Led_pins.c ****         #define Led_pins_SetP4PinDriveMode(shift, mode)  \
ARM GAS  C:\Users\biosh\AppData\Local\Temp\cc950yII.s 			page 2


  31:Generated_Source\PSoC4/Led_pins.c ****         do { \
  32:Generated_Source\PSoC4/Led_pins.c ****             Led_pins_USBIO_CTRL_REG = (Led_pins_USBIO_CTRL_REG & \
  33:Generated_Source\PSoC4/Led_pins.c ****                                     (uint32)(~(uint32)(Led_pins_DRIVE_MODE_IND_MASK << \
  34:Generated_Source\PSoC4/Led_pins.c ****                                     (Led_pins_DRIVE_MODE_BITS * (shift))))) | \
  35:Generated_Source\PSoC4/Led_pins.c ****                                     (uint32)((uint32)(mode) << \
  36:Generated_Source\PSoC4/Led_pins.c ****                                     (Led_pins_DRIVE_MODE_BITS * (shift))); \
  37:Generated_Source\PSoC4/Led_pins.c ****         } while (0)
  38:Generated_Source\PSoC4/Led_pins.c ****     #endif
  39:Generated_Source\PSoC4/Led_pins.c **** #endif
  40:Generated_Source\PSoC4/Led_pins.c ****   
  41:Generated_Source\PSoC4/Led_pins.c **** 
  42:Generated_Source\PSoC4/Led_pins.c **** #if defined(Led_pins__PC) || (CY_PSOC4_4200L) 
  43:Generated_Source\PSoC4/Led_pins.c ****     /*******************************************************************************
  44:Generated_Source\PSoC4/Led_pins.c ****     * Function Name: Led_pins_SetDriveMode
  45:Generated_Source\PSoC4/Led_pins.c ****     ****************************************************************************//**
  46:Generated_Source\PSoC4/Led_pins.c ****     *
  47:Generated_Source\PSoC4/Led_pins.c ****     * \brief Sets the drive mode for each of the Pins component's pins.
  48:Generated_Source\PSoC4/Led_pins.c ****     * 
  49:Generated_Source\PSoC4/Led_pins.c ****     * <b>Note</b> This affects all pins in the Pins component instance. Use the
  50:Generated_Source\PSoC4/Led_pins.c ****     * Per-Pin APIs if you wish to control individual pin's drive modes.
  51:Generated_Source\PSoC4/Led_pins.c ****     *
  52:Generated_Source\PSoC4/Led_pins.c ****     * <b>Note</b> USBIOs have limited drive functionality. Refer to the Drive Mode
  53:Generated_Source\PSoC4/Led_pins.c ****     * parameter for more information.
  54:Generated_Source\PSoC4/Led_pins.c ****     *
  55:Generated_Source\PSoC4/Led_pins.c ****     * \param mode
  56:Generated_Source\PSoC4/Led_pins.c ****     *  Mode for the selected signals. Valid options are documented in 
  57:Generated_Source\PSoC4/Led_pins.c ****     *  \ref driveMode.
  58:Generated_Source\PSoC4/Led_pins.c ****     *
  59:Generated_Source\PSoC4/Led_pins.c ****     * \return
  60:Generated_Source\PSoC4/Led_pins.c ****     *  None
  61:Generated_Source\PSoC4/Led_pins.c ****     *
  62:Generated_Source\PSoC4/Led_pins.c ****     * \sideeffect
  63:Generated_Source\PSoC4/Led_pins.c ****     *  If you use read-modify-write operations that are not atomic, the ISR can
  64:Generated_Source\PSoC4/Led_pins.c ****     *  cause corruption of this function. An ISR that interrupts this function 
  65:Generated_Source\PSoC4/Led_pins.c ****     *  and performs writes to the Pins component Drive Mode registers can cause 
  66:Generated_Source\PSoC4/Led_pins.c ****     *  corrupted port data. To avoid this issue, you should either use the Per-Pin
  67:Generated_Source\PSoC4/Led_pins.c ****     *  APIs (primary method) or disable interrupts around this function.
  68:Generated_Source\PSoC4/Led_pins.c ****     *
  69:Generated_Source\PSoC4/Led_pins.c ****     * \funcusage
  70:Generated_Source\PSoC4/Led_pins.c ****     *  \snippet Led_pins_SUT.c usage_Led_pins_SetDriveMode
  71:Generated_Source\PSoC4/Led_pins.c ****     *******************************************************************************/
  72:Generated_Source\PSoC4/Led_pins.c ****     void Led_pins_SetDriveMode(uint8 mode)
  73:Generated_Source\PSoC4/Led_pins.c ****     {
  28              		.loc 1 73 0
  29              		.cfi_startproc
  30              		@ args = 0, pretend = 0, frame = 0
  31              		@ frame_needed = 0, uses_anonymous_args = 0
  32              		@ link register save eliminated.
  33              	.LVL0:
  74:Generated_Source\PSoC4/Led_pins.c **** 		Led_pins_SetP4PinDriveMode(Led_pins__0__SHIFT, mode);
  34              		.loc 1 74 0
  35 0000 094B     		ldr	r3, .L2
  36 0002 1968     		ldr	r1, [r3]
  37 0004 094A     		ldr	r2, .L2+4
  38 0006 0A40     		ands	r2, r1
  39 0008 4102     		lsls	r1, r0, #9
  40 000a 0A43     		orrs	r2, r1
ARM GAS  C:\Users\biosh\AppData\Local\Temp\cc950yII.s 			page 3


  41 000c 1A60     		str	r2, [r3]
  75:Generated_Source\PSoC4/Led_pins.c **** 		Led_pins_SetP4PinDriveMode(Led_pins__1__SHIFT, mode);
  42              		.loc 1 75 0
  43 000e 1968     		ldr	r1, [r3]
  44 0010 074A     		ldr	r2, .L2+8
  45 0012 0A40     		ands	r2, r1
  46 0014 0103     		lsls	r1, r0, #12
  47 0016 0A43     		orrs	r2, r1
  48 0018 1A60     		str	r2, [r3]
  76:Generated_Source\PSoC4/Led_pins.c **** 		Led_pins_SetP4PinDriveMode(Led_pins__2__SHIFT, mode);
  49              		.loc 1 76 0
  50 001a 1968     		ldr	r1, [r3]
  51 001c 054A     		ldr	r2, .L2+12
  52 001e 0A40     		ands	r2, r1
  53 0020 C003     		lsls	r0, r0, #15
  54              	.LVL1:
  55 0022 1043     		orrs	r0, r2
  56 0024 1860     		str	r0, [r3]
  77:Generated_Source\PSoC4/Led_pins.c ****     }
  57              		.loc 1 77 0
  58              		@ sp needed
  59 0026 7047     		bx	lr
  60              	.L3:
  61              		.align	2
  62              	.L2:
  63 0028 08040440 		.word	1074005000
  64 002c FFF1FFFF 		.word	-3585
  65 0030 FF8FFFFF 		.word	-28673
  66 0034 FF7FFCFF 		.word	-229377
  67              		.cfi_endproc
  68              	.LFE0:
  69              		.size	Led_pins_SetDriveMode, .-Led_pins_SetDriveMode
  70              		.section	.text.Led_pins_Write,"ax",%progbits
  71              		.align	2
  72              		.global	Led_pins_Write
  73              		.code	16
  74              		.thumb_func
  75              		.type	Led_pins_Write, %function
  76              	Led_pins_Write:
  77              	.LFB1:
  78:Generated_Source\PSoC4/Led_pins.c **** #endif
  79:Generated_Source\PSoC4/Led_pins.c **** 
  80:Generated_Source\PSoC4/Led_pins.c **** 
  81:Generated_Source\PSoC4/Led_pins.c **** /*******************************************************************************
  82:Generated_Source\PSoC4/Led_pins.c **** * Function Name: Led_pins_Write
  83:Generated_Source\PSoC4/Led_pins.c **** ****************************************************************************//**
  84:Generated_Source\PSoC4/Led_pins.c **** *
  85:Generated_Source\PSoC4/Led_pins.c **** * \brief Writes the value to the physical port (data output register), masking
  86:Generated_Source\PSoC4/Led_pins.c **** *  and shifting the bits appropriately. 
  87:Generated_Source\PSoC4/Led_pins.c **** *
  88:Generated_Source\PSoC4/Led_pins.c **** * The data output register controls the signal applied to the physical pin in 
  89:Generated_Source\PSoC4/Led_pins.c **** * conjunction with the drive mode parameter. This function avoids changing 
  90:Generated_Source\PSoC4/Led_pins.c **** * other bits in the port by using the appropriate method (read-modify-write or
  91:Generated_Source\PSoC4/Led_pins.c **** * bit banding).
  92:Generated_Source\PSoC4/Led_pins.c **** *
  93:Generated_Source\PSoC4/Led_pins.c **** * <b>Note</b> This function should not be used on a hardware digital output pin 
  94:Generated_Source\PSoC4/Led_pins.c **** * as it is driven by the hardware signal attached to it.
ARM GAS  C:\Users\biosh\AppData\Local\Temp\cc950yII.s 			page 4


  95:Generated_Source\PSoC4/Led_pins.c **** *
  96:Generated_Source\PSoC4/Led_pins.c **** * \param value
  97:Generated_Source\PSoC4/Led_pins.c **** *  Value to write to the component instance.
  98:Generated_Source\PSoC4/Led_pins.c **** *
  99:Generated_Source\PSoC4/Led_pins.c **** * \return 
 100:Generated_Source\PSoC4/Led_pins.c **** *  None 
 101:Generated_Source\PSoC4/Led_pins.c **** *
 102:Generated_Source\PSoC4/Led_pins.c **** * \sideeffect
 103:Generated_Source\PSoC4/Led_pins.c **** *  If you use read-modify-write operations that are not atomic; the Interrupt 
 104:Generated_Source\PSoC4/Led_pins.c **** *  Service Routines (ISR) can cause corruption of this function. An ISR that 
 105:Generated_Source\PSoC4/Led_pins.c **** *  interrupts this function and performs writes to the Pins component data 
 106:Generated_Source\PSoC4/Led_pins.c **** *  register can cause corrupted port data. To avoid this issue, you should 
 107:Generated_Source\PSoC4/Led_pins.c **** *  either use the Per-Pin APIs (primary method) or disable interrupts around 
 108:Generated_Source\PSoC4/Led_pins.c **** *  this function.
 109:Generated_Source\PSoC4/Led_pins.c **** *
 110:Generated_Source\PSoC4/Led_pins.c **** * \funcusage
 111:Generated_Source\PSoC4/Led_pins.c **** *  \snippet Led_pins_SUT.c usage_Led_pins_Write
 112:Generated_Source\PSoC4/Led_pins.c **** *******************************************************************************/
 113:Generated_Source\PSoC4/Led_pins.c **** void Led_pins_Write(uint8 value)
 114:Generated_Source\PSoC4/Led_pins.c **** {
  78              		.loc 1 114 0
  79              		.cfi_startproc
  80              		@ args = 0, pretend = 0, frame = 0
  81              		@ frame_needed = 0, uses_anonymous_args = 0
  82              		@ link register save eliminated.
  83              	.LVL2:
 115:Generated_Source\PSoC4/Led_pins.c ****     uint8 drVal = (uint8)(Led_pins_DR & (uint8)(~Led_pins_MASK));
  84              		.loc 1 115 0
  85 0000 0449     		ldr	r1, .L5
  86 0002 0A68     		ldr	r2, [r1]
  87 0004 D2B2     		uxtb	r2, r2
  88 0006 3823     		movs	r3, #56
  89 0008 9A43     		bics	r2, r3
  90              	.LVL3:
 116:Generated_Source\PSoC4/Led_pins.c ****     drVal = (drVal | ((uint8)(value << Led_pins_SHIFT) & Led_pins_MASK));
  91              		.loc 1 116 0
  92 000a C000     		lsls	r0, r0, #3
  93              	.LVL4:
  94 000c 1840     		ands	r0, r3
  95 000e 1043     		orrs	r0, r2
  96              	.LVL5:
 117:Generated_Source\PSoC4/Led_pins.c ****     Led_pins_DR = (uint32)drVal;
  97              		.loc 1 117 0
  98 0010 0860     		str	r0, [r1]
 118:Generated_Source\PSoC4/Led_pins.c **** }
  99              		.loc 1 118 0
 100              		@ sp needed
 101 0012 7047     		bx	lr
 102              	.L6:
 103              		.align	2
 104              	.L5:
 105 0014 00040440 		.word	1074004992
 106              		.cfi_endproc
 107              	.LFE1:
 108              		.size	Led_pins_Write, .-Led_pins_Write
 109              		.section	.text.Led_pins_Read,"ax",%progbits
 110              		.align	2
ARM GAS  C:\Users\biosh\AppData\Local\Temp\cc950yII.s 			page 5


 111              		.global	Led_pins_Read
 112              		.code	16
 113              		.thumb_func
 114              		.type	Led_pins_Read, %function
 115              	Led_pins_Read:
 116              	.LFB2:
 119:Generated_Source\PSoC4/Led_pins.c **** 
 120:Generated_Source\PSoC4/Led_pins.c **** 
 121:Generated_Source\PSoC4/Led_pins.c **** /*******************************************************************************
 122:Generated_Source\PSoC4/Led_pins.c **** * Function Name: Led_pins_Read
 123:Generated_Source\PSoC4/Led_pins.c **** ****************************************************************************//**
 124:Generated_Source\PSoC4/Led_pins.c **** *
 125:Generated_Source\PSoC4/Led_pins.c **** * \brief Reads the associated physical port (pin status register) and masks 
 126:Generated_Source\PSoC4/Led_pins.c **** *  the required bits according to the width and bit position of the component
 127:Generated_Source\PSoC4/Led_pins.c **** *  instance. 
 128:Generated_Source\PSoC4/Led_pins.c **** *
 129:Generated_Source\PSoC4/Led_pins.c **** * The pin's status register returns the current logic level present on the 
 130:Generated_Source\PSoC4/Led_pins.c **** * physical pin.
 131:Generated_Source\PSoC4/Led_pins.c **** *
 132:Generated_Source\PSoC4/Led_pins.c **** * \return 
 133:Generated_Source\PSoC4/Led_pins.c **** *  The current value for the pins in the component as a right justified number.
 134:Generated_Source\PSoC4/Led_pins.c **** *
 135:Generated_Source\PSoC4/Led_pins.c **** * \funcusage
 136:Generated_Source\PSoC4/Led_pins.c **** *  \snippet Led_pins_SUT.c usage_Led_pins_Read  
 137:Generated_Source\PSoC4/Led_pins.c **** *******************************************************************************/
 138:Generated_Source\PSoC4/Led_pins.c **** uint8 Led_pins_Read(void)
 139:Generated_Source\PSoC4/Led_pins.c **** {
 117              		.loc 1 139 0
 118              		.cfi_startproc
 119              		@ args = 0, pretend = 0, frame = 0
 120              		@ frame_needed = 0, uses_anonymous_args = 0
 121              		@ link register save eliminated.
 140:Generated_Source\PSoC4/Led_pins.c ****     return (uint8)((Led_pins_PS & Led_pins_MASK) >> Led_pins_SHIFT);
 122              		.loc 1 140 0
 123 0000 024B     		ldr	r3, .L8
 124 0002 1868     		ldr	r0, [r3]
 125 0004 C008     		lsrs	r0, r0, #3
 126 0006 0723     		movs	r3, #7
 127 0008 1840     		ands	r0, r3
 141:Generated_Source\PSoC4/Led_pins.c **** }
 128              		.loc 1 141 0
 129              		@ sp needed
 130 000a 7047     		bx	lr
 131              	.L9:
 132              		.align	2
 133              	.L8:
 134 000c 04040440 		.word	1074004996
 135              		.cfi_endproc
 136              	.LFE2:
 137              		.size	Led_pins_Read, .-Led_pins_Read
 138              		.section	.text.Led_pins_ReadDataReg,"ax",%progbits
 139              		.align	2
 140              		.global	Led_pins_ReadDataReg
 141              		.code	16
 142              		.thumb_func
 143              		.type	Led_pins_ReadDataReg, %function
 144              	Led_pins_ReadDataReg:
ARM GAS  C:\Users\biosh\AppData\Local\Temp\cc950yII.s 			page 6


 145              	.LFB3:
 142:Generated_Source\PSoC4/Led_pins.c **** 
 143:Generated_Source\PSoC4/Led_pins.c **** 
 144:Generated_Source\PSoC4/Led_pins.c **** /*******************************************************************************
 145:Generated_Source\PSoC4/Led_pins.c **** * Function Name: Led_pins_ReadDataReg
 146:Generated_Source\PSoC4/Led_pins.c **** ****************************************************************************//**
 147:Generated_Source\PSoC4/Led_pins.c **** *
 148:Generated_Source\PSoC4/Led_pins.c **** * \brief Reads the associated physical port's data output register and masks 
 149:Generated_Source\PSoC4/Led_pins.c **** *  the correct bits according to the width and bit position of the component 
 150:Generated_Source\PSoC4/Led_pins.c **** *  instance. 
 151:Generated_Source\PSoC4/Led_pins.c **** *
 152:Generated_Source\PSoC4/Led_pins.c **** * The data output register controls the signal applied to the physical pin in 
 153:Generated_Source\PSoC4/Led_pins.c **** * conjunction with the drive mode parameter. This is not the same as the 
 154:Generated_Source\PSoC4/Led_pins.c **** * preferred Led_pins_Read() API because the 
 155:Generated_Source\PSoC4/Led_pins.c **** * Led_pins_ReadDataReg() reads the data register instead of the status 
 156:Generated_Source\PSoC4/Led_pins.c **** * register. For output pins this is a useful function to determine the value 
 157:Generated_Source\PSoC4/Led_pins.c **** * just written to the pin.
 158:Generated_Source\PSoC4/Led_pins.c **** *
 159:Generated_Source\PSoC4/Led_pins.c **** * \return 
 160:Generated_Source\PSoC4/Led_pins.c **** *  The current value of the data register masked and shifted into a right 
 161:Generated_Source\PSoC4/Led_pins.c **** *  justified number for the component instance.
 162:Generated_Source\PSoC4/Led_pins.c **** *
 163:Generated_Source\PSoC4/Led_pins.c **** * \funcusage
 164:Generated_Source\PSoC4/Led_pins.c **** *  \snippet Led_pins_SUT.c usage_Led_pins_ReadDataReg 
 165:Generated_Source\PSoC4/Led_pins.c **** *******************************************************************************/
 166:Generated_Source\PSoC4/Led_pins.c **** uint8 Led_pins_ReadDataReg(void)
 167:Generated_Source\PSoC4/Led_pins.c **** {
 146              		.loc 1 167 0
 147              		.cfi_startproc
 148              		@ args = 0, pretend = 0, frame = 0
 149              		@ frame_needed = 0, uses_anonymous_args = 0
 150              		@ link register save eliminated.
 168:Generated_Source\PSoC4/Led_pins.c ****     return (uint8)((Led_pins_DR & Led_pins_MASK) >> Led_pins_SHIFT);
 151              		.loc 1 168 0
 152 0000 024B     		ldr	r3, .L11
 153 0002 1868     		ldr	r0, [r3]
 154 0004 C008     		lsrs	r0, r0, #3
 155 0006 0723     		movs	r3, #7
 156 0008 1840     		ands	r0, r3
 169:Generated_Source\PSoC4/Led_pins.c **** }
 157              		.loc 1 169 0
 158              		@ sp needed
 159 000a 7047     		bx	lr
 160              	.L12:
 161              		.align	2
 162              	.L11:
 163 000c 00040440 		.word	1074004992
 164              		.cfi_endproc
 165              	.LFE3:
 166              		.size	Led_pins_ReadDataReg, .-Led_pins_ReadDataReg
 167              		.section	.text.Led_pins_SetInterruptMode,"ax",%progbits
 168              		.align	2
 169              		.global	Led_pins_SetInterruptMode
 170              		.code	16
 171              		.thumb_func
 172              		.type	Led_pins_SetInterruptMode, %function
 173              	Led_pins_SetInterruptMode:
ARM GAS  C:\Users\biosh\AppData\Local\Temp\cc950yII.s 			page 7


 174              	.LFB4:
 170:Generated_Source\PSoC4/Led_pins.c **** 
 171:Generated_Source\PSoC4/Led_pins.c **** 
 172:Generated_Source\PSoC4/Led_pins.c **** /*******************************************************************************
 173:Generated_Source\PSoC4/Led_pins.c **** * Function Name: Led_pins_SetInterruptMode
 174:Generated_Source\PSoC4/Led_pins.c **** ****************************************************************************//**
 175:Generated_Source\PSoC4/Led_pins.c **** *
 176:Generated_Source\PSoC4/Led_pins.c **** * \brief Configures the interrupt mode for each of the Pins component's
 177:Generated_Source\PSoC4/Led_pins.c **** *  pins. Alternatively you may set the interrupt mode for all the pins
 178:Generated_Source\PSoC4/Led_pins.c **** *  specified in the Pins component.
 179:Generated_Source\PSoC4/Led_pins.c **** *
 180:Generated_Source\PSoC4/Led_pins.c **** *  <b>Note</b> The interrupt is port-wide and therefore any enabled pin
 181:Generated_Source\PSoC4/Led_pins.c **** *  interrupt may trigger it.
 182:Generated_Source\PSoC4/Led_pins.c **** *
 183:Generated_Source\PSoC4/Led_pins.c **** * \param position
 184:Generated_Source\PSoC4/Led_pins.c **** *  The pin position as listed in the Pins component. You may OR these to be 
 185:Generated_Source\PSoC4/Led_pins.c **** *  able to configure the interrupt mode of multiple pins within a Pins 
 186:Generated_Source\PSoC4/Led_pins.c **** *  component. Or you may use Led_pins_INTR_ALL to configure the
 187:Generated_Source\PSoC4/Led_pins.c **** *  interrupt mode of all the pins in the Pins component.       
 188:Generated_Source\PSoC4/Led_pins.c **** *  - Led_pins_0_INTR       (First pin in the list)
 189:Generated_Source\PSoC4/Led_pins.c **** *  - Led_pins_1_INTR       (Second pin in the list)
 190:Generated_Source\PSoC4/Led_pins.c **** *  - ...
 191:Generated_Source\PSoC4/Led_pins.c **** *  - Led_pins_INTR_ALL     (All pins in Pins component)
 192:Generated_Source\PSoC4/Led_pins.c **** *
 193:Generated_Source\PSoC4/Led_pins.c **** * \param mode
 194:Generated_Source\PSoC4/Led_pins.c **** *  Interrupt mode for the selected pins. Valid options are documented in
 195:Generated_Source\PSoC4/Led_pins.c **** *  \ref intrMode.
 196:Generated_Source\PSoC4/Led_pins.c **** *
 197:Generated_Source\PSoC4/Led_pins.c **** * \return 
 198:Generated_Source\PSoC4/Led_pins.c **** *  None
 199:Generated_Source\PSoC4/Led_pins.c **** *  
 200:Generated_Source\PSoC4/Led_pins.c **** * \sideeffect
 201:Generated_Source\PSoC4/Led_pins.c **** *  It is recommended that the interrupt be disabled before calling this 
 202:Generated_Source\PSoC4/Led_pins.c **** *  function to avoid unintended interrupt requests. Note that the interrupt
 203:Generated_Source\PSoC4/Led_pins.c **** *  type is port wide, and therefore will trigger for any enabled pin on the 
 204:Generated_Source\PSoC4/Led_pins.c **** *  port.
 205:Generated_Source\PSoC4/Led_pins.c **** *
 206:Generated_Source\PSoC4/Led_pins.c **** * \funcusage
 207:Generated_Source\PSoC4/Led_pins.c **** *  \snippet Led_pins_SUT.c usage_Led_pins_SetInterruptMode
 208:Generated_Source\PSoC4/Led_pins.c **** *******************************************************************************/
 209:Generated_Source\PSoC4/Led_pins.c **** void Led_pins_SetInterruptMode(uint16 position, uint16 mode)
 210:Generated_Source\PSoC4/Led_pins.c **** {
 175              		.loc 1 210 0
 176              		.cfi_startproc
 177              		@ args = 0, pretend = 0, frame = 0
 178              		@ frame_needed = 0, uses_anonymous_args = 0
 179              		@ link register save eliminated.
 180              	.LVL6:
 211:Generated_Source\PSoC4/Led_pins.c ****     uint32 intrCfg;
 212:Generated_Source\PSoC4/Led_pins.c ****     
 213:Generated_Source\PSoC4/Led_pins.c ****     intrCfg =  Led_pins_INTCFG & (uint32)(~(uint32)position);
 181              		.loc 1 213 0
 182 0000 034A     		ldr	r2, .L14
 183 0002 1368     		ldr	r3, [r2]
 184 0004 8343     		bics	r3, r0
 185              	.LVL7:
 214:Generated_Source\PSoC4/Led_pins.c ****     Led_pins_INTCFG = intrCfg | ((uint32)position & (uint32)mode);
ARM GAS  C:\Users\biosh\AppData\Local\Temp\cc950yII.s 			page 8


 186              		.loc 1 214 0
 187 0006 0840     		ands	r0, r1
 188              	.LVL8:
 189 0008 1843     		orrs	r0, r3
 190 000a 1060     		str	r0, [r2]
 215:Generated_Source\PSoC4/Led_pins.c **** }
 191              		.loc 1 215 0
 192              		@ sp needed
 193 000c 7047     		bx	lr
 194              	.L15:
 195 000e C046     		.align	2
 196              	.L14:
 197 0010 0C040440 		.word	1074005004
 198              		.cfi_endproc
 199              	.LFE4:
 200              		.size	Led_pins_SetInterruptMode, .-Led_pins_SetInterruptMode
 201              		.section	.text.Led_pins_ClearInterrupt,"ax",%progbits
 202              		.align	2
 203              		.global	Led_pins_ClearInterrupt
 204              		.code	16
 205              		.thumb_func
 206              		.type	Led_pins_ClearInterrupt, %function
 207              	Led_pins_ClearInterrupt:
 208              	.LFB5:
 216:Generated_Source\PSoC4/Led_pins.c **** 
 217:Generated_Source\PSoC4/Led_pins.c **** 
 218:Generated_Source\PSoC4/Led_pins.c **** /*******************************************************************************
 219:Generated_Source\PSoC4/Led_pins.c **** * Function Name: Led_pins_ClearInterrupt
 220:Generated_Source\PSoC4/Led_pins.c **** ****************************************************************************//**
 221:Generated_Source\PSoC4/Led_pins.c **** *
 222:Generated_Source\PSoC4/Led_pins.c **** * \brief Clears any active interrupts attached with the component and returns 
 223:Generated_Source\PSoC4/Led_pins.c **** *  the value of the interrupt status register allowing determination of which
 224:Generated_Source\PSoC4/Led_pins.c **** *  pins generated an interrupt event.
 225:Generated_Source\PSoC4/Led_pins.c **** *
 226:Generated_Source\PSoC4/Led_pins.c **** * \return 
 227:Generated_Source\PSoC4/Led_pins.c **** *  The right-shifted current value of the interrupt status register. Each pin 
 228:Generated_Source\PSoC4/Led_pins.c **** *  has one bit set if it generated an interrupt event. For example, bit 0 is 
 229:Generated_Source\PSoC4/Led_pins.c **** *  for pin 0 and bit 1 is for pin 1 of the Pins component.
 230:Generated_Source\PSoC4/Led_pins.c **** *  
 231:Generated_Source\PSoC4/Led_pins.c **** * \sideeffect
 232:Generated_Source\PSoC4/Led_pins.c **** *  Clears all bits of the physical port's interrupt status register, not just
 233:Generated_Source\PSoC4/Led_pins.c **** *  those associated with the Pins component.
 234:Generated_Source\PSoC4/Led_pins.c **** *
 235:Generated_Source\PSoC4/Led_pins.c **** * \funcusage
 236:Generated_Source\PSoC4/Led_pins.c **** *  \snippet Led_pins_SUT.c usage_Led_pins_ClearInterrupt
 237:Generated_Source\PSoC4/Led_pins.c **** *******************************************************************************/
 238:Generated_Source\PSoC4/Led_pins.c **** uint8 Led_pins_ClearInterrupt(void)
 239:Generated_Source\PSoC4/Led_pins.c **** {
 209              		.loc 1 239 0
 210              		.cfi_startproc
 211              		@ args = 0, pretend = 0, frame = 0
 212              		@ frame_needed = 0, uses_anonymous_args = 0
 213              		@ link register save eliminated.
 240:Generated_Source\PSoC4/Led_pins.c **** 	uint8 maskedStatus = (uint8)(Led_pins_INTSTAT & Led_pins_MASK);
 214              		.loc 1 240 0
 215 0000 034A     		ldr	r2, .L17
 216 0002 1068     		ldr	r0, [r2]
ARM GAS  C:\Users\biosh\AppData\Local\Temp\cc950yII.s 			page 9


 217 0004 3823     		movs	r3, #56
 218 0006 1840     		ands	r0, r3
 219              	.LVL9:
 241:Generated_Source\PSoC4/Led_pins.c **** 	Led_pins_INTSTAT = maskedStatus;
 220              		.loc 1 241 0
 221 0008 1060     		str	r0, [r2]
 242:Generated_Source\PSoC4/Led_pins.c ****     return maskedStatus >> Led_pins_SHIFT;
 222              		.loc 1 242 0
 223 000a C008     		lsrs	r0, r0, #3
 224              	.LVL10:
 243:Generated_Source\PSoC4/Led_pins.c **** }
 225              		.loc 1 243 0
 226              		@ sp needed
 227 000c 7047     		bx	lr
 228              	.L18:
 229 000e C046     		.align	2
 230              	.L17:
 231 0010 10040440 		.word	1074005008
 232              		.cfi_endproc
 233              	.LFE5:
 234              		.size	Led_pins_ClearInterrupt, .-Led_pins_ClearInterrupt
 235              		.text
 236              	.Letext0:
 237              		.file 2 "Generated_Source\\PSoC4\\cytypes.h"
 238              		.section	.debug_info,"",%progbits
 239              	.Ldebug_info0:
 240 0000 99010000 		.4byte	0x199
 241 0004 0400     		.2byte	0x4
 242 0006 00000000 		.4byte	.Ldebug_abbrev0
 243 000a 04       		.byte	0x4
 244 000b 01       		.uleb128 0x1
 245 000c FE000000 		.4byte	.LASF28
 246 0010 0C       		.byte	0xc
 247 0011 E7010000 		.4byte	.LASF29
 248 0015 09020000 		.4byte	.LASF30
 249 0019 00000000 		.4byte	.Ldebug_ranges0+0
 250 001d 00000000 		.4byte	0
 251 0021 00000000 		.4byte	.Ldebug_line0
 252 0025 02       		.uleb128 0x2
 253 0026 01       		.byte	0x1
 254 0027 06       		.byte	0x6
 255 0028 DB010000 		.4byte	.LASF0
 256 002c 02       		.uleb128 0x2
 257 002d 01       		.byte	0x1
 258 002e 08       		.byte	0x8
 259 002f 12000000 		.4byte	.LASF1
 260 0033 02       		.uleb128 0x2
 261 0034 02       		.byte	0x2
 262 0035 05       		.byte	0x5
 263 0036 AC010000 		.4byte	.LASF2
 264 003a 02       		.uleb128 0x2
 265 003b 02       		.byte	0x2
 266 003c 07       		.byte	0x7
 267 003d 4D000000 		.4byte	.LASF3
 268 0041 02       		.uleb128 0x2
 269 0042 04       		.byte	0x4
 270 0043 05       		.byte	0x5
ARM GAS  C:\Users\biosh\AppData\Local\Temp\cc950yII.s 			page 10


 271 0044 D2010000 		.4byte	.LASF4
 272 0048 02       		.uleb128 0x2
 273 0049 04       		.byte	0x4
 274 004a 07       		.byte	0x7
 275 004b 3B000000 		.4byte	.LASF5
 276 004f 02       		.uleb128 0x2
 277 0050 08       		.byte	0x8
 278 0051 05       		.byte	0x5
 279 0052 8C010000 		.4byte	.LASF6
 280 0056 02       		.uleb128 0x2
 281 0057 08       		.byte	0x8
 282 0058 07       		.byte	0x7
 283 0059 B0000000 		.4byte	.LASF7
 284 005d 03       		.uleb128 0x3
 285 005e 04       		.byte	0x4
 286 005f 05       		.byte	0x5
 287 0060 696E7400 		.ascii	"int\000"
 288 0064 02       		.uleb128 0x2
 289 0065 04       		.byte	0x4
 290 0066 07       		.byte	0x7
 291 0067 A3000000 		.4byte	.LASF8
 292 006b 04       		.uleb128 0x4
 293 006c BE010000 		.4byte	.LASF9
 294 0070 02       		.byte	0x2
 295 0071 F701     		.2byte	0x1f7
 296 0073 2C000000 		.4byte	0x2c
 297 0077 04       		.uleb128 0x4
 298 0078 76000000 		.4byte	.LASF10
 299 007c 02       		.byte	0x2
 300 007d F801     		.2byte	0x1f8
 301 007f 3A000000 		.4byte	0x3a
 302 0083 04       		.uleb128 0x4
 303 0084 86000000 		.4byte	.LASF11
 304 0088 02       		.byte	0x2
 305 0089 F901     		.2byte	0x1f9
 306 008b 48000000 		.4byte	0x48
 307 008f 02       		.uleb128 0x2
 308 0090 04       		.byte	0x4
 309 0091 04       		.byte	0x4
 310 0092 0C000000 		.4byte	.LASF12
 311 0096 02       		.uleb128 0x2
 312 0097 08       		.byte	0x8
 313 0098 04       		.byte	0x4
 314 0099 60000000 		.4byte	.LASF13
 315 009d 02       		.uleb128 0x2
 316 009e 01       		.byte	0x1
 317 009f 08       		.byte	0x8
 318 00a0 A7010000 		.4byte	.LASF14
 319 00a4 04       		.uleb128 0x4
 320 00a5 00000000 		.4byte	.LASF15
 321 00a9 02       		.byte	0x2
 322 00aa A302     		.2byte	0x2a3
 323 00ac B0000000 		.4byte	0xb0
 324 00b0 05       		.uleb128 0x5
 325 00b1 83000000 		.4byte	0x83
 326 00b5 06       		.uleb128 0x6
 327 00b6 8D000000 		.4byte	.LASF16
ARM GAS  C:\Users\biosh\AppData\Local\Temp\cc950yII.s 			page 11


 328 00ba 01       		.byte	0x1
 329 00bb 48       		.byte	0x48
 330 00bc 00000000 		.4byte	.LFB0
 331 00c0 38000000 		.4byte	.LFE0-.LFB0
 332 00c4 01       		.uleb128 0x1
 333 00c5 9C       		.byte	0x9c
 334 00c6 DA000000 		.4byte	0xda
 335 00ca 07       		.uleb128 0x7
 336 00cb C7000000 		.4byte	.LASF18
 337 00cf 01       		.byte	0x1
 338 00d0 48       		.byte	0x48
 339 00d1 6B000000 		.4byte	0x6b
 340 00d5 00000000 		.4byte	.LLST0
 341 00d9 00       		.byte	0
 342 00da 06       		.uleb128 0x6
 343 00db 67000000 		.4byte	.LASF17
 344 00df 01       		.byte	0x1
 345 00e0 71       		.byte	0x71
 346 00e1 00000000 		.4byte	.LFB1
 347 00e5 18000000 		.4byte	.LFE1-.LFB1
 348 00e9 01       		.uleb128 0x1
 349 00ea 9C       		.byte	0x9c
 350 00eb 0E010000 		.4byte	0x10e
 351 00ef 07       		.uleb128 0x7
 352 00f0 06000000 		.4byte	.LASF19
 353 00f4 01       		.byte	0x1
 354 00f5 71       		.byte	0x71
 355 00f6 6B000000 		.4byte	0x6b
 356 00fa 21000000 		.4byte	.LLST1
 357 00fe 08       		.uleb128 0x8
 358 00ff 20000000 		.4byte	.LASF24
 359 0103 01       		.byte	0x1
 360 0104 73       		.byte	0x73
 361 0105 6B000000 		.4byte	0x6b
 362 0109 42000000 		.4byte	.LLST2
 363 010d 00       		.byte	0
 364 010e 09       		.uleb128 0x9
 365 010f C4010000 		.4byte	.LASF20
 366 0113 01       		.byte	0x1
 367 0114 8A       		.byte	0x8a
 368 0115 6B000000 		.4byte	0x6b
 369 0119 00000000 		.4byte	.LFB2
 370 011d 10000000 		.4byte	.LFE2-.LFB2
 371 0121 01       		.uleb128 0x1
 372 0122 9C       		.byte	0x9c
 373 0123 09       		.uleb128 0x9
 374 0124 26000000 		.4byte	.LASF21
 375 0128 01       		.byte	0x1
 376 0129 A6       		.byte	0xa6
 377 012a 6B000000 		.4byte	0x6b
 378 012e 00000000 		.4byte	.LFB3
 379 0132 10000000 		.4byte	.LFE3-.LFB3
 380 0136 01       		.uleb128 0x1
 381 0137 9C       		.byte	0x9c
 382 0138 06       		.uleb128 0x6
 383 0139 E4000000 		.4byte	.LASF22
 384 013d 01       		.byte	0x1
ARM GAS  C:\Users\biosh\AppData\Local\Temp\cc950yII.s 			page 12


 385 013e D1       		.byte	0xd1
 386 013f 00000000 		.4byte	.LFB4
 387 0143 14000000 		.4byte	.LFE4-.LFB4
 388 0147 01       		.uleb128 0x1
 389 0148 9C       		.byte	0x9c
 390 0149 77010000 		.4byte	0x177
 391 014d 07       		.uleb128 0x7
 392 014e 7D000000 		.4byte	.LASF23
 393 0152 01       		.byte	0x1
 394 0153 D1       		.byte	0xd1
 395 0154 77000000 		.4byte	0x77
 396 0158 60000000 		.4byte	.LLST3
 397 015c 0A       		.uleb128 0xa
 398 015d C7000000 		.4byte	.LASF18
 399 0161 01       		.byte	0x1
 400 0162 D1       		.byte	0xd1
 401 0163 77000000 		.4byte	0x77
 402 0167 01       		.uleb128 0x1
 403 0168 51       		.byte	0x51
 404 0169 0B       		.uleb128 0xb
 405 016a B6010000 		.4byte	.LASF25
 406 016e 01       		.byte	0x1
 407 016f D3       		.byte	0xd3
 408 0170 83000000 		.4byte	0x83
 409 0174 01       		.uleb128 0x1
 410 0175 53       		.byte	0x53
 411 0176 00       		.byte	0
 412 0177 0C       		.uleb128 0xc
 413 0178 CC000000 		.4byte	.LASF26
 414 017c 01       		.byte	0x1
 415 017d EE       		.byte	0xee
 416 017e 6B000000 		.4byte	0x6b
 417 0182 00000000 		.4byte	.LFB5
 418 0186 14000000 		.4byte	.LFE5-.LFB5
 419 018a 01       		.uleb128 0x1
 420 018b 9C       		.byte	0x9c
 421 018c 08       		.uleb128 0x8
 422 018d 9A010000 		.4byte	.LASF27
 423 0191 01       		.byte	0x1
 424 0192 F0       		.byte	0xf0
 425 0193 6B000000 		.4byte	0x6b
 426 0197 81000000 		.4byte	.LLST4
 427 019b 00       		.byte	0
 428 019c 00       		.byte	0
 429              		.section	.debug_abbrev,"",%progbits
 430              	.Ldebug_abbrev0:
 431 0000 01       		.uleb128 0x1
 432 0001 11       		.uleb128 0x11
 433 0002 01       		.byte	0x1
 434 0003 25       		.uleb128 0x25
 435 0004 0E       		.uleb128 0xe
 436 0005 13       		.uleb128 0x13
 437 0006 0B       		.uleb128 0xb
 438 0007 03       		.uleb128 0x3
 439 0008 0E       		.uleb128 0xe
 440 0009 1B       		.uleb128 0x1b
 441 000a 0E       		.uleb128 0xe
ARM GAS  C:\Users\biosh\AppData\Local\Temp\cc950yII.s 			page 13


 442 000b 55       		.uleb128 0x55
 443 000c 17       		.uleb128 0x17
 444 000d 11       		.uleb128 0x11
 445 000e 01       		.uleb128 0x1
 446 000f 10       		.uleb128 0x10
 447 0010 17       		.uleb128 0x17
 448 0011 00       		.byte	0
 449 0012 00       		.byte	0
 450 0013 02       		.uleb128 0x2
 451 0014 24       		.uleb128 0x24
 452 0015 00       		.byte	0
 453 0016 0B       		.uleb128 0xb
 454 0017 0B       		.uleb128 0xb
 455 0018 3E       		.uleb128 0x3e
 456 0019 0B       		.uleb128 0xb
 457 001a 03       		.uleb128 0x3
 458 001b 0E       		.uleb128 0xe
 459 001c 00       		.byte	0
 460 001d 00       		.byte	0
 461 001e 03       		.uleb128 0x3
 462 001f 24       		.uleb128 0x24
 463 0020 00       		.byte	0
 464 0021 0B       		.uleb128 0xb
 465 0022 0B       		.uleb128 0xb
 466 0023 3E       		.uleb128 0x3e
 467 0024 0B       		.uleb128 0xb
 468 0025 03       		.uleb128 0x3
 469 0026 08       		.uleb128 0x8
 470 0027 00       		.byte	0
 471 0028 00       		.byte	0
 472 0029 04       		.uleb128 0x4
 473 002a 16       		.uleb128 0x16
 474 002b 00       		.byte	0
 475 002c 03       		.uleb128 0x3
 476 002d 0E       		.uleb128 0xe
 477 002e 3A       		.uleb128 0x3a
 478 002f 0B       		.uleb128 0xb
 479 0030 3B       		.uleb128 0x3b
 480 0031 05       		.uleb128 0x5
 481 0032 49       		.uleb128 0x49
 482 0033 13       		.uleb128 0x13
 483 0034 00       		.byte	0
 484 0035 00       		.byte	0
 485 0036 05       		.uleb128 0x5
 486 0037 35       		.uleb128 0x35
 487 0038 00       		.byte	0
 488 0039 49       		.uleb128 0x49
 489 003a 13       		.uleb128 0x13
 490 003b 00       		.byte	0
 491 003c 00       		.byte	0
 492 003d 06       		.uleb128 0x6
 493 003e 2E       		.uleb128 0x2e
 494 003f 01       		.byte	0x1
 495 0040 3F       		.uleb128 0x3f
 496 0041 19       		.uleb128 0x19
 497 0042 03       		.uleb128 0x3
 498 0043 0E       		.uleb128 0xe
ARM GAS  C:\Users\biosh\AppData\Local\Temp\cc950yII.s 			page 14


 499 0044 3A       		.uleb128 0x3a
 500 0045 0B       		.uleb128 0xb
 501 0046 3B       		.uleb128 0x3b
 502 0047 0B       		.uleb128 0xb
 503 0048 27       		.uleb128 0x27
 504 0049 19       		.uleb128 0x19
 505 004a 11       		.uleb128 0x11
 506 004b 01       		.uleb128 0x1
 507 004c 12       		.uleb128 0x12
 508 004d 06       		.uleb128 0x6
 509 004e 40       		.uleb128 0x40
 510 004f 18       		.uleb128 0x18
 511 0050 9742     		.uleb128 0x2117
 512 0052 19       		.uleb128 0x19
 513 0053 01       		.uleb128 0x1
 514 0054 13       		.uleb128 0x13
 515 0055 00       		.byte	0
 516 0056 00       		.byte	0
 517 0057 07       		.uleb128 0x7
 518 0058 05       		.uleb128 0x5
 519 0059 00       		.byte	0
 520 005a 03       		.uleb128 0x3
 521 005b 0E       		.uleb128 0xe
 522 005c 3A       		.uleb128 0x3a
 523 005d 0B       		.uleb128 0xb
 524 005e 3B       		.uleb128 0x3b
 525 005f 0B       		.uleb128 0xb
 526 0060 49       		.uleb128 0x49
 527 0061 13       		.uleb128 0x13
 528 0062 02       		.uleb128 0x2
 529 0063 17       		.uleb128 0x17
 530 0064 00       		.byte	0
 531 0065 00       		.byte	0
 532 0066 08       		.uleb128 0x8
 533 0067 34       		.uleb128 0x34
 534 0068 00       		.byte	0
 535 0069 03       		.uleb128 0x3
 536 006a 0E       		.uleb128 0xe
 537 006b 3A       		.uleb128 0x3a
 538 006c 0B       		.uleb128 0xb
 539 006d 3B       		.uleb128 0x3b
 540 006e 0B       		.uleb128 0xb
 541 006f 49       		.uleb128 0x49
 542 0070 13       		.uleb128 0x13
 543 0071 02       		.uleb128 0x2
 544 0072 17       		.uleb128 0x17
 545 0073 00       		.byte	0
 546 0074 00       		.byte	0
 547 0075 09       		.uleb128 0x9
 548 0076 2E       		.uleb128 0x2e
 549 0077 00       		.byte	0
 550 0078 3F       		.uleb128 0x3f
 551 0079 19       		.uleb128 0x19
 552 007a 03       		.uleb128 0x3
 553 007b 0E       		.uleb128 0xe
 554 007c 3A       		.uleb128 0x3a
 555 007d 0B       		.uleb128 0xb
ARM GAS  C:\Users\biosh\AppData\Local\Temp\cc950yII.s 			page 15


 556 007e 3B       		.uleb128 0x3b
 557 007f 0B       		.uleb128 0xb
 558 0080 27       		.uleb128 0x27
 559 0081 19       		.uleb128 0x19
 560 0082 49       		.uleb128 0x49
 561 0083 13       		.uleb128 0x13
 562 0084 11       		.uleb128 0x11
 563 0085 01       		.uleb128 0x1
 564 0086 12       		.uleb128 0x12
 565 0087 06       		.uleb128 0x6
 566 0088 40       		.uleb128 0x40
 567 0089 18       		.uleb128 0x18
 568 008a 9742     		.uleb128 0x2117
 569 008c 19       		.uleb128 0x19
 570 008d 00       		.byte	0
 571 008e 00       		.byte	0
 572 008f 0A       		.uleb128 0xa
 573 0090 05       		.uleb128 0x5
 574 0091 00       		.byte	0
 575 0092 03       		.uleb128 0x3
 576 0093 0E       		.uleb128 0xe
 577 0094 3A       		.uleb128 0x3a
 578 0095 0B       		.uleb128 0xb
 579 0096 3B       		.uleb128 0x3b
 580 0097 0B       		.uleb128 0xb
 581 0098 49       		.uleb128 0x49
 582 0099 13       		.uleb128 0x13
 583 009a 02       		.uleb128 0x2
 584 009b 18       		.uleb128 0x18
 585 009c 00       		.byte	0
 586 009d 00       		.byte	0
 587 009e 0B       		.uleb128 0xb
 588 009f 34       		.uleb128 0x34
 589 00a0 00       		.byte	0
 590 00a1 03       		.uleb128 0x3
 591 00a2 0E       		.uleb128 0xe
 592 00a3 3A       		.uleb128 0x3a
 593 00a4 0B       		.uleb128 0xb
 594 00a5 3B       		.uleb128 0x3b
 595 00a6 0B       		.uleb128 0xb
 596 00a7 49       		.uleb128 0x49
 597 00a8 13       		.uleb128 0x13
 598 00a9 02       		.uleb128 0x2
 599 00aa 18       		.uleb128 0x18
 600 00ab 00       		.byte	0
 601 00ac 00       		.byte	0
 602 00ad 0C       		.uleb128 0xc
 603 00ae 2E       		.uleb128 0x2e
 604 00af 01       		.byte	0x1
 605 00b0 3F       		.uleb128 0x3f
 606 00b1 19       		.uleb128 0x19
 607 00b2 03       		.uleb128 0x3
 608 00b3 0E       		.uleb128 0xe
 609 00b4 3A       		.uleb128 0x3a
 610 00b5 0B       		.uleb128 0xb
 611 00b6 3B       		.uleb128 0x3b
 612 00b7 0B       		.uleb128 0xb
ARM GAS  C:\Users\biosh\AppData\Local\Temp\cc950yII.s 			page 16


 613 00b8 27       		.uleb128 0x27
 614 00b9 19       		.uleb128 0x19
 615 00ba 49       		.uleb128 0x49
 616 00bb 13       		.uleb128 0x13
 617 00bc 11       		.uleb128 0x11
 618 00bd 01       		.uleb128 0x1
 619 00be 12       		.uleb128 0x12
 620 00bf 06       		.uleb128 0x6
 621 00c0 40       		.uleb128 0x40
 622 00c1 18       		.uleb128 0x18
 623 00c2 9742     		.uleb128 0x2117
 624 00c4 19       		.uleb128 0x19
 625 00c5 00       		.byte	0
 626 00c6 00       		.byte	0
 627 00c7 00       		.byte	0
 628              		.section	.debug_loc,"",%progbits
 629              	.Ldebug_loc0:
 630              	.LLST0:
 631 0000 00000000 		.4byte	.LVL0
 632 0004 22000000 		.4byte	.LVL1
 633 0008 0100     		.2byte	0x1
 634 000a 50       		.byte	0x50
 635 000b 22000000 		.4byte	.LVL1
 636 000f 38000000 		.4byte	.LFE0
 637 0013 0400     		.2byte	0x4
 638 0015 F3       		.byte	0xf3
 639 0016 01       		.uleb128 0x1
 640 0017 50       		.byte	0x50
 641 0018 9F       		.byte	0x9f
 642 0019 00000000 		.4byte	0
 643 001d 00000000 		.4byte	0
 644              	.LLST1:
 645 0021 00000000 		.4byte	.LVL2
 646 0025 0C000000 		.4byte	.LVL4
 647 0029 0100     		.2byte	0x1
 648 002b 50       		.byte	0x50
 649 002c 0C000000 		.4byte	.LVL4
 650 0030 18000000 		.4byte	.LFE1
 651 0034 0400     		.2byte	0x4
 652 0036 F3       		.byte	0xf3
 653 0037 01       		.uleb128 0x1
 654 0038 50       		.byte	0x50
 655 0039 9F       		.byte	0x9f
 656 003a 00000000 		.4byte	0
 657 003e 00000000 		.4byte	0
 658              	.LLST2:
 659 0042 0A000000 		.4byte	.LVL3
 660 0046 10000000 		.4byte	.LVL5
 661 004a 0100     		.2byte	0x1
 662 004c 52       		.byte	0x52
 663 004d 10000000 		.4byte	.LVL5
 664 0051 18000000 		.4byte	.LFE1
 665 0055 0100     		.2byte	0x1
 666 0057 50       		.byte	0x50
 667 0058 00000000 		.4byte	0
 668 005c 00000000 		.4byte	0
 669              	.LLST3:
ARM GAS  C:\Users\biosh\AppData\Local\Temp\cc950yII.s 			page 17


 670 0060 00000000 		.4byte	.LVL6
 671 0064 08000000 		.4byte	.LVL8
 672 0068 0100     		.2byte	0x1
 673 006a 50       		.byte	0x50
 674 006b 08000000 		.4byte	.LVL8
 675 006f 14000000 		.4byte	.LFE4
 676 0073 0400     		.2byte	0x4
 677 0075 F3       		.byte	0xf3
 678 0076 01       		.uleb128 0x1
 679 0077 50       		.byte	0x50
 680 0078 9F       		.byte	0x9f
 681 0079 00000000 		.4byte	0
 682 007d 00000000 		.4byte	0
 683              	.LLST4:
 684 0081 08000000 		.4byte	.LVL9
 685 0085 0C000000 		.4byte	.LVL10
 686 0089 0100     		.2byte	0x1
 687 008b 50       		.byte	0x50
 688 008c 0C000000 		.4byte	.LVL10
 689 0090 14000000 		.4byte	.LFE5
 690 0094 0400     		.2byte	0x4
 691 0096 72       		.byte	0x72
 692 0097 00       		.sleb128 0
 693 0098 06       		.byte	0x6
 694 0099 9F       		.byte	0x9f
 695 009a 00000000 		.4byte	0
 696 009e 00000000 		.4byte	0
 697              		.section	.debug_aranges,"",%progbits
 698 0000 44000000 		.4byte	0x44
 699 0004 0200     		.2byte	0x2
 700 0006 00000000 		.4byte	.Ldebug_info0
 701 000a 04       		.byte	0x4
 702 000b 00       		.byte	0
 703 000c 0000     		.2byte	0
 704 000e 0000     		.2byte	0
 705 0010 00000000 		.4byte	.LFB0
 706 0014 38000000 		.4byte	.LFE0-.LFB0
 707 0018 00000000 		.4byte	.LFB1
 708 001c 18000000 		.4byte	.LFE1-.LFB1
 709 0020 00000000 		.4byte	.LFB2
 710 0024 10000000 		.4byte	.LFE2-.LFB2
 711 0028 00000000 		.4byte	.LFB3
 712 002c 10000000 		.4byte	.LFE3-.LFB3
 713 0030 00000000 		.4byte	.LFB4
 714 0034 14000000 		.4byte	.LFE4-.LFB4
 715 0038 00000000 		.4byte	.LFB5
 716 003c 14000000 		.4byte	.LFE5-.LFB5
 717 0040 00000000 		.4byte	0
 718 0044 00000000 		.4byte	0
 719              		.section	.debug_ranges,"",%progbits
 720              	.Ldebug_ranges0:
 721 0000 00000000 		.4byte	.LFB0
 722 0004 38000000 		.4byte	.LFE0
 723 0008 00000000 		.4byte	.LFB1
 724 000c 18000000 		.4byte	.LFE1
 725 0010 00000000 		.4byte	.LFB2
 726 0014 10000000 		.4byte	.LFE2
ARM GAS  C:\Users\biosh\AppData\Local\Temp\cc950yII.s 			page 18


 727 0018 00000000 		.4byte	.LFB3
 728 001c 10000000 		.4byte	.LFE3
 729 0020 00000000 		.4byte	.LFB4
 730 0024 14000000 		.4byte	.LFE4
 731 0028 00000000 		.4byte	.LFB5
 732 002c 14000000 		.4byte	.LFE5
 733 0030 00000000 		.4byte	0
 734 0034 00000000 		.4byte	0
 735              		.section	.debug_line,"",%progbits
 736              	.Ldebug_line0:
 737 0000 BE000000 		.section	.debug_str,"MS",%progbits,1
 737      02004500 
 737      00000201 
 737      FB0E0D00 
 737      01010101 
 738              	.LASF15:
 739 0000 72656733 		.ascii	"reg32\000"
 739      3200
 740              	.LASF19:
 741 0006 76616C75 		.ascii	"value\000"
 741      6500
 742              	.LASF12:
 743 000c 666C6F61 		.ascii	"float\000"
 743      7400
 744              	.LASF1:
 745 0012 756E7369 		.ascii	"unsigned char\000"
 745      676E6564 
 745      20636861 
 745      7200
 746              	.LASF24:
 747 0020 64725661 		.ascii	"drVal\000"
 747      6C00
 748              	.LASF21:
 749 0026 4C65645F 		.ascii	"Led_pins_ReadDataReg\000"
 749      70696E73 
 749      5F526561 
 749      64446174 
 749      61526567 
 750              	.LASF5:
 751 003b 6C6F6E67 		.ascii	"long unsigned int\000"
 751      20756E73 
 751      69676E65 
 751      6420696E 
 751      7400
 752              	.LASF3:
 753 004d 73686F72 		.ascii	"short unsigned int\000"
 753      7420756E 
 753      7369676E 
 753      65642069 
 753      6E7400
 754              	.LASF13:
 755 0060 646F7562 		.ascii	"double\000"
 755      6C6500
 756              	.LASF17:
 757 0067 4C65645F 		.ascii	"Led_pins_Write\000"
 757      70696E73 
 757      5F577269 
ARM GAS  C:\Users\biosh\AppData\Local\Temp\cc950yII.s 			page 19


 757      746500
 758              	.LASF10:
 759 0076 75696E74 		.ascii	"uint16\000"
 759      313600
 760              	.LASF23:
 761 007d 706F7369 		.ascii	"position\000"
 761      74696F6E 
 761      00
 762              	.LASF11:
 763 0086 75696E74 		.ascii	"uint32\000"
 763      333200
 764              	.LASF16:
 765 008d 4C65645F 		.ascii	"Led_pins_SetDriveMode\000"
 765      70696E73 
 765      5F536574 
 765      44726976 
 765      654D6F64 
 766              	.LASF8:
 767 00a3 756E7369 		.ascii	"unsigned int\000"
 767      676E6564 
 767      20696E74 
 767      00
 768              	.LASF7:
 769 00b0 6C6F6E67 		.ascii	"long long unsigned int\000"
 769      206C6F6E 
 769      6720756E 
 769      7369676E 
 769      65642069 
 770              	.LASF18:
 771 00c7 6D6F6465 		.ascii	"mode\000"
 771      00
 772              	.LASF26:
 773 00cc 4C65645F 		.ascii	"Led_pins_ClearInterrupt\000"
 773      70696E73 
 773      5F436C65 
 773      6172496E 
 773      74657272 
 774              	.LASF22:
 775 00e4 4C65645F 		.ascii	"Led_pins_SetInterruptMode\000"
 775      70696E73 
 775      5F536574 
 775      496E7465 
 775      72727570 
 776              	.LASF28:
 777 00fe 474E5520 		.ascii	"GNU C11 5.4.1 20160609 (release) [ARM/embedded-5-br"
 777      43313120 
 777      352E342E 
 777      31203230 
 777      31363036 
 778 0131 616E6368 		.ascii	"anch revision 237715] -mcpu=cortex-m0 -mthumb -g -O"
 778      20726576 
 778      6973696F 
 778      6E203233 
 778      37373135 
 779 0164 67202D66 		.ascii	"g -ffunction-sections -ffat-lto-objects\000"
 779      66756E63 
 779      74696F6E 
ARM GAS  C:\Users\biosh\AppData\Local\Temp\cc950yII.s 			page 20


 779      2D736563 
 779      74696F6E 
 780              	.LASF6:
 781 018c 6C6F6E67 		.ascii	"long long int\000"
 781      206C6F6E 
 781      6720696E 
 781      7400
 782              	.LASF27:
 783 019a 6D61736B 		.ascii	"maskedStatus\000"
 783      65645374 
 783      61747573 
 783      00
 784              	.LASF14:
 785 01a7 63686172 		.ascii	"char\000"
 785      00
 786              	.LASF2:
 787 01ac 73686F72 		.ascii	"short int\000"
 787      7420696E 
 787      7400
 788              	.LASF25:
 789 01b6 696E7472 		.ascii	"intrCfg\000"
 789      43666700 
 790              	.LASF9:
 791 01be 75696E74 		.ascii	"uint8\000"
 791      3800
 792              	.LASF20:
 793 01c4 4C65645F 		.ascii	"Led_pins_Read\000"
 793      70696E73 
 793      5F526561 
 793      6400
 794              	.LASF4:
 795 01d2 6C6F6E67 		.ascii	"long int\000"
 795      20696E74 
 795      00
 796              	.LASF0:
 797 01db 7369676E 		.ascii	"signed char\000"
 797      65642063 
 797      68617200 
 798              	.LASF29:
 799 01e7 47656E65 		.ascii	"Generated_Source\\PSoC4\\Led_pins.c\000"
 799      72617465 
 799      645F536F 
 799      75726365 
 799      5C50536F 
 800              	.LASF30:
 801 0209 433A5C55 		.ascii	"C:\\Users\\biosh\\Desktop\\Universidad\\quinto parc"
 801      73657273 
 801      5C62696F 
 801      73685C44 
 801      65736B74 
 802 0237 69616C5C 		.ascii	"ial\\Programacion embebida\\ordinario\\Ordinario ca"
 802      50726F67 
 802      72616D61 
 802      63696F6E 
 802      20656D62 
 803 0267 6A612066 		.ascii	"ja fuerte.cydsn\000"
 803      75657274 
ARM GAS  C:\Users\biosh\AppData\Local\Temp\cc950yII.s 			page 21


 803      652E6379 
 803      64736E00 
 804              		.ident	"GCC: (GNU Tools for ARM Embedded Processors) 5.4.1 20160609 (release) [ARM/embedded-5-bran
