Archive member included to satisfy reference by file (symbol)

.\CortexM0\ARM_GCC_541\Debug\Ordinario caja fuerte.a(Filas.o)
                              .\CortexM0\ARM_GCC_541\Debug\Keypad.o (Filas_Read)
.\CortexM0\ARM_GCC_541\Debug\Ordinario caja fuerte.a(IsrRowPins.o)
                              .\CortexM0\ARM_GCC_541\Debug\Keypad.o (IsrRowPins_Enable)
.\CortexM0\ARM_GCC_541\Debug\Ordinario caja fuerte.a(Col.o)
                              .\CortexM0\ARM_GCC_541\Debug\Keypad.o (Col_Write)
.\CortexM0\ARM_GCC_541\Debug\Ordinario caja fuerte.a(Led_pins.o)
                              .\CortexM0\ARM_GCC_541\Debug\Lib_led.o (Led_pins_Write)
.\CortexM0\ARM_GCC_541\Debug\Ordinario caja fuerte.a(CyLib.o)
                              .\CortexM0\ARM_GCC_541\Debug\cyfitter_cfg.o (CyIntEnable)
.\CortexM0\ARM_GCC_541\Debug\Ordinario caja fuerte.a(CyLFClk.o)
                              .\CortexM0\ARM_GCC_541\Debug\Ordinario caja fuerte.a(CyLib.o) (CySysClkWcoEnabled)
.\CortexM0\ARM_GCC_541\Debug\Ordinario caja fuerte.a(UART.o)
                              .\CortexM0\ARM_GCC_541\Debug\Keypad.o (UART_Start)
.\CortexM0\ARM_GCC_541\Debug\Ordinario caja fuerte.a(UART_UART.o)
                              .\CortexM0\ARM_GCC_541\Debug\Ordinario caja fuerte.a(UART.o) (UART_UartInit)
.\CortexM0\ARM_GCC_541\Debug\Ordinario caja fuerte.a(CyBootAsmGnu.o)
                              .\CortexM0\ARM_GCC_541\Debug\Ordinario caja fuerte.a(CyLib.o) (CyDelayCycles)
.\CortexM0\ARM_GCC_541\Debug\Ordinario caja fuerte.a(CyFlash.o)
                              .\CortexM0\ARM_GCC_541\Debug\Ordinario caja fuerte.a(CyLib.o) (CySysFlashSetWaitCycles)
.\CortexM0\ARM_GCC_541\Debug\Ordinario caja fuerte.a(UART_SPI_UART.o)
                              .\CortexM0\ARM_GCC_541\Debug\Ordinario caja fuerte.a(UART_UART.o) (UART_SpiUartWriteTxData)
c:/program files (x86)/cypress/psoc creator/4.3/psoc creator/import/gnu/arm/5.4.1/bin/../lib/gcc/arm-none-eabi/5.4.1/armv6-m\libgcc.a(_udivsi3.o)
                              .\CortexM0\ARM_GCC_541\Debug\Ordinario caja fuerte.a(CyLib.o) (__aeabi_uidiv)
c:/program files (x86)/cypress/psoc creator/4.3/psoc creator/import/gnu/arm/5.4.1/bin/../lib/gcc/arm-none-eabi/5.4.1/armv6-m\libgcc.a(_divsi3.o)
                              .\CortexM0\ARM_GCC_541\Debug\Ordinario caja fuerte.a(CyLFClk.o) (__aeabi_idiv)
c:/program files (x86)/cypress/psoc creator/4.3/psoc creator/import/gnu/arm/5.4.1/bin/../lib/gcc/arm-none-eabi/5.4.1/armv6-m\libgcc.a(_dvmd_tls.o)
                              c:/program files (x86)/cypress/psoc creator/4.3/psoc creator/import/gnu/arm/5.4.1/bin/../lib/gcc/arm-none-eabi/5.4.1/armv6-m\libgcc.a(_udivsi3.o) (__aeabi_idiv0)
c:/program files (x86)/cypress/psoc creator/4.3/psoc creator/import/gnu/arm/5.4.1/bin/../lib/gcc/arm-none-eabi/5.4.1/../../../../arm-none-eabi/lib/armv6-m\libg_nano.a(lib_a-errno.o)
                              .\CortexM0\ARM_GCC_541\Debug\Cm0Start.o (__errno)
c:/program files (x86)/cypress/psoc creator/4.3/psoc creator/import/gnu/arm/5.4.1/bin/../lib/gcc/arm-none-eabi/5.4.1/../../../../arm-none-eabi/lib/armv6-m\libg_nano.a(lib_a-exit.o)
                              c:/program files (x86)/cypress/psoc creator/4.3/psoc creator/import/gnu/arm/5.4.1/bin/../lib/gcc/arm-none-eabi/5.4.1/../../../../arm-none-eabi/lib/armv6-m/crt0.o (exit)
c:/program files (x86)/cypress/psoc creator/4.3/psoc creator/import/gnu/arm/5.4.1/bin/../lib/gcc/arm-none-eabi/5.4.1/../../../../arm-none-eabi/lib/armv6-m\libg_nano.a(lib_a-impure.o)
                              c:/program files (x86)/cypress/psoc creator/4.3/psoc creator/import/gnu/arm/5.4.1/bin/../lib/gcc/arm-none-eabi/5.4.1/../../../../arm-none-eabi/lib/armv6-m\libg_nano.a(lib_a-exit.o) (_global_impure_ptr)
c:/program files (x86)/cypress/psoc creator/4.3/psoc creator/import/gnu/arm/5.4.1/bin/../lib/gcc/arm-none-eabi/5.4.1/../../../../arm-none-eabi/lib/armv6-m\libg_nano.a(lib_a-init.o)
                              c:/program files (x86)/cypress/psoc creator/4.3/psoc creator/import/gnu/arm/5.4.1/bin/../lib/gcc/arm-none-eabi/5.4.1/../../../../arm-none-eabi/lib/armv6-m/crt0.o (__libc_init_array)
c:/program files (x86)/cypress/psoc creator/4.3/psoc creator/import/gnu/arm/5.4.1/bin/../lib/gcc/arm-none-eabi/5.4.1/../../../../arm-none-eabi/lib/armv6-m\libg_nano.a(lib_a-memcpy-stub.o)
                              .\CortexM0\ARM_GCC_541\Debug\Ordinario caja fuerte.a(CyFlash.o) (memcpy)
c:/program files (x86)/cypress/psoc creator/4.3/psoc creator/import/gnu/arm/5.4.1/bin/../lib/gcc/arm-none-eabi/5.4.1/../../../../arm-none-eabi/lib/armv6-m\libg_nano.a(lib_a-memset.o)
                              c:/program files (x86)/cypress/psoc creator/4.3/psoc creator/import/gnu/arm/5.4.1/bin/../lib/gcc/arm-none-eabi/5.4.1/../../../../arm-none-eabi/lib/armv6-m/crt0.o (memset)

Allocating common symbols
Common symbol       size              file

key                 0x4               .\CortexM0\ARM_GCC_541\Debug\Keypad.o
show                0xfa              .\CortexM0\ARM_GCC_541\Debug\Keypad.o

Discarded input sections

 .text          0x00000000        0x0 c:/program files (x86)/cypress/psoc creator/4.3/psoc creator/import/gnu/arm/5.4.1/bin/../lib/gcc/arm-none-eabi/5.4.1/armv6-m/crti.o
 .data          0x00000000        0x0 c:/program files (x86)/cypress/psoc creator/4.3/psoc creator/import/gnu/arm/5.4.1/bin/../lib/gcc/arm-none-eabi/5.4.1/armv6-m/crti.o
 .bss           0x00000000        0x0 c:/program files (x86)/cypress/psoc creator/4.3/psoc creator/import/gnu/arm/5.4.1/bin/../lib/gcc/arm-none-eabi/5.4.1/armv6-m/crti.o
 .data          0x00000000        0x4 c:/program files (x86)/cypress/psoc creator/4.3/psoc creator/import/gnu/arm/5.4.1/bin/../lib/gcc/arm-none-eabi/5.4.1/armv6-m/crtbegin.o
 .text          0x00000000       0x78 c:/program files (x86)/cypress/psoc creator/4.3/psoc creator/import/gnu/arm/5.4.1/bin/../lib/gcc/arm-none-eabi/5.4.1/../../../../arm-none-eabi/lib/armv6-m/crt0.o
 .data          0x00000000        0x0 c:/program files (x86)/cypress/psoc creator/4.3/psoc creator/import/gnu/arm/5.4.1/bin/../lib/gcc/arm-none-eabi/5.4.1/../../../../arm-none-eabi/lib/armv6-m/crt0.o
 .bss           0x00000000        0x0 c:/program files (x86)/cypress/psoc creator/4.3/psoc creator/import/gnu/arm/5.4.1/bin/../lib/gcc/arm-none-eabi/5.4.1/../../../../arm-none-eabi/lib/armv6-m/crt0.o
 .ARM.extab     0x00000000        0x0 c:/program files (x86)/cypress/psoc creator/4.3/psoc creator/import/gnu/arm/5.4.1/bin/../lib/gcc/arm-none-eabi/5.4.1/../../../../arm-none-eabi/lib/armv6-m/crt0.o
 .ARM.exidx     0x00000000        0x8 c:/program files (x86)/cypress/psoc creator/4.3/psoc creator/import/gnu/arm/5.4.1/bin/../lib/gcc/arm-none-eabi/5.4.1/../../../../arm-none-eabi/lib/armv6-m/crt0.o
 .text          0x00000000        0x0 .\CortexM0\ARM_GCC_541\Debug\main.o
 .data          0x00000000        0x4 .\CortexM0\ARM_GCC_541\Debug\main.o
 .bss           0x00000000        0x0 .\CortexM0\ARM_GCC_541\Debug\main.o
 .text          0x00000000        0x0 .\CortexM0\ARM_GCC_541\Debug\Lib_led.o
 .data          0x00000000        0x0 .\CortexM0\ARM_GCC_541\Debug\Lib_led.o
 .text.PrenderVerde
                0x00000000       0x18 .\CortexM0\ARM_GCC_541\Debug\Lib_led.o
 .text.ApagarVerde
                0x00000000       0x18 .\CortexM0\ARM_GCC_541\Debug\Lib_led.o
 .text.PrenderRojo
                0x00000000       0x18 .\CortexM0\ARM_GCC_541\Debug\Lib_led.o
 .text.ApagarRojo
                0x00000000       0x18 .\CortexM0\ARM_GCC_541\Debug\Lib_led.o
 .text          0x00000000        0x0 .\CortexM0\ARM_GCC_541\Debug\Keypad.o
 .data          0x00000000        0x0 .\CortexM0\ARM_GCC_541\Debug\Keypad.o
 .text.Keypad_stop
                0x00000000        0x4 .\CortexM0\ARM_GCC_541\Debug\Keypad.o
 .text          0x00000000        0x0 .\CortexM0\ARM_GCC_541\Debug\cyfitter_cfg.o
 .data          0x00000000        0x0 .\CortexM0\ARM_GCC_541\Debug\cyfitter_cfg.o
 .bss           0x00000000        0x0 .\CortexM0\ARM_GCC_541\Debug\cyfitter_cfg.o
 .text          0x00000000        0x0 .\CortexM0\ARM_GCC_541\Debug\cymetadata.o
 .data          0x00000000        0x0 .\CortexM0\ARM_GCC_541\Debug\cymetadata.o
 .bss           0x00000000        0x0 .\CortexM0\ARM_GCC_541\Debug\cymetadata.o
 .text          0x00000000        0x0 .\CortexM0\ARM_GCC_541\Debug\Cm0Start.o
 .data          0x00000000        0x4 .\CortexM0\ARM_GCC_541\Debug\Cm0Start.o
 .bss           0x00000000        0x0 .\CortexM0\ARM_GCC_541\Debug\Cm0Start.o
 .text._exit    0x00000000        0xc .\CortexM0\ARM_GCC_541\Debug\Cm0Start.o
 .text._sbrk    0x00000000       0x30 .\CortexM0\ARM_GCC_541\Debug\Cm0Start.o
 .text          0x00000000        0x0 .\CortexM0\ARM_GCC_541\Debug\Ordinario caja fuerte.a(Filas.o)
 .data          0x00000000        0x0 .\CortexM0\ARM_GCC_541\Debug\Ordinario caja fuerte.a(Filas.o)
 .bss           0x00000000        0x0 .\CortexM0\ARM_GCC_541\Debug\Ordinario caja fuerte.a(Filas.o)
 .text.Filas_SetDriveMode
                0x00000000       0x48 .\CortexM0\ARM_GCC_541\Debug\Ordinario caja fuerte.a(Filas.o)
 .text.Filas_Write
                0x00000000       0x18 .\CortexM0\ARM_GCC_541\Debug\Ordinario caja fuerte.a(Filas.o)
 .text.Filas_ReadDataReg
                0x00000000       0x10 .\CortexM0\ARM_GCC_541\Debug\Ordinario caja fuerte.a(Filas.o)
 .text.Filas_SetInterruptMode
                0x00000000       0x14 .\CortexM0\ARM_GCC_541\Debug\Ordinario caja fuerte.a(Filas.o)
 .text          0x00000000        0x0 .\CortexM0\ARM_GCC_541\Debug\Ordinario caja fuerte.a(IsrRowPins.o)
 .data          0x00000000        0x0 .\CortexM0\ARM_GCC_541\Debug\Ordinario caja fuerte.a(IsrRowPins.o)
 .bss           0x00000000        0x0 .\CortexM0\ARM_GCC_541\Debug\Ordinario caja fuerte.a(IsrRowPins.o)
 .text.IsrRowPins_Interrupt
                0x00000000        0x4 .\CortexM0\ARM_GCC_541\Debug\Ordinario caja fuerte.a(IsrRowPins.o)
 .text.IsrRowPins_GetVector
                0x00000000        0xc .\CortexM0\ARM_GCC_541\Debug\Ordinario caja fuerte.a(IsrRowPins.o)
 .text.IsrRowPins_GetPriority
                0x00000000       0x10 .\CortexM0\ARM_GCC_541\Debug\Ordinario caja fuerte.a(IsrRowPins.o)
 .text.IsrRowPins_GetState
                0x00000000       0x14 .\CortexM0\ARM_GCC_541\Debug\Ordinario caja fuerte.a(IsrRowPins.o)
 .text.IsrRowPins_Start
                0x00000000       0x1c .\CortexM0\ARM_GCC_541\Debug\Ordinario caja fuerte.a(IsrRowPins.o)
 .text.IsrRowPins_Stop
                0x00000000       0x14 .\CortexM0\ARM_GCC_541\Debug\Ordinario caja fuerte.a(IsrRowPins.o)
 .text.IsrRowPins_SetPending
                0x00000000        0xc .\CortexM0\ARM_GCC_541\Debug\Ordinario caja fuerte.a(IsrRowPins.o)
 .text.IsrRowPins_ClearPending
                0x00000000        0xc .\CortexM0\ARM_GCC_541\Debug\Ordinario caja fuerte.a(IsrRowPins.o)
 .text          0x00000000        0x0 .\CortexM0\ARM_GCC_541\Debug\Ordinario caja fuerte.a(Col.o)
 .data          0x00000000        0x0 .\CortexM0\ARM_GCC_541\Debug\Ordinario caja fuerte.a(Col.o)
 .bss           0x00000000        0x0 .\CortexM0\ARM_GCC_541\Debug\Ordinario caja fuerte.a(Col.o)
 .text.Col_SetDriveMode
                0x00000000       0x40 .\CortexM0\ARM_GCC_541\Debug\Ordinario caja fuerte.a(Col.o)
 .text.Col_Read
                0x00000000       0x10 .\CortexM0\ARM_GCC_541\Debug\Ordinario caja fuerte.a(Col.o)
 .text.Col_ReadDataReg
                0x00000000       0x10 .\CortexM0\ARM_GCC_541\Debug\Ordinario caja fuerte.a(Col.o)
 .text.Col_SetInterruptMode
                0x00000000       0x14 .\CortexM0\ARM_GCC_541\Debug\Ordinario caja fuerte.a(Col.o)
 .text.Col_ClearInterrupt
                0x00000000       0x10 .\CortexM0\ARM_GCC_541\Debug\Ordinario caja fuerte.a(Col.o)
 .text          0x00000000        0x0 .\CortexM0\ARM_GCC_541\Debug\Ordinario caja fuerte.a(Led_pins.o)
 .data          0x00000000        0x0 .\CortexM0\ARM_GCC_541\Debug\Ordinario caja fuerte.a(Led_pins.o)
 .bss           0x00000000        0x0 .\CortexM0\ARM_GCC_541\Debug\Ordinario caja fuerte.a(Led_pins.o)
 .text.Led_pins_SetDriveMode
                0x00000000       0x38 .\CortexM0\ARM_GCC_541\Debug\Ordinario caja fuerte.a(Led_pins.o)
 .text.Led_pins_Read
                0x00000000       0x10 .\CortexM0\ARM_GCC_541\Debug\Ordinario caja fuerte.a(Led_pins.o)
 .text.Led_pins_ReadDataReg
                0x00000000       0x10 .\CortexM0\ARM_GCC_541\Debug\Ordinario caja fuerte.a(Led_pins.o)
 .text.Led_pins_SetInterruptMode
                0x00000000       0x14 .\CortexM0\ARM_GCC_541\Debug\Ordinario caja fuerte.a(Led_pins.o)
 .text.Led_pins_ClearInterrupt
                0x00000000       0x14 .\CortexM0\ARM_GCC_541\Debug\Ordinario caja fuerte.a(Led_pins.o)
 .text          0x00000000        0x0 .\CortexM0\ARM_GCC_541\Debug\Ordinario caja fuerte.a(CyLib.o)
 .bss           0x00000000       0x18 .\CortexM0\ARM_GCC_541\Debug\Ordinario caja fuerte.a(CyLib.o)
 .text.CySysClkImoStart
                0x00000000       0x14 .\CortexM0\ARM_GCC_541\Debug\Ordinario caja fuerte.a(CyLib.o)
 .text.CySysClkImoStop
                0x00000000       0x18 .\CortexM0\ARM_GCC_541\Debug\Ordinario caja fuerte.a(CyLib.o)
 .text.CySysClkWriteHfclkDirect
                0x00000000       0x20 .\CortexM0\ARM_GCC_541\Debug\Ordinario caja fuerte.a(CyLib.o)
 .text.CySysEnablePumpClock
                0x00000000       0x38 .\CortexM0\ARM_GCC_541\Debug\Ordinario caja fuerte.a(CyLib.o)
 .text.CySysClkGetSysclkSource
                0x00000000       0x1c .\CortexM0\ARM_GCC_541\Debug\Ordinario caja fuerte.a(CyLib.o)
 .text.CySysClkWriteSysclkDiv
                0x00000000       0x30 .\CortexM0\ARM_GCC_541\Debug\Ordinario caja fuerte.a(CyLib.o)
 .text.CySysLvdDisable
                0x00000000       0x20 .\CortexM0\ARM_GCC_541\Debug\Ordinario caja fuerte.a(CyLib.o)
 .text.CySysLvdGetInterruptSource
                0x00000000       0x10 .\CortexM0\ARM_GCC_541\Debug\Ordinario caja fuerte.a(CyLib.o)
 .text.CySysLvdClearInterrupt
                0x00000000        0xc .\CortexM0\ARM_GCC_541\Debug\Ordinario caja fuerte.a(CyLib.o)
 .text.CySysGetResetReason
                0x00000000       0x14 .\CortexM0\ARM_GCC_541\Debug\Ordinario caja fuerte.a(CyLib.o)
 .text.CyDisableInts
                0x00000000       0x10 .\CortexM0\ARM_GCC_541\Debug\Ordinario caja fuerte.a(CyLib.o)
 .text.CyEnableInts
                0x00000000        0xc .\CortexM0\ARM_GCC_541\Debug\Ordinario caja fuerte.a(CyLib.o)
 .text.CyIntGetState
                0x00000000       0x18 .\CortexM0\ARM_GCC_541\Debug\Ordinario caja fuerte.a(CyLib.o)
 .text.CyIntDisable
                0x00000000       0x14 .\CortexM0\ARM_GCC_541\Debug\Ordinario caja fuerte.a(CyLib.o)
 .text.CyIntSetPending
                0x00000000       0x14 .\CortexM0\ARM_GCC_541\Debug\Ordinario caja fuerte.a(CyLib.o)
 .text.CyIntClearPending
                0x00000000       0x14 .\CortexM0\ARM_GCC_541\Debug\Ordinario caja fuerte.a(CyLib.o)
 .text.CyIntSetSysVector
                0x00000000       0x20 .\CortexM0\ARM_GCC_541\Debug\Ordinario caja fuerte.a(CyLib.o)
 .text.CyIntGetSysVector
                0x00000000       0x1c .\CortexM0\ARM_GCC_541\Debug\Ordinario caja fuerte.a(CyLib.o)
 .text.CyIntGetVector
                0x00000000       0x20 .\CortexM0\ARM_GCC_541\Debug\Ordinario caja fuerte.a(CyLib.o)
 .text.CyIntSetPriority
                0x00000000       0x4c .\CortexM0\ARM_GCC_541\Debug\Ordinario caja fuerte.a(CyLib.o)
 .text.CyIntGetPriority
                0x00000000       0x2c .\CortexM0\ARM_GCC_541\Debug\Ordinario caja fuerte.a(CyLib.o)
 .text.CySoftwareReset
                0x00000000       0x18 .\CortexM0\ARM_GCC_541\Debug\Ordinario caja fuerte.a(CyLib.o)
 .text.CyDelayUs
                0x00000000       0x14 .\CortexM0\ARM_GCC_541\Debug\Ordinario caja fuerte.a(CyLib.o)
 .text.CySysLvdEnable
                0x00000000       0x44 .\CortexM0\ARM_GCC_541\Debug\Ordinario caja fuerte.a(CyLib.o)
 .text.CyDelayFreq
                0x00000000       0x4c .\CortexM0\ARM_GCC_541\Debug\Ordinario caja fuerte.a(CyLib.o)
 .text.CySysTickStop
                0x00000000       0x10 .\CortexM0\ARM_GCC_541\Debug\Ordinario caja fuerte.a(CyLib.o)
 .text.CySysTickEnableInterrupt
                0x00000000       0x10 .\CortexM0\ARM_GCC_541\Debug\Ordinario caja fuerte.a(CyLib.o)
 .text.CySysTickEnable
                0x00000000       0x18 .\CortexM0\ARM_GCC_541\Debug\Ordinario caja fuerte.a(CyLib.o)
 .text.CySysTickDisableInterrupt
                0x00000000       0x10 .\CortexM0\ARM_GCC_541\Debug\Ordinario caja fuerte.a(CyLib.o)
 .text.CySysTickSetReload
                0x00000000       0x10 .\CortexM0\ARM_GCC_541\Debug\Ordinario caja fuerte.a(CyLib.o)
 .text.CySysTickGetReload
                0x00000000       0x10 .\CortexM0\ARM_GCC_541\Debug\Ordinario caja fuerte.a(CyLib.o)
 .text.CySysTickGetValue
                0x00000000       0x10 .\CortexM0\ARM_GCC_541\Debug\Ordinario caja fuerte.a(CyLib.o)
 .text.CySysTickSetClockSource
                0x00000000       0x20 .\CortexM0\ARM_GCC_541\Debug\Ordinario caja fuerte.a(CyLib.o)
 .text.CySysTickGetClockSource
                0x00000000       0x10 .\CortexM0\ARM_GCC_541\Debug\Ordinario caja fuerte.a(CyLib.o)
 .text.CySysTickGetCountFlag
                0x00000000       0x10 .\CortexM0\ARM_GCC_541\Debug\Ordinario caja fuerte.a(CyLib.o)
 .text.CySysTickServiceCallbacks
                0x00000000       0x28 .\CortexM0\ARM_GCC_541\Debug\Ordinario caja fuerte.a(CyLib.o)
 .text.CySysTickClear
                0x00000000        0xc .\CortexM0\ARM_GCC_541\Debug\Ordinario caja fuerte.a(CyLib.o)
 .text.CySysTickInit
                0x00000000       0x44 .\CortexM0\ARM_GCC_541\Debug\Ordinario caja fuerte.a(CyLib.o)
 .text.CySysTickStart
                0x00000000       0x20 .\CortexM0\ARM_GCC_541\Debug\Ordinario caja fuerte.a(CyLib.o)
 .text.CySysTickSetCallback
                0x00000000       0x10 .\CortexM0\ARM_GCC_541\Debug\Ordinario caja fuerte.a(CyLib.o)
 .text.CySysTickGetCallback
                0x00000000        0xc .\CortexM0\ARM_GCC_541\Debug\Ordinario caja fuerte.a(CyLib.o)
 .text.CyGetUniqueId
                0x00000000       0x70 .\CortexM0\ARM_GCC_541\Debug\Ordinario caja fuerte.a(CyLib.o)
 .text.CySysSetRamAccessArbPriority
                0x00000000       0x20 .\CortexM0\ARM_GCC_541\Debug\Ordinario caja fuerte.a(CyLib.o)
 .text.CySysSetFlashAccessArbPriority
                0x00000000       0x20 .\CortexM0\ARM_GCC_541\Debug\Ordinario caja fuerte.a(CyLib.o)
 .text.CySysSetDmacAccessArbPriority
                0x00000000       0x20 .\CortexM0\ARM_GCC_541\Debug\Ordinario caja fuerte.a(CyLib.o)
 .text.CySysSetPeripheralAccessArbPriority
                0x00000000       0x68 .\CortexM0\ARM_GCC_541\Debug\Ordinario caja fuerte.a(CyLib.o)
 .text          0x00000000        0x0 .\CortexM0\ARM_GCC_541\Debug\Ordinario caja fuerte.a(CyLFClk.o)
 .text.CySysClkIloEnabled
                0x00000000       0x14 .\CortexM0\ARM_GCC_541\Debug\Ordinario caja fuerte.a(CyLFClk.o)
 .text.CySysClkGetLfclkSource
                0x00000000       0x10 .\CortexM0\ARM_GCC_541\Debug\Ordinario caja fuerte.a(CyLFClk.o)
 .text.CySysClkIloStart
                0x00000000       0x14 .\CortexM0\ARM_GCC_541\Debug\Ordinario caja fuerte.a(CyLFClk.o)
 .text.CySysClkIloStartMeasurement
                0x00000000       0x5c .\CortexM0\ARM_GCC_541\Debug\Ordinario caja fuerte.a(CyLFClk.o)
 .text.CySysClkIloStopMeasurement
                0x00000000       0x14 .\CortexM0\ARM_GCC_541\Debug\Ordinario caja fuerte.a(CyLFClk.o)
 .text.CySysClkIloCompensate
                0x00000000      0x104 .\CortexM0\ARM_GCC_541\Debug\Ordinario caja fuerte.a(CyLFClk.o)
 .text.CySysClkIloUpdateTrimReg
                0x00000000       0xa8 .\CortexM0\ARM_GCC_541\Debug\Ordinario caja fuerte.a(CyLFClk.o)
 .text.CySysClkIloTrim
                0x00000000       0xd8 .\CortexM0\ARM_GCC_541\Debug\Ordinario caja fuerte.a(CyLFClk.o)
 .text.CySysClkIloRestoreFactoryTrim
                0x00000000       0x30 .\CortexM0\ARM_GCC_541\Debug\Ordinario caja fuerte.a(CyLFClk.o)
 .text.CySysClkWcoStart
                0x00000000       0x40 .\CortexM0\ARM_GCC_541\Debug\Ordinario caja fuerte.a(CyLFClk.o)
 .text.CySysClkWcoSetPowerMode
                0x00000000       0x4c .\CortexM0\ARM_GCC_541\Debug\Ordinario caja fuerte.a(CyLFClk.o)
 .text.CySysClkWcoClockOutSelect
                0x00000000       0x2c .\CortexM0\ARM_GCC_541\Debug\Ordinario caja fuerte.a(CyLFClk.o)
 .text.CySysWdtGetEnabledStatus
                0x00000000       0x24 .\CortexM0\ARM_GCC_541\Debug\Ordinario caja fuerte.a(CyLFClk.o)
 .text.CySysWdtSetMode
                0x00000000       0x38 .\CortexM0\ARM_GCC_541\Debug\Ordinario caja fuerte.a(CyLFClk.o)
 .text.CySysClkLfclkPosedgeRestore
                0x00000000       0x2c .\CortexM0\ARM_GCC_541\Debug\Ordinario caja fuerte.a(CyLFClk.o)
 .text.CySysWdtGetMode
                0x00000000       0x14 .\CortexM0\ARM_GCC_541\Debug\Ordinario caja fuerte.a(CyLFClk.o)
 .text.CySysWdtSetClearOnMatch
                0x00000000       0x34 .\CortexM0\ARM_GCC_541\Debug\Ordinario caja fuerte.a(CyLFClk.o)
 .text.CySysWdtGetClearOnMatch
                0x00000000       0x24 .\CortexM0\ARM_GCC_541\Debug\Ordinario caja fuerte.a(CyLFClk.o)
 .text.CySysWdtEnable
                0x00000000       0x3c .\CortexM0\ARM_GCC_541\Debug\Ordinario caja fuerte.a(CyLFClk.o)
 .text.CySysWdtDisable
                0x00000000       0x44 .\CortexM0\ARM_GCC_541\Debug\Ordinario caja fuerte.a(CyLFClk.o)
 .text.CySysWdtSetCascade
                0x00000000       0x34 .\CortexM0\ARM_GCC_541\Debug\Ordinario caja fuerte.a(CyLFClk.o)
 .text.CySysWdtGetCascade
                0x00000000       0x14 .\CortexM0\ARM_GCC_541\Debug\Ordinario caja fuerte.a(CyLFClk.o)
 .text.CySysWdtSetMatch
                0x00000000       0x54 .\CortexM0\ARM_GCC_541\Debug\Ordinario caja fuerte.a(CyLFClk.o)
 .text.CySysWdtSetToggleBit
                0x00000000       0x30 .\CortexM0\ARM_GCC_541\Debug\Ordinario caja fuerte.a(CyLFClk.o)
 .text.CySysWdtGetToggleBit
                0x00000000       0x10 .\CortexM0\ARM_GCC_541\Debug\Ordinario caja fuerte.a(CyLFClk.o)
 .text.CySysWdtGetMatch
                0x00000000       0x20 .\CortexM0\ARM_GCC_541\Debug\Ordinario caja fuerte.a(CyLFClk.o)
 .text.CySysWdtGetCount
                0x00000000       0x3c .\CortexM0\ARM_GCC_541\Debug\Ordinario caja fuerte.a(CyLFClk.o)
 .text.CySysClkLfclkPosedgeCatch
                0x00000000       0x74 .\CortexM0\ARM_GCC_541\Debug\Ordinario caja fuerte.a(CyLFClk.o)
 .text.CySysClkIloStop
                0x00000000       0x4c .\CortexM0\ARM_GCC_541\Debug\Ordinario caja fuerte.a(CyLFClk.o)
 .text.CySysClkSetLfclkSource
                0x00000000       0x38 .\CortexM0\ARM_GCC_541\Debug\Ordinario caja fuerte.a(CyLFClk.o)
 .text.CySysClkWcoStop
                0x00000000       0x48 .\CortexM0\ARM_GCC_541\Debug\Ordinario caja fuerte.a(CyLFClk.o)
 .text.CySysWdtGetInterruptSource
                0x00000000       0x14 .\CortexM0\ARM_GCC_541\Debug\Ordinario caja fuerte.a(CyLFClk.o)
 .text.CySysWdtResetCounters
                0x00000000       0x20 .\CortexM0\ARM_GCC_541\Debug\Ordinario caja fuerte.a(CyLFClk.o)
 .text.CySysWdtSetInterruptCallback
                0x00000000       0x20 .\CortexM0\ARM_GCC_541\Debug\Ordinario caja fuerte.a(CyLFClk.o)
 .text.CySysWdtGetInterruptCallback
                0x00000000       0x20 .\CortexM0\ARM_GCC_541\Debug\Ordinario caja fuerte.a(CyLFClk.o)
 .text.CySysWdtEnableCounterIsr
                0x00000000       0x34 .\CortexM0\ARM_GCC_541\Debug\Ordinario caja fuerte.a(CyLFClk.o)
 .text.CySysWdtDisableCounterIsr
                0x00000000       0x28 .\CortexM0\ARM_GCC_541\Debug\Ordinario caja fuerte.a(CyLFClk.o)
 .text.CySysWatchdogFeed
                0x00000000       0x60 .\CortexM0\ARM_GCC_541\Debug\Ordinario caja fuerte.a(CyLFClk.o)
 .text.CySysTimerDelayUntilMatch
                0x00000000       0x6c .\CortexM0\ARM_GCC_541\Debug\Ordinario caja fuerte.a(CyLFClk.o)
 .text.CySysTimerDelay
                0x00000000       0x3c .\CortexM0\ARM_GCC_541\Debug\Ordinario caja fuerte.a(CyLFClk.o)
 .rodata        0x00000000        0xc .\CortexM0\ARM_GCC_541\Debug\Ordinario caja fuerte.a(CyLFClk.o)
 .text          0x00000000        0x0 .\CortexM0\ARM_GCC_541\Debug\Ordinario caja fuerte.a(UART.o)
 .data          0x00000000        0x0 .\CortexM0\ARM_GCC_541\Debug\Ordinario caja fuerte.a(UART.o)
 .text.UART_ScbModeStop
                0x00000000        0x8 .\CortexM0\ARM_GCC_541\Debug\Ordinario caja fuerte.a(UART.o)
 .text.UART_Stop
                0x00000000       0x20 .\CortexM0\ARM_GCC_541\Debug\Ordinario caja fuerte.a(UART.o)
 .text.UART_SetRxFifoLevel
                0x00000000       0x14 .\CortexM0\ARM_GCC_541\Debug\Ordinario caja fuerte.a(UART.o)
 .text.UART_SetTxFifoLevel
                0x00000000       0x14 .\CortexM0\ARM_GCC_541\Debug\Ordinario caja fuerte.a(UART.o)
 .text          0x00000000        0x0 .\CortexM0\ARM_GCC_541\Debug\Ordinario caja fuerte.a(UART_UART.o)
 .data          0x00000000        0x0 .\CortexM0\ARM_GCC_541\Debug\Ordinario caja fuerte.a(UART_UART.o)
 .bss           0x00000000        0x0 .\CortexM0\ARM_GCC_541\Debug\Ordinario caja fuerte.a(UART_UART.o)
 .text.UART_UartStop
                0x00000000       0x28 .\CortexM0\ARM_GCC_541\Debug\Ordinario caja fuerte.a(UART_UART.o)
 .text.UART_UartSetRxAddress
                0x00000000       0x14 .\CortexM0\ARM_GCC_541\Debug\Ordinario caja fuerte.a(UART_UART.o)
 .text.UART_UartSetRxAddressMask
                0x00000000       0x18 .\CortexM0\ARM_GCC_541\Debug\Ordinario caja fuerte.a(UART_UART.o)
 .text.UART_UartPutString
                0x00000000       0x18 .\CortexM0\ARM_GCC_541\Debug\Ordinario caja fuerte.a(UART_UART.o)
 .text.UART_UartPutCRLF
                0x00000000       0x14 .\CortexM0\ARM_GCC_541\Debug\Ordinario caja fuerte.a(UART_UART.o)
 .text.UART_UartEnableCts
                0x00000000       0x14 .\CortexM0\ARM_GCC_541\Debug\Ordinario caja fuerte.a(UART_UART.o)
 .text.UART_UartDisableCts
                0x00000000       0x14 .\CortexM0\ARM_GCC_541\Debug\Ordinario caja fuerte.a(UART_UART.o)
 .text.UART_UartSetCtsPolarity
                0x00000000       0x28 .\CortexM0\ARM_GCC_541\Debug\Ordinario caja fuerte.a(UART_UART.o)
 .text.UART_UartSendBreakBlocking
                0x00000000       0x58 .\CortexM0\ARM_GCC_541\Debug\Ordinario caja fuerte.a(UART_UART.o)
 .data          0x00000000        0x0 .\CortexM0\ARM_GCC_541\Debug\Ordinario caja fuerte.a(CyBootAsmGnu.o)
 .bss           0x00000000        0x0 .\CortexM0\ARM_GCC_541\Debug\Ordinario caja fuerte.a(CyBootAsmGnu.o)
 .text          0x00000000        0x0 .\CortexM0\ARM_GCC_541\Debug\Ordinario caja fuerte.a(CyFlash.o)
 .data          0x00000000        0x0 .\CortexM0\ARM_GCC_541\Debug\Ordinario caja fuerte.a(CyFlash.o)
 .bss           0x00000000        0x0 .\CortexM0\ARM_GCC_541\Debug\Ordinario caja fuerte.a(CyFlash.o)
 .text.CySysFlashClockBackup
                0x00000000        0x4 .\CortexM0\ARM_GCC_541\Debug\Ordinario caja fuerte.a(CyFlash.o)
 .text.CySysFlashClockRestore
                0x00000000        0x4 .\CortexM0\ARM_GCC_541\Debug\Ordinario caja fuerte.a(CyFlash.o)
 .text.CySysFlashWriteRow
                0x00000000      0x124 .\CortexM0\ARM_GCC_541\Debug\Ordinario caja fuerte.a(CyFlash.o)
 .text.CySysSFlashWriteUserRow
                0x00000000      0x110 .\CortexM0\ARM_GCC_541\Debug\Ordinario caja fuerte.a(CyFlash.o)
 .text          0x00000000        0x0 .\CortexM0\ARM_GCC_541\Debug\Ordinario caja fuerte.a(UART_SPI_UART.o)
 .data          0x00000000        0x0 .\CortexM0\ARM_GCC_541\Debug\Ordinario caja fuerte.a(UART_SPI_UART.o)
 .bss           0x00000000        0x0 .\CortexM0\ARM_GCC_541\Debug\Ordinario caja fuerte.a(UART_SPI_UART.o)
 .text.UART_SpiUartWriteTxData
                0x00000000       0x1c .\CortexM0\ARM_GCC_541\Debug\Ordinario caja fuerte.a(UART_SPI_UART.o)
 .text.UART_SpiUartPutArray
                0x00000000       0x18 .\CortexM0\ARM_GCC_541\Debug\Ordinario caja fuerte.a(UART_SPI_UART.o)
 .text.UART_SpiUartGetTxBufferSize
                0x00000000       0x10 .\CortexM0\ARM_GCC_541\Debug\Ordinario caja fuerte.a(UART_SPI_UART.o)
 .text.UART_SpiUartClearTxBuffer
                0x00000000       0x20 .\CortexM0\ARM_GCC_541\Debug\Ordinario caja fuerte.a(UART_SPI_UART.o)
 .text.UART_SpiUartDisableIntRx
                0x00000000       0x10 .\CortexM0\ARM_GCC_541\Debug\Ordinario caja fuerte.a(UART_SPI_UART.o)
 .text.UART_SpiUartDisableIntTx
                0x00000000       0x10 .\CortexM0\ARM_GCC_541\Debug\Ordinario caja fuerte.a(UART_SPI_UART.o)
 .text          0x00000000      0x114 c:/program files (x86)/cypress/psoc creator/4.3/psoc creator/import/gnu/arm/5.4.1/bin/../lib/gcc/arm-none-eabi/5.4.1/armv6-m\libgcc.a(_udivsi3.o)
 .data          0x00000000        0x0 c:/program files (x86)/cypress/psoc creator/4.3/psoc creator/import/gnu/arm/5.4.1/bin/../lib/gcc/arm-none-eabi/5.4.1/armv6-m\libgcc.a(_udivsi3.o)
 .bss           0x00000000        0x0 c:/program files (x86)/cypress/psoc creator/4.3/psoc creator/import/gnu/arm/5.4.1/bin/../lib/gcc/arm-none-eabi/5.4.1/armv6-m\libgcc.a(_udivsi3.o)
 .text          0x00000000      0x1d4 c:/program files (x86)/cypress/psoc creator/4.3/psoc creator/import/gnu/arm/5.4.1/bin/../lib/gcc/arm-none-eabi/5.4.1/armv6-m\libgcc.a(_divsi3.o)
 .data          0x00000000        0x0 c:/program files (x86)/cypress/psoc creator/4.3/psoc creator/import/gnu/arm/5.4.1/bin/../lib/gcc/arm-none-eabi/5.4.1/armv6-m\libgcc.a(_divsi3.o)
 .bss           0x00000000        0x0 c:/program files (x86)/cypress/psoc creator/4.3/psoc creator/import/gnu/arm/5.4.1/bin/../lib/gcc/arm-none-eabi/5.4.1/armv6-m\libgcc.a(_divsi3.o)
 .text          0x00000000        0x4 c:/program files (x86)/cypress/psoc creator/4.3/psoc creator/import/gnu/arm/5.4.1/bin/../lib/gcc/arm-none-eabi/5.4.1/armv6-m\libgcc.a(_dvmd_tls.o)
 .data          0x00000000        0x0 c:/program files (x86)/cypress/psoc creator/4.3/psoc creator/import/gnu/arm/5.4.1/bin/../lib/gcc/arm-none-eabi/5.4.1/armv6-m\libgcc.a(_dvmd_tls.o)
 .bss           0x00000000        0x0 c:/program files (x86)/cypress/psoc creator/4.3/psoc creator/import/gnu/arm/5.4.1/bin/../lib/gcc/arm-none-eabi/5.4.1/armv6-m\libgcc.a(_dvmd_tls.o)
 .text          0x00000000        0x0 c:/program files (x86)/cypress/psoc creator/4.3/psoc creator/import/gnu/arm/5.4.1/bin/../lib/gcc/arm-none-eabi/5.4.1/../../../../arm-none-eabi/lib/armv6-m\libg_nano.a(lib_a-errno.o)
 .data          0x00000000        0x0 c:/program files (x86)/cypress/psoc creator/4.3/psoc creator/import/gnu/arm/5.4.1/bin/../lib/gcc/arm-none-eabi/5.4.1/../../../../arm-none-eabi/lib/armv6-m\libg_nano.a(lib_a-errno.o)
 .bss           0x00000000        0x0 c:/program files (x86)/cypress/psoc creator/4.3/psoc creator/import/gnu/arm/5.4.1/bin/../lib/gcc/arm-none-eabi/5.4.1/../../../../arm-none-eabi/lib/armv6-m\libg_nano.a(lib_a-errno.o)
 .text          0x00000000        0x0 c:/program files (x86)/cypress/psoc creator/4.3/psoc creator/import/gnu/arm/5.4.1/bin/../lib/gcc/arm-none-eabi/5.4.1/../../../../arm-none-eabi/lib/armv6-m\libg_nano.a(lib_a-exit.o)
 .data          0x00000000        0x0 c:/program files (x86)/cypress/psoc creator/4.3/psoc creator/import/gnu/arm/5.4.1/bin/../lib/gcc/arm-none-eabi/5.4.1/../../../../arm-none-eabi/lib/armv6-m\libg_nano.a(lib_a-exit.o)
 .bss           0x00000000        0x0 c:/program files (x86)/cypress/psoc creator/4.3/psoc creator/import/gnu/arm/5.4.1/bin/../lib/gcc/arm-none-eabi/5.4.1/../../../../arm-none-eabi/lib/armv6-m\libg_nano.a(lib_a-exit.o)
 .text.exit     0x00000000       0x2c c:/program files (x86)/cypress/psoc creator/4.3/psoc creator/import/gnu/arm/5.4.1/bin/../lib/gcc/arm-none-eabi/5.4.1/../../../../arm-none-eabi/lib/armv6-m\libg_nano.a(lib_a-exit.o)
 .text          0x00000000        0x0 c:/program files (x86)/cypress/psoc creator/4.3/psoc creator/import/gnu/arm/5.4.1/bin/../lib/gcc/arm-none-eabi/5.4.1/../../../../arm-none-eabi/lib/armv6-m\libg_nano.a(lib_a-impure.o)
 .data          0x00000000        0x0 c:/program files (x86)/cypress/psoc creator/4.3/psoc creator/import/gnu/arm/5.4.1/bin/../lib/gcc/arm-none-eabi/5.4.1/../../../../arm-none-eabi/lib/armv6-m\libg_nano.a(lib_a-impure.o)
 .bss           0x00000000        0x0 c:/program files (x86)/cypress/psoc creator/4.3/psoc creator/import/gnu/arm/5.4.1/bin/../lib/gcc/arm-none-eabi/5.4.1/../../../../arm-none-eabi/lib/armv6-m\libg_nano.a(lib_a-impure.o)
 .rodata._global_impure_ptr
                0x00000000        0x4 c:/program files (x86)/cypress/psoc creator/4.3/psoc creator/import/gnu/arm/5.4.1/bin/../lib/gcc/arm-none-eabi/5.4.1/../../../../arm-none-eabi/lib/armv6-m\libg_nano.a(lib_a-impure.o)
 .text          0x00000000        0x0 c:/program files (x86)/cypress/psoc creator/4.3/psoc creator/import/gnu/arm/5.4.1/bin/../lib/gcc/arm-none-eabi/5.4.1/../../../../arm-none-eabi/lib/armv6-m\libg_nano.a(lib_a-init.o)
 .data          0x00000000        0x0 c:/program files (x86)/cypress/psoc creator/4.3/psoc creator/import/gnu/arm/5.4.1/bin/../lib/gcc/arm-none-eabi/5.4.1/../../../../arm-none-eabi/lib/armv6-m\libg_nano.a(lib_a-init.o)
 .bss           0x00000000        0x0 c:/program files (x86)/cypress/psoc creator/4.3/psoc creator/import/gnu/arm/5.4.1/bin/../lib/gcc/arm-none-eabi/5.4.1/../../../../arm-none-eabi/lib/armv6-m\libg_nano.a(lib_a-init.o)
 .text          0x00000000        0x0 c:/program files (x86)/cypress/psoc creator/4.3/psoc creator/import/gnu/arm/5.4.1/bin/../lib/gcc/arm-none-eabi/5.4.1/../../../../arm-none-eabi/lib/armv6-m\libg_nano.a(lib_a-memcpy-stub.o)
 .data          0x00000000        0x0 c:/program files (x86)/cypress/psoc creator/4.3/psoc creator/import/gnu/arm/5.4.1/bin/../lib/gcc/arm-none-eabi/5.4.1/../../../../arm-none-eabi/lib/armv6-m\libg_nano.a(lib_a-memcpy-stub.o)
 .bss           0x00000000        0x0 c:/program files (x86)/cypress/psoc creator/4.3/psoc creator/import/gnu/arm/5.4.1/bin/../lib/gcc/arm-none-eabi/5.4.1/../../../../arm-none-eabi/lib/armv6-m\libg_nano.a(lib_a-memcpy-stub.o)
 .text.memcpy   0x00000000       0x12 c:/program files (x86)/cypress/psoc creator/4.3/psoc creator/import/gnu/arm/5.4.1/bin/../lib/gcc/arm-none-eabi/5.4.1/../../../../arm-none-eabi/lib/armv6-m\libg_nano.a(lib_a-memcpy-stub.o)
 .text          0x00000000        0x0 c:/program files (x86)/cypress/psoc creator/4.3/psoc creator/import/gnu/arm/5.4.1/bin/../lib/gcc/arm-none-eabi/5.4.1/../../../../arm-none-eabi/lib/armv6-m\libg_nano.a(lib_a-memset.o)
 .data          0x00000000        0x0 c:/program files (x86)/cypress/psoc creator/4.3/psoc creator/import/gnu/arm/5.4.1/bin/../lib/gcc/arm-none-eabi/5.4.1/../../../../arm-none-eabi/lib/armv6-m\libg_nano.a(lib_a-memset.o)
 .bss           0x00000000        0x0 c:/program files (x86)/cypress/psoc creator/4.3/psoc creator/import/gnu/arm/5.4.1/bin/../lib/gcc/arm-none-eabi/5.4.1/../../../../arm-none-eabi/lib/armv6-m\libg_nano.a(lib_a-memset.o)
 .text          0x00000000        0x0 c:/program files (x86)/cypress/psoc creator/4.3/psoc creator/import/gnu/arm/5.4.1/bin/../lib/gcc/arm-none-eabi/5.4.1/armv6-m/crtend.o
 .data          0x00000000        0x0 c:/program files (x86)/cypress/psoc creator/4.3/psoc creator/import/gnu/arm/5.4.1/bin/../lib/gcc/arm-none-eabi/5.4.1/armv6-m/crtend.o
 .bss           0x00000000        0x0 c:/program files (x86)/cypress/psoc creator/4.3/psoc creator/import/gnu/arm/5.4.1/bin/../lib/gcc/arm-none-eabi/5.4.1/armv6-m/crtend.o
 .text          0x00000000        0x0 c:/program files (x86)/cypress/psoc creator/4.3/psoc creator/import/gnu/arm/5.4.1/bin/../lib/gcc/arm-none-eabi/5.4.1/armv6-m/crtn.o
 .data          0x00000000        0x0 c:/program files (x86)/cypress/psoc creator/4.3/psoc creator/import/gnu/arm/5.4.1/bin/../lib/gcc/arm-none-eabi/5.4.1/armv6-m/crtn.o
 .bss           0x00000000        0x0 c:/program files (x86)/cypress/psoc creator/4.3/psoc creator/import/gnu/arm/5.4.1/bin/../lib/gcc/arm-none-eabi/5.4.1/armv6-m/crtn.o

Memory Configuration

Name             Origin             Length             Attributes
rom              0x00000000         0x00020000         xr
ram              0x20000000         0x00004000         xrw
*default*        0x00000000         0xffffffff

Linker script and memory map

LOAD c:/program files (x86)/cypress/psoc creator/4.3/psoc creator/import/gnu/arm/5.4.1/bin/../lib/gcc/arm-none-eabi/5.4.1/armv6-m/crti.o
LOAD c:/program files (x86)/cypress/psoc creator/4.3/psoc creator/import/gnu/arm/5.4.1/bin/../lib/gcc/arm-none-eabi/5.4.1/armv6-m/crtbegin.o
LOAD c:/program files (x86)/cypress/psoc creator/4.3/psoc creator/import/gnu/arm/5.4.1/bin/../lib/gcc/arm-none-eabi/5.4.1/../../../../arm-none-eabi/lib/armv6-m/crt0.o
START GROUP
LOAD .\CortexM0\ARM_GCC_541\Debug\main.o
LOAD .\CortexM0\ARM_GCC_541\Debug\Lib_led.o
LOAD .\CortexM0\ARM_GCC_541\Debug\Keypad.o
LOAD .\CortexM0\ARM_GCC_541\Debug\cyfitter_cfg.o
LOAD .\CortexM0\ARM_GCC_541\Debug\cymetadata.o
LOAD .\CortexM0\ARM_GCC_541\Debug\Cm0Start.o
LOAD .\CortexM0\ARM_GCC_541\Debug\Ordinario caja fuerte.a
END GROUP
START GROUP
LOAD c:/program files (x86)/cypress/psoc creator/4.3/psoc creator/import/gnu/arm/5.4.1/bin/../lib/gcc/arm-none-eabi/5.4.1/armv6-m\libgcc.a
LOAD c:/program files (x86)/cypress/psoc creator/4.3/psoc creator/import/gnu/arm/5.4.1/bin/../lib/gcc/arm-none-eabi/5.4.1/../../../../arm-none-eabi/lib/armv6-m\libg_nano.a
LOAD c:/program files (x86)/cypress/psoc creator/4.3/psoc creator/import/gnu/arm/5.4.1/bin/../lib/gcc/arm-none-eabi/5.4.1/../../../../arm-none-eabi/lib/armv6-m\libc_nano.a
END GROUP
START GROUP
LOAD c:/program files (x86)/cypress/psoc creator/4.3/psoc creator/import/gnu/arm/5.4.1/bin/../lib/gcc/arm-none-eabi/5.4.1/armv6-m\libgcc.a
LOAD c:/program files (x86)/cypress/psoc creator/4.3/psoc creator/import/gnu/arm/5.4.1/bin/../lib/gcc/arm-none-eabi/5.4.1/../../../../arm-none-eabi/lib/armv6-m\libc_nano.a
END GROUP
LOAD c:/program files (x86)/cypress/psoc creator/4.3/psoc creator/import/gnu/arm/5.4.1/bin/../lib/gcc/arm-none-eabi/5.4.1/armv6-m/crtend.o
LOAD c:/program files (x86)/cypress/psoc creator/4.3/psoc creator/import/gnu/arm/5.4.1/bin/../lib/gcc/arm-none-eabi/5.4.1/armv6-m/crtn.o
START GROUP
LOAD c:/program files (x86)/cypress/psoc creator/4.3/psoc creator/import/gnu/arm/5.4.1/bin/../lib/gcc/arm-none-eabi/5.4.1/armv6-m\libgcc.a
LOAD c:/program files (x86)/cypress/psoc creator/4.3/psoc creator/import/gnu/arm/5.4.1/bin/../lib/gcc/arm-none-eabi/5.4.1/../../../../arm-none-eabi/lib/armv6-m\libc.a
LOAD c:/program files (x86)/cypress/psoc creator/4.3/psoc creator/import/gnu/arm/5.4.1/bin/../lib/gcc/arm-none-eabi/5.4.1/../../../../arm-none-eabi/lib/armv6-m\libnosys.a
END GROUP
                0x00000000                CY_APPL_ORIGIN = 0x0
                0x00000080                CY_FLASH_ROW_SIZE = 0x80
                0x00000001                CY_APPL_NUM = 0x1
                0x00000001                CY_APPL_MAX = 0x1
                0x00000040                CY_METADATA_SIZE = 0x40
                0x00000000                CY_APPL_LOADABLE = 0x0
                0x00000000                CY_CHECKSUM_EXCLUDE_SIZE = ALIGN (0x0, CY_FLASH_ROW_SIZE)
                0x00000000                CY_APP_FOR_STACK_AND_COPIER = 0x0
                [!provide]                PROVIDE (__cy_heap_start, _end)
                0x00000001                PROVIDE (__cy_region_num, ((__cy_regions_end - __cy_regions) / 0x10))
                0x20004000                PROVIDE (__cy_stack, (ORIGIN (ram) + LENGTH (ram)))
                [!provide]                PROVIDE (__cy_heap_end, (__cy_stack - 0x800))

.cybootloader   0x00000000        0x0
 *(.cybootloader)
                0x00000000                appl1_start = CY_APPL_ORIGIN?CY_APPL_ORIGIN:ALIGN (CY_FLASH_ROW_SIZE)
                0x0000ff80                appl2_start = (appl1_start + ALIGN ((((LENGTH (rom) - appl1_start) - (0x2 * CY_FLASH_ROW_SIZE)) / 0x2), CY_FLASH_ROW_SIZE))
                0x00000000                appl_start = (CY_APPL_NUM == 0x1)?appl1_start:appl2_start
                0x00000001                cy_project_type_bootloader = (appl_start == 0x0)?0x1:0x0
                0x00000000                cy_project_type_app_for_stack_and_copier = (CY_APP_FOR_STACK_AND_COPIER == 0x1)?0x1:0x0

.text           0x00000000      0xacc
 CREATE_OBJECT_SYMBOLS
                0x00000000                PROVIDE (__cy_interrupt_vector, RomVectors)
 *(.romvectors)
 .romvectors    0x00000000       0x10 .\CortexM0\ARM_GCC_541\Debug\Cm0Start.o
                0x00000000                RomVectors
                0x00000001                ASSERT ((. != __cy_interrupt_vector), No interrupt vector)
                0x00000001                ASSERT (CY_APPL_ORIGIN?(SIZEOF (.cybootloader) <= CY_APPL_ORIGIN):0x1, Wrong image location)
                0x00000010                PROVIDE (__cy_reset, Reset)
 *(.text.Reset)
 .text.Reset    0x00000010        0x8 .\CortexM0\ARM_GCC_541\Debug\Cm0Start.o
                0x00000010                Reset
                0x00000001                ASSERT ((. != __cy_reset), No reset code)
 *(.psocinit)
 .psocinit      0x00000018      0x158 .\CortexM0\ARM_GCC_541\Debug\cyfitter_cfg.o
                0x00000094                cyfitter_cfg
                0x00000170                . = MAX (., 0x100)
 *(.text .text.* .gnu.linkonce.t.*)
 .text          0x00000170       0x60 c:/program files (x86)/cypress/psoc creator/4.3/psoc creator/import/gnu/arm/5.4.1/bin/../lib/gcc/arm-none-eabi/5.4.1/armv6-m/crtbegin.o
 .text.main     0x000001d0        0xc .\CortexM0\ARM_GCC_541\Debug\main.o
                0x000001d0                main
 .text.PrenderAmarillo
                0x000001dc       0x18 .\CortexM0\ARM_GCC_541\Debug\Lib_led.o
                0x000001dc                PrenderAmarillo
 .text.ApagarAmarillo
                0x000001f4       0x18 .\CortexM0\ARM_GCC_541\Debug\Lib_led.o
                0x000001f4                ApagarAmarillo
 .text.InterrupRowButtons
                0x0000020c      0x17c .\CortexM0\ARM_GCC_541\Debug\Keypad.o
                0x0000020c                InterrupRowButtons
 .text.Keypad_start
                0x00000388       0x1c .\CortexM0\ARM_GCC_541\Debug\Keypad.o
                0x00000388                Keypad_start
 .text.AnalogSetDefault
                0x000003a4       0x20 .\CortexM0\ARM_GCC_541\Debug\cyfitter_cfg.o
 .text.CYMEMZERO
                0x000003c4        0xc .\CortexM0\ARM_GCC_541\Debug\cyfitter_cfg.o
 .text.IntDefaultHandler
                0x000003d0       0x10 .\CortexM0\ARM_GCC_541\Debug\Cm0Start.o
                0x000003d0                IntDefaultHandler
 .text.Start_c  0x000003e0       0x48 .\CortexM0\ARM_GCC_541\Debug\Cm0Start.o
                0x000003e0                Start_c
 .text.initialize_psoc
                0x00000428       0x4c .\CortexM0\ARM_GCC_541\Debug\Cm0Start.o
                0x00000428                initialize_psoc
 .text.Filas_Read
                0x00000474       0x10 .\CortexM0\ARM_GCC_541\Debug\Ordinario caja fuerte.a(Filas.o)
                0x00000474                Filas_Read
 .text.Filas_ClearInterrupt
                0x00000484       0x14 .\CortexM0\ARM_GCC_541\Debug\Ordinario caja fuerte.a(Filas.o)
                0x00000484                Filas_ClearInterrupt
 .text.IsrRowPins_SetVector
                0x00000498        0xc .\CortexM0\ARM_GCC_541\Debug\Ordinario caja fuerte.a(IsrRowPins.o)
                0x00000498                IsrRowPins_SetVector
 .text.IsrRowPins_SetPriority
                0x000004a4       0x24 .\CortexM0\ARM_GCC_541\Debug\Ordinario caja fuerte.a(IsrRowPins.o)
                0x000004a4                IsrRowPins_SetPriority
 .text.IsrRowPins_Enable
                0x000004c8        0xc .\CortexM0\ARM_GCC_541\Debug\Ordinario caja fuerte.a(IsrRowPins.o)
                0x000004c8                IsrRowPins_Enable
 .text.IsrRowPins_Disable
                0x000004d4        0xc .\CortexM0\ARM_GCC_541\Debug\Ordinario caja fuerte.a(IsrRowPins.o)
                0x000004d4                IsrRowPins_Disable
 .text.IsrRowPins_StartEx
                0x000004e0       0x1c .\CortexM0\ARM_GCC_541\Debug\Ordinario caja fuerte.a(IsrRowPins.o)
                0x000004e0                IsrRowPins_StartEx
 .text.Col_Write
                0x000004fc       0x18 .\CortexM0\ARM_GCC_541\Debug\Ordinario caja fuerte.a(Col.o)
                0x000004fc                Col_Write
 .text.Led_pins_Write
                0x00000514       0x18 .\CortexM0\ARM_GCC_541\Debug\Ordinario caja fuerte.a(Led_pins.o)
                0x00000514                Led_pins_Write
 .text.CySysClkImoDisableWcoLock
                0x0000052c       0x54 .\CortexM0\ARM_GCC_541\Debug\Ordinario caja fuerte.a(CyLib.o)
                0x0000052c                CySysClkImoDisableWcoLock
 .text.CySysClkImoGetWcoLock
                0x00000580       0x14 .\CortexM0\ARM_GCC_541\Debug\Ordinario caja fuerte.a(CyLib.o)
                0x00000580                CySysClkImoGetWcoLock
 .text.CyIntEnable
                0x00000594       0x14 .\CortexM0\ARM_GCC_541\Debug\Ordinario caja fuerte.a(CyLib.o)
                0x00000594                CyIntEnable
 .text.CyHalt   0x000005a8        0x4 .\CortexM0\ARM_GCC_541\Debug\Ordinario caja fuerte.a(CyLib.o)
                0x000005a8                CyHalt
 .text.CyIntSetVector
                0x000005ac       0x24 .\CortexM0\ARM_GCC_541\Debug\Ordinario caja fuerte.a(CyLib.o)
                0x000005ac                CyIntSetVector
 .text.CyDelay  0x000005d0       0x30 .\CortexM0\ARM_GCC_541\Debug\Ordinario caja fuerte.a(CyLib.o)
                0x000005d0                CyDelay
 .text.CySysClkImoEnableWcoLock
                0x00000600       0xf4 .\CortexM0\ARM_GCC_541\Debug\Ordinario caja fuerte.a(CyLib.o)
                0x00000600                CySysClkImoEnableWcoLock
 .text.CySysClkWriteImoFreq
                0x000006f4       0x80 .\CortexM0\ARM_GCC_541\Debug\Ordinario caja fuerte.a(CyLib.o)
                0x000006f4                CySysClkWriteImoFreq
 .text.CySysWdtLocked
                0x00000774       0x14 .\CortexM0\ARM_GCC_541\Debug\Ordinario caja fuerte.a(CyLFClk.o)
 .text.CySysClkWcoEnabled
                0x00000788       0x14 .\CortexM0\ARM_GCC_541\Debug\Ordinario caja fuerte.a(CyLFClk.o)
                0x00000788                CySysClkWcoEnabled
 .text.CySysWdtLock
                0x0000079c       0x1c .\CortexM0\ARM_GCC_541\Debug\Ordinario caja fuerte.a(CyLFClk.o)
                0x0000079c                CySysWdtLock
 .text.CySysWdtUnlock
                0x000007b8       0x30 .\CortexM0\ARM_GCC_541\Debug\Ordinario caja fuerte.a(CyLFClk.o)
                0x000007b8                CySysWdtUnlock
 .text.CySysWdtClearInterrupt
                0x000007e8       0x4c .\CortexM0\ARM_GCC_541\Debug\Ordinario caja fuerte.a(CyLFClk.o)
                0x000007e8                CySysWdtClearInterrupt
 .text.CySysWdtIsr
                0x00000834       0xa4 .\CortexM0\ARM_GCC_541\Debug\Ordinario caja fuerte.a(CyLFClk.o)
                0x00000834                CySysWdtIsr
 .text.UART_ScbModePostEnable
                0x000008d8        0x8 .\CortexM0\ARM_GCC_541\Debug\Ordinario caja fuerte.a(UART.o)
 .text.UART_Init
                0x000008e0        0x8 .\CortexM0\ARM_GCC_541\Debug\Ordinario caja fuerte.a(UART.o)
                0x000008e0                UART_Init
 .text.UART_Enable
                0x000008e8       0x18 .\CortexM0\ARM_GCC_541\Debug\Ordinario caja fuerte.a(UART.o)
                0x000008e8                UART_Enable
 .text.UART_Start
                0x00000900       0x20 .\CortexM0\ARM_GCC_541\Debug\Ordinario caja fuerte.a(UART.o)
                0x00000900                UART_Start
 .text.UART_UartInit
                0x00000920       0xa8 .\CortexM0\ARM_GCC_541\Debug\Ordinario caja fuerte.a(UART_UART.o)
                0x00000920                UART_UartInit
 .text.UART_UartPostEnable
                0x000009c8       0x24 .\CortexM0\ARM_GCC_541\Debug\Ordinario caja fuerte.a(UART_UART.o)
                0x000009c8                UART_UartPostEnable
 *fill*         0x000009ec        0x4 
 .text          0x000009f0       0x20 .\CortexM0\ARM_GCC_541\Debug\Ordinario caja fuerte.a(CyBootAsmGnu.o)
                0x000009f0                CyDelayCycles
                0x00000a02                CyEnterCriticalSection
                0x00000a0a                CyExitCriticalSection
 .text.CySysFlashSetWaitCycles
                0x00000a10       0x54 .\CortexM0\ARM_GCC_541\Debug\Ordinario caja fuerte.a(CyFlash.o)
                0x00000a10                CySysFlashSetWaitCycles
 .text.__errno  0x00000a64        0xc c:/program files (x86)/cypress/psoc creator/4.3/psoc creator/import/gnu/arm/5.4.1/bin/../lib/gcc/arm-none-eabi/5.4.1/../../../../arm-none-eabi/lib/armv6-m\libg_nano.a(lib_a-errno.o)
                0x00000a64                __errno
 .text.__libc_init_array
                0x00000a70       0x4c c:/program files (x86)/cypress/psoc creator/4.3/psoc creator/import/gnu/arm/5.4.1/bin/../lib/gcc/arm-none-eabi/5.4.1/../../../../arm-none-eabi/lib/armv6-m\libg_nano.a(lib_a-init.o)
                0x00000a70                __libc_init_array
 .text.memset   0x00000abc       0x10 c:/program files (x86)/cypress/psoc creator/4.3/psoc creator/import/gnu/arm/5.4.1/bin/../lib/gcc/arm-none-eabi/5.4.1/../../../../arm-none-eabi/lib/armv6-m\libg_nano.a(lib_a-memset.o)
                0x00000abc                memset
 *(.plt)
 *(.gnu.warning)
 *(.glue_7t)
 .glue_7t       0x00000acc        0x0 linker stubs
 *(.glue_7)
 .glue_7        0x00000acc        0x0 linker stubs
 *(.vfp11_veneer)
 .vfp11_veneer  0x00000acc        0x0 linker stubs
 *(.bootloader)
 *(.ARM.extab* .gnu.linkonce.armextab.*)
 *(.gcc_except_table)

.v4_bx          0x00000acc        0x0
 .v4_bx         0x00000acc        0x0 linker stubs

.iplt           0x00000acc        0x0
 .iplt          0x00000acc        0x0 c:/program files (x86)/cypress/psoc creator/4.3/psoc creator/import/gnu/arm/5.4.1/bin/../lib/gcc/arm-none-eabi/5.4.1/armv6-m/crtbegin.o

.eh_frame_hdr
 *(.eh_frame_hdr)

.eh_frame       0x00000acc        0x4
 *(.eh_frame)
 .eh_frame      0x00000acc        0x0 c:/program files (x86)/cypress/psoc creator/4.3/psoc creator/import/gnu/arm/5.4.1/bin/../lib/gcc/arm-none-eabi/5.4.1/armv6-m/crtbegin.o
 .eh_frame      0x00000acc        0x4 c:/program files (x86)/cypress/psoc creator/4.3/psoc creator/import/gnu/arm/5.4.1/bin/../lib/gcc/arm-none-eabi/5.4.1/armv6-m/crtend.o
                [!provide]                PROVIDE (__exidx_start, .)

.ARM.exidx
 *(.ARM.exidx* .gnu.linkonce.armexidx.*)
                0x00000ad0                __exidx_end = .

.rodata         0x00000ad0       0x70
 *(.rodata .rodata.* .gnu.linkonce.r.*)
 .rodata        0x00000ad0        0xc .\CortexM0\ARM_GCC_541\Debug\cyfitter_cfg.o
 .rodata        0x00000adc       0x2e .\CortexM0\ARM_GCC_541\Debug\Ordinario caja fuerte.a(CyLib.o)
                0x00000adc                cyImoFreqMhz2Reg
 .rodata.str1.1
                0x00000b0a        0x2 c:/program files (x86)/cypress/psoc creator/4.3/psoc creator/import/gnu/arm/5.4.1/bin/../lib/gcc/arm-none-eabi/5.4.1/../../../../arm-none-eabi/lib/armv6-m\libg_nano.a(lib_a-impure.o)
                0x00000b0c                . = ALIGN (0x4)
 *(.init)
 .init          0x00000b0c        0x4 c:/program files (x86)/cypress/psoc creator/4.3/psoc creator/import/gnu/arm/5.4.1/bin/../lib/gcc/arm-none-eabi/5.4.1/armv6-m/crti.o
                0x00000b0c                _init
 .init          0x00000b10        0x8 c:/program files (x86)/cypress/psoc creator/4.3/psoc creator/import/gnu/arm/5.4.1/bin/../lib/gcc/arm-none-eabi/5.4.1/armv6-m/crtn.o
                0x00000b18                . = ALIGN (0x4)
                0x00000b18                __preinit_array_start = .
 *(.preinit_array)
                0x00000b18                __preinit_array_end = .
                0x00000b18                . = ALIGN (0x4)
                0x00000b18                __init_array_start = .
 *(SORT(.init_array.*))
 *(.init_array)
 .init_array    0x00000b18        0x4 c:/program files (x86)/cypress/psoc creator/4.3/psoc creator/import/gnu/arm/5.4.1/bin/../lib/gcc/arm-none-eabi/5.4.1/armv6-m/crtbegin.o
 .init_array    0x00000b1c        0x4 .\CortexM0\ARM_GCC_541\Debug\Cm0Start.o
                0x00000b20                __init_array_end = .
                0x00000b20                . = ALIGN (0x4)
 *(.fini)
 .fini          0x00000b20        0x4 c:/program files (x86)/cypress/psoc creator/4.3/psoc creator/import/gnu/arm/5.4.1/bin/../lib/gcc/arm-none-eabi/5.4.1/armv6-m/crti.o
                0x00000b20                _fini
 .fini          0x00000b24        0x8 c:/program files (x86)/cypress/psoc creator/4.3/psoc creator/import/gnu/arm/5.4.1/bin/../lib/gcc/arm-none-eabi/5.4.1/armv6-m/crtn.o
                0x00000b2c                . = ALIGN (0x4)
                0x00000b2c                __fini_array_start = .
 *(.fini_array)
 .fini_array    0x00000b2c        0x4 c:/program files (x86)/cypress/psoc creator/4.3/psoc creator/import/gnu/arm/5.4.1/bin/../lib/gcc/arm-none-eabi/5.4.1/armv6-m/crtbegin.o
 *(SORT(.fini_array.*))
                0x00000b30                __fini_array_end = .
                0x00000b30                . = ALIGN (0x4)
 *crtbegin.o(.ctors)
 *(EXCLUDE_FILE(*crtend.o) .ctors)
 *(SORT(.ctors.*))
 *crtend.o(.ctors)
                0x00000b30                . = ALIGN (0x4)
 *crtbegin.o(.dtors)
 *(EXCLUDE_FILE(*crtend.o) .dtors)
 *(SORT(.dtors.*))
 *crtend.o(.dtors)
                0x00000b30                . = ALIGN (0x4)
                0x00000b30                __cy_regions = .
                0x00000b30        0x4 LONG 0xb40 __cy_region_init_ram
                0x00000b34        0x4 LONG 0x200000c0 __cy_region_start_data
                0x00000b38        0x4 LONG 0x88 __cy_region_init_size_ram
                0x00000b3c        0x4 LONG 0x150 __cy_region_zero_size_ram
                0x00000b40                __cy_regions_end = .
                0x00000b40                . = ALIGN (0x8)
                0x00000b40                _etext = .

.cy_checksum_exclude
                0x00000b40        0x0
 *(.cy_checksum_exclude)

.ramvectors     0x20000000       0xc0
                0x20000000                __cy_region_start_ram = .
 *(.ramvectors)
 .ramvectors    0x20000000       0xc0 .\CortexM0\ARM_GCC_541\Debug\Cm0Start.o
                0x20000000                CyRamVectors

.noinit
 *(.noinit)

.data           0x200000c0       0x88 load address 0x00000b40
                0x200000c0                __cy_region_start_data = .
 *(.jcr)
 .jcr           0x200000c0        0x0 c:/program files (x86)/cypress/psoc creator/4.3/psoc creator/import/gnu/arm/5.4.1/bin/../lib/gcc/arm-none-eabi/5.4.1/armv6-m/crtbegin.o
 .jcr           0x200000c0        0x4 c:/program files (x86)/cypress/psoc creator/4.3/psoc creator/import/gnu/arm/5.4.1/bin/../lib/gcc/arm-none-eabi/5.4.1/armv6-m/crtend.o
 *(.got.plt)
 *(.got)
 *(.shdata)
 *(.data .data.* .gnu.linkonce.d.*)
 .data          0x200000c4       0x14 .\CortexM0\ARM_GCC_541\Debug\Ordinario caja fuerte.a(CyLib.o)
                0x200000c4                CySysClkPumpConfig
                0x200000c8                cydelay32kMs
                0x200000cc                cydelayFreqKhz
                0x200000d0                cydelayFreqMhz
                0x200000d4                cydelayFreqHz
 .data          0x200000d8        0x8 .\CortexM0\ARM_GCC_541\Debug\Ordinario caja fuerte.a(CyLFClk.o)
 .data.impure_data
                0x200000e0       0x60 c:/program files (x86)/cypress/psoc creator/4.3/psoc creator/import/gnu/arm/5.4.1/bin/../lib/gcc/arm-none-eabi/5.4.1/../../../../arm-none-eabi/lib/armv6-m\libg_nano.a(lib_a-impure.o)
 .data._impure_ptr
                0x20000140        0x4 c:/program files (x86)/cypress/psoc creator/4.3/psoc creator/import/gnu/arm/5.4.1/bin/../lib/gcc/arm-none-eabi/5.4.1/../../../../arm-none-eabi/lib/armv6-m\libg_nano.a(lib_a-impure.o)
                0x20000140                _impure_ptr
                0x20000148                . = ALIGN (0x8)
 *fill*         0x20000144        0x4 
 *(.ram)
                0x20000148                _edata = .

.igot.plt       0x20000148        0x0 load address 0x00000bc8
 .igot.plt      0x20000148        0x0 c:/program files (x86)/cypress/psoc creator/4.3/psoc creator/import/gnu/arm/5.4.1/bin/../lib/gcc/arm-none-eabi/5.4.1/armv6-m/crtbegin.o

.bss            0x20000148      0x150 load address 0x00000bc8
                0x20000148                PROVIDE (__bss_start__, .)
 *(.shbss)
 *(.bss .bss.* .gnu.linkonce.b.*)
 .bss           0x20000148       0x1c c:/program files (x86)/cypress/psoc creator/4.3/psoc creator/import/gnu/arm/5.4.1/bin/../lib/gcc/arm-none-eabi/5.4.1/armv6-m/crtbegin.o
 .bss           0x20000164        0x1 .\CortexM0\ARM_GCC_541\Debug\Lib_led.o
 .bss           0x20000165        0x2 .\CortexM0\ARM_GCC_541\Debug\Keypad.o
                0x20000166                value
 *fill*         0x20000167        0x1 
 .bss           0x20000168       0x28 .\CortexM0\ARM_GCC_541\Debug\Ordinario caja fuerte.a(CyLFClk.o)
 .bss           0x20000190        0x4 .\CortexM0\ARM_GCC_541\Debug\Ordinario caja fuerte.a(UART.o)
                0x20000190                UART_initVar
                0x20000192                UART_IntrTxMask
 *(COMMON)
 COMMON         0x20000194       0xfe .\CortexM0\ARM_GCC_541\Debug\Keypad.o
                0x20000194                key
                0x20000198                show
                0x20000298                . = ALIGN (0x8)
 *fill*         0x20000292        0x6 
 *(.ram.b)
                0x20000298                _end = .
                0x20000298                __end = .
                0x20000298                PROVIDE (end, .)
                0x20000298                PROVIDE (__bss_end__, .)
                0x00000b40                __cy_region_init_ram = LOADADDR (.data)
                0x00000088                __cy_region_init_size_ram = (_edata - ADDR (.data))
                0x00000150                __cy_region_zero_size_ram = (_end - _edata)

.heap           0x20000298       0x80 load address 0x00000bc8
                0x20000298                . = _end
                0x20000318                . = (. + 0x80)
 *fill*         0x20000298       0x80 
                0x20000318                __cy_heap_limit = .

.stack          0x20003800      0x800
                0x20003800                __cy_stack_limit = .
                0x20004000                . = (. + 0x800)
 *fill*         0x20003800      0x800 
                0x00000001                ASSERT ((__cy_stack_limit >= __cy_heap_limit), region RAM overflowed with stack)
                0x00000000                cy_checksum_exclude_size = (CY_APPL_LOADABLE == 0x1)?SIZEOF (.cy_checksum_exclude):0x0
                0x00000001                ASSERT ((cy_checksum_exclude_size <= CY_CHECKSUM_EXCLUDE_SIZE), CY_BOOT: Section .cy_checksum_exclude size exceedes specified limit.)
                0x0001ffc0                cyloadermeta_start = (cy_project_type_bootloader || cy_project_type_app_for_stack_and_copier)?(LENGTH (rom) - CY_METADATA_SIZE):0xf0000000

.cyloadermeta
 *(.cyloadermeta)
                0x0001ffc0                cyloadablemeta_start = cy_project_type_app_for_stack_and_copier?((LENGTH (rom) - CY_FLASH_ROW_SIZE) - CY_METADATA_SIZE):((LENGTH (rom) - (CY_FLASH_ROW_SIZE * (CY_APPL_NUM - 0x1))) - CY_METADATA_SIZE)

.cyloadablemeta
 *(.cyloadablemeta)

.cyflashprotect
                0x90400000       0x80
 *(.cyflashprotect)
 .cyflashprotect
                0x90400000       0x80 .\CortexM0\ARM_GCC_541\Debug\cymetadata.o
                0x90400000                cy_meta_flashprotect

.cymeta         0x90500000        0xc
 *(.cymeta)
 .cymeta        0x90500000        0xc .\CortexM0\ARM_GCC_541\Debug\cymetadata.o
                0x90500000                cy_metadata

.cychipprotect  0x90600000        0x1
 *(.cychipprotect)
 .cychipprotect
                0x90600000        0x1 .\CortexM0\ARM_GCC_541\Debug\cymetadata.o
                0x90600000                cy_meta_chipprotect

.rel.dyn        0x00000bc8        0x0 load address 0x90600004
 .rel.iplt      0x00000bc8        0x0 c:/program files (x86)/cypress/psoc creator/4.3/psoc creator/import/gnu/arm/5.4.1/bin/../lib/gcc/arm-none-eabi/5.4.1/armv6-m/crtbegin.o

.stab
 *(.stab)

.stabstr
 *(.stabstr)

.debug
 *(.debug)

.line
 *(.line)

.debug_srcinfo
 *(.debug_srcinfo)

.debug_sfnames
 *(.debug_sfnames)

.debug_aranges  0x00000000      0x748
 *(.debug_aranges)
 .debug_aranges
                0x00000000       0x20 .\CortexM0\ARM_GCC_541\Debug\main.o
 .debug_aranges
                0x00000020       0x48 .\CortexM0\ARM_GCC_541\Debug\Lib_led.o
 .debug_aranges
                0x00000068       0x30 .\CortexM0\ARM_GCC_541\Debug\Keypad.o
 .debug_aranges
                0x00000098       0x38 .\CortexM0\ARM_GCC_541\Debug\cyfitter_cfg.o
 .debug_aranges
                0x000000d0       0x18 .\CortexM0\ARM_GCC_541\Debug\cymetadata.o
 .debug_aranges
                0x000000e8       0x48 .\CortexM0\ARM_GCC_541\Debug\Cm0Start.o
 .debug_aranges
                0x00000130       0x48 .\CortexM0\ARM_GCC_541\Debug\Ordinario caja fuerte.a(Filas.o)
 .debug_aranges
                0x00000178       0x80 .\CortexM0\ARM_GCC_541\Debug\Ordinario caja fuerte.a(IsrRowPins.o)
 .debug_aranges
                0x000001f8       0x48 .\CortexM0\ARM_GCC_541\Debug\Ordinario caja fuerte.a(Col.o)
 .debug_aranges
                0x00000240       0x48 .\CortexM0\ARM_GCC_541\Debug\Ordinario caja fuerte.a(Led_pins.o)
 .debug_aranges
                0x00000288      0x1c8 .\CortexM0\ARM_GCC_541\Debug\Ordinario caja fuerte.a(CyLib.o)
 .debug_aranges
                0x00000450      0x188 .\CortexM0\ARM_GCC_541\Debug\Ordinario caja fuerte.a(CyLFClk.o)
 .debug_aranges
                0x000005d8       0x58 .\CortexM0\ARM_GCC_541\Debug\Ordinario caja fuerte.a(UART.o)
 .debug_aranges
                0x00000630       0x70 .\CortexM0\ARM_GCC_541\Debug\Ordinario caja fuerte.a(UART_UART.o)
 .debug_aranges
                0x000006a0       0x20 .\CortexM0\ARM_GCC_541\Debug\Ordinario caja fuerte.a(CyBootAsmGnu.o)
 .debug_aranges
                0x000006c0       0x40 .\CortexM0\ARM_GCC_541\Debug\Ordinario caja fuerte.a(CyFlash.o)
 .debug_aranges
                0x00000700       0x48 .\CortexM0\ARM_GCC_541\Debug\Ordinario caja fuerte.a(UART_SPI_UART.o)

.debug_pubnames
 *(.debug_pubnames)

.debug_info     0x00000000     0x3c42
 *(.debug_info .gnu.linkonce.wi.*)
 .debug_info    0x00000000       0xcc .\CortexM0\ARM_GCC_541\Debug\main.o
 .debug_info    0x000000cc      0x171 .\CortexM0\ARM_GCC_541\Debug\Lib_led.o
 .debug_info    0x0000023d      0x2a8 .\CortexM0\ARM_GCC_541\Debug\Keypad.o
 .debug_info    0x000004e5      0x295 .\CortexM0\ARM_GCC_541\Debug\cyfitter_cfg.o
 .debug_info    0x0000077a       0xf8 .\CortexM0\ARM_GCC_541\Debug\cymetadata.o
 .debug_info    0x00000872      0x3a2 .\CortexM0\ARM_GCC_541\Debug\Cm0Start.o
 .debug_info    0x00000c14      0x19d .\CortexM0\ARM_GCC_541\Debug\Ordinario caja fuerte.a(Filas.o)
 .debug_info    0x00000db1      0x305 .\CortexM0\ARM_GCC_541\Debug\Ordinario caja fuerte.a(IsrRowPins.o)
 .debug_info    0x000010b6      0x19b .\CortexM0\ARM_GCC_541\Debug\Ordinario caja fuerte.a(Col.o)
 .debug_info    0x00001251      0x19d .\CortexM0\ARM_GCC_541\Debug\Ordinario caja fuerte.a(Led_pins.o)
 .debug_info    0x000013ee      0xd40 .\CortexM0\ARM_GCC_541\Debug\Ordinario caja fuerte.a(CyLib.o)
 .debug_info    0x0000212e     0x1058 .\CortexM0\ARM_GCC_541\Debug\Ordinario caja fuerte.a(CyLFClk.o)
 .debug_info    0x00003186      0x23a .\CortexM0\ARM_GCC_541\Debug\Ordinario caja fuerte.a(UART.o)
 .debug_info    0x000033c0      0x2b7 .\CortexM0\ARM_GCC_541\Debug\Ordinario caja fuerte.a(UART_UART.o)
 .debug_info    0x00003677       0xbc .\CortexM0\ARM_GCC_541\Debug\Ordinario caja fuerte.a(CyBootAsmGnu.o)
 .debug_info    0x00003733      0x350 .\CortexM0\ARM_GCC_541\Debug\Ordinario caja fuerte.a(CyFlash.o)
 .debug_info    0x00003a83      0x1bf .\CortexM0\ARM_GCC_541\Debug\Ordinario caja fuerte.a(UART_SPI_UART.o)

.debug_abbrev   0x00000000     0x124a
 *(.debug_abbrev)
 .debug_abbrev  0x00000000       0x76 .\CortexM0\ARM_GCC_541\Debug\main.o
 .debug_abbrev  0x00000076       0x7c .\CortexM0\ARM_GCC_541\Debug\Lib_led.o
 .debug_abbrev  0x000000f2       0xfb .\CortexM0\ARM_GCC_541\Debug\Keypad.o
 .debug_abbrev  0x000001ed      0x166 .\CortexM0\ARM_GCC_541\Debug\cyfitter_cfg.o
 .debug_abbrev  0x00000353       0x5d .\CortexM0\ARM_GCC_541\Debug\cymetadata.o
 .debug_abbrev  0x000003b0      0x1d7 .\CortexM0\ARM_GCC_541\Debug\Cm0Start.o
 .debug_abbrev  0x00000587       0xc8 .\CortexM0\ARM_GCC_541\Debug\Ordinario caja fuerte.a(Filas.o)
 .debug_abbrev  0x0000064f      0x19a .\CortexM0\ARM_GCC_541\Debug\Ordinario caja fuerte.a(IsrRowPins.o)
 .debug_abbrev  0x000007e9       0xc8 .\CortexM0\ARM_GCC_541\Debug\Ordinario caja fuerte.a(Col.o)
 .debug_abbrev  0x000008b1       0xc8 .\CortexM0\ARM_GCC_541\Debug\Ordinario caja fuerte.a(Led_pins.o)
 .debug_abbrev  0x00000979      0x20b .\CortexM0\ARM_GCC_541\Debug\Ordinario caja fuerte.a(CyLib.o)
 .debug_abbrev  0x00000b84      0x248 .\CortexM0\ARM_GCC_541\Debug\Ordinario caja fuerte.a(CyLFClk.o)
 .debug_abbrev  0x00000dcc       0xd5 .\CortexM0\ARM_GCC_541\Debug\Ordinario caja fuerte.a(UART.o)
 .debug_abbrev  0x00000ea1      0x116 .\CortexM0\ARM_GCC_541\Debug\Ordinario caja fuerte.a(UART_UART.o)
 .debug_abbrev  0x00000fb7       0x14 .\CortexM0\ARM_GCC_541\Debug\Ordinario caja fuerte.a(CyBootAsmGnu.o)
 .debug_abbrev  0x00000fcb      0x182 .\CortexM0\ARM_GCC_541\Debug\Ordinario caja fuerte.a(CyFlash.o)
 .debug_abbrev  0x0000114d       0xfd .\CortexM0\ARM_GCC_541\Debug\Ordinario caja fuerte.a(UART_SPI_UART.o)

.debug_line     0x00000000     0x1ae6
 *(.debug_line)
 .debug_line    0x00000000       0x48 .\CortexM0\ARM_GCC_541\Debug\main.o
 .debug_line    0x00000048       0xc8 .\CortexM0\ARM_GCC_541\Debug\Lib_led.o
 .debug_line    0x00000110      0x117 .\CortexM0\ARM_GCC_541\Debug\Keypad.o
 .debug_line    0x00000227      0x14c .\CortexM0\ARM_GCC_541\Debug\cyfitter_cfg.o
 .debug_line    0x00000373      0x141 .\CortexM0\ARM_GCC_541\Debug\cymetadata.o
 .debug_line    0x000004b4      0x236 .\CortexM0\ARM_GCC_541\Debug\Cm0Start.o
 .debug_line    0x000006ea       0xc0 .\CortexM0\ARM_GCC_541\Debug\Ordinario caja fuerte.a(Filas.o)
 .debug_line    0x000007aa      0x156 .\CortexM0\ARM_GCC_541\Debug\Ordinario caja fuerte.a(IsrRowPins.o)
 .debug_line    0x00000900       0xbd .\CortexM0\ARM_GCC_541\Debug\Ordinario caja fuerte.a(Col.o)
 .debug_line    0x000009bd       0xc2 .\CortexM0\ARM_GCC_541\Debug\Ordinario caja fuerte.a(Led_pins.o)
 .debug_line    0x00000a7f      0x563 .\CortexM0\ARM_GCC_541\Debug\Ordinario caja fuerte.a(CyLib.o)
 .debug_line    0x00000fe2      0x5d1 .\CortexM0\ARM_GCC_541\Debug\Ordinario caja fuerte.a(CyLFClk.o)
 .debug_line    0x000015b3      0x108 .\CortexM0\ARM_GCC_541\Debug\Ordinario caja fuerte.a(UART.o)
 .debug_line    0x000016bb      0x172 .\CortexM0\ARM_GCC_541\Debug\Ordinario caja fuerte.a(UART_UART.o)
 .debug_line    0x0000182d       0x68 .\CortexM0\ARM_GCC_541\Debug\Ordinario caja fuerte.a(CyBootAsmGnu.o)
 .debug_line    0x00001895      0x173 .\CortexM0\ARM_GCC_541\Debug\Ordinario caja fuerte.a(CyFlash.o)
 .debug_line    0x00001a08       0xde .\CortexM0\ARM_GCC_541\Debug\Ordinario caja fuerte.a(UART_SPI_UART.o)

.debug_frame    0x00000000     0x11d0
 *(.debug_frame)
 .debug_frame   0x00000000       0x2c .\CortexM0\ARM_GCC_541\Debug\main.o
 .debug_frame   0x0000002c       0xb8 .\CortexM0\ARM_GCC_541\Debug\Lib_led.o
 .debug_frame   0x000000e4       0x5c .\CortexM0\ARM_GCC_541\Debug\Keypad.o
 .debug_frame   0x00000140       0x74 .\CortexM0\ARM_GCC_541\Debug\cyfitter_cfg.o
 .debug_frame   0x000001b4       0xbc .\CortexM0\ARM_GCC_541\Debug\Cm0Start.o
 .debug_frame   0x00000270       0x70 .\CortexM0\ARM_GCC_541\Debug\Ordinario caja fuerte.a(Filas.o)
 .debug_frame   0x000002e0      0x110 .\CortexM0\ARM_GCC_541\Debug\Ordinario caja fuerte.a(IsrRowPins.o)
 .debug_frame   0x000003f0       0x70 .\CortexM0\ARM_GCC_541\Debug\Ordinario caja fuerte.a(Col.o)
 .debug_frame   0x00000460       0x70 .\CortexM0\ARM_GCC_541\Debug\Ordinario caja fuerte.a(Led_pins.o)
 .debug_frame   0x000004d0      0x48c .\CortexM0\ARM_GCC_541\Debug\Ordinario caja fuerte.a(CyLib.o)
 .debug_frame   0x0000095c      0x4a4 .\CortexM0\ARM_GCC_541\Debug\Ordinario caja fuerte.a(CyLFClk.o)
 .debug_frame   0x00000e00       0xd8 .\CortexM0\ARM_GCC_541\Debug\Ordinario caja fuerte.a(UART.o)
 .debug_frame   0x00000ed8       0xec .\CortexM0\ARM_GCC_541\Debug\Ordinario caja fuerte.a(UART_UART.o)
 .debug_frame   0x00000fc4       0x90 .\CortexM0\ARM_GCC_541\Debug\Ordinario caja fuerte.a(CyFlash.o)
 .debug_frame   0x00001054       0x80 .\CortexM0\ARM_GCC_541\Debug\Ordinario caja fuerte.a(UART_SPI_UART.o)
 .debug_frame   0x000010d4       0x20 c:/program files (x86)/cypress/psoc creator/4.3/psoc creator/import/gnu/arm/5.4.1/bin/../lib/gcc/arm-none-eabi/5.4.1/armv6-m\libgcc.a(_udivsi3.o)
 .debug_frame   0x000010f4       0x20 c:/program files (x86)/cypress/psoc creator/4.3/psoc creator/import/gnu/arm/5.4.1/bin/../lib/gcc/arm-none-eabi/5.4.1/armv6-m\libgcc.a(_divsi3.o)
 .debug_frame   0x00001114       0x20 c:/program files (x86)/cypress/psoc creator/4.3/psoc creator/import/gnu/arm/5.4.1/bin/../lib/gcc/arm-none-eabi/5.4.1/../../../../arm-none-eabi/lib/armv6-m\libg_nano.a(lib_a-errno.o)
 .debug_frame   0x00001134       0x28 c:/program files (x86)/cypress/psoc creator/4.3/psoc creator/import/gnu/arm/5.4.1/bin/../lib/gcc/arm-none-eabi/5.4.1/../../../../arm-none-eabi/lib/armv6-m\libg_nano.a(lib_a-exit.o)
 .debug_frame   0x0000115c       0x2c c:/program files (x86)/cypress/psoc creator/4.3/psoc creator/import/gnu/arm/5.4.1/bin/../lib/gcc/arm-none-eabi/5.4.1/../../../../arm-none-eabi/lib/armv6-m\libg_nano.a(lib_a-init.o)
 .debug_frame   0x00001188       0x28 c:/program files (x86)/cypress/psoc creator/4.3/psoc creator/import/gnu/arm/5.4.1/bin/../lib/gcc/arm-none-eabi/5.4.1/../../../../arm-none-eabi/lib/armv6-m\libg_nano.a(lib_a-memcpy-stub.o)
 .debug_frame   0x000011b0       0x20 c:/program files (x86)/cypress/psoc creator/4.3/psoc creator/import/gnu/arm/5.4.1/bin/../lib/gcc/arm-none-eabi/5.4.1/../../../../arm-none-eabi/lib/armv6-m\libg_nano.a(lib_a-memset.o)

.debug_str      0x00000000     0x1851
 *(.debug_str)
 .debug_str     0x00000000      0x180 .\CortexM0\ARM_GCC_541\Debug\main.o
                                0x1c0 (size before relaxing)
 .debug_str     0x00000180       0x79 .\CortexM0\ARM_GCC_541\Debug\Lib_led.o
                                0x220 (size before relaxing)
 .debug_str     0x000001f9       0x9c .\CortexM0\ARM_GCC_541\Debug\Keypad.o
                                0x275 (size before relaxing)
 .debug_str     0x00000295       0xcd .\CortexM0\ARM_GCC_541\Debug\cyfitter_cfg.o
                                0x287 (size before relaxing)
 .debug_str     0x00000362       0x63 .\CortexM0\ARM_GCC_541\Debug\cymetadata.o
                                0x1f4 (size before relaxing)
 .debug_str     0x000003c5      0x140 .\CortexM0\ARM_GCC_541\Debug\Cm0Start.o
                                0x32d (size before relaxing)
 .debug_str     0x00000505       0x90 .\CortexM0\ARM_GCC_541\Debug\Ordinario caja fuerte.a(Filas.o)
                                0x262 (size before relaxing)
 .debug_str     0x00000595      0x15b .\CortexM0\ARM_GCC_541\Debug\Ordinario caja fuerte.a(IsrRowPins.o)
                                0x35c (size before relaxing)
 .debug_str     0x000006f0       0x6f .\CortexM0\ARM_GCC_541\Debug\Ordinario caja fuerte.a(Col.o)
                                0x254 (size before relaxing)
 .debug_str     0x0000075f       0x8d .\CortexM0\ARM_GCC_541\Debug\Ordinario caja fuerte.a(Led_pins.o)
                                0x277 (size before relaxing)
 .debug_str     0x000007ec      0x5cc .\CortexM0\ARM_GCC_541\Debug\Ordinario caja fuerte.a(CyLib.o)
                                0x829 (size before relaxing)
 .debug_str     0x00000db8      0x6eb .\CortexM0\ARM_GCC_541\Debug\Ordinario caja fuerte.a(CyLFClk.o)
                                0x949 (size before relaxing)
 .debug_str     0x000014a3       0xf7 .\CortexM0\ARM_GCC_541\Debug\Ordinario caja fuerte.a(UART.o)
                                0x2c3 (size before relaxing)
 .debug_str     0x0000159a      0x147 .\CortexM0\ARM_GCC_541\Debug\Ordinario caja fuerte.a(UART_UART.o)
                                0x34a (size before relaxing)
 .debug_str     0x000016e1       0xa7 .\CortexM0\ARM_GCC_541\Debug\Ordinario caja fuerte.a(CyFlash.o)
                                0x2dc (size before relaxing)
 .debug_str     0x00001788       0xc9 .\CortexM0\ARM_GCC_541\Debug\Ordinario caja fuerte.a(UART_SPI_UART.o)
                                0x2a6 (size before relaxing)

.debug_loc      0x00000000     0x1e1b
 *(.debug_loc)
 .debug_loc     0x00000000       0x54 .\CortexM0\ARM_GCC_541\Debug\Keypad.o
 .debug_loc     0x00000054       0xa9 .\CortexM0\ARM_GCC_541\Debug\cyfitter_cfg.o
 .debug_loc     0x000000fd      0x14f .\CortexM0\ARM_GCC_541\Debug\Cm0Start.o
 .debug_loc     0x0000024c       0xa2 .\CortexM0\ARM_GCC_541\Debug\Ordinario caja fuerte.a(Filas.o)
 .debug_loc     0x000002ee       0x82 .\CortexM0\ARM_GCC_541\Debug\Ordinario caja fuerte.a(IsrRowPins.o)
 .debug_loc     0x00000370       0x81 .\CortexM0\ARM_GCC_541\Debug\Ordinario caja fuerte.a(Col.o)
 .debug_loc     0x000003f1       0xa2 .\CortexM0\ARM_GCC_541\Debug\Ordinario caja fuerte.a(Led_pins.o)
 .debug_loc     0x00000493      0x81c .\CortexM0\ARM_GCC_541\Debug\Ordinario caja fuerte.a(CyLib.o)
 .debug_loc     0x00000caf      0xdb7 .\CortexM0\ARM_GCC_541\Debug\Ordinario caja fuerte.a(CyLFClk.o)
 .debug_loc     0x00001a66       0x7e .\CortexM0\ARM_GCC_541\Debug\Ordinario caja fuerte.a(UART.o)
 .debug_loc     0x00001ae4      0x160 .\CortexM0\ARM_GCC_541\Debug\Ordinario caja fuerte.a(UART_UART.o)
 .debug_loc     0x00001c44      0x160 .\CortexM0\ARM_GCC_541\Debug\Ordinario caja fuerte.a(CyFlash.o)
 .debug_loc     0x00001da4       0x77 .\CortexM0\ARM_GCC_541\Debug\Ordinario caja fuerte.a(UART_SPI_UART.o)

.debug_macinfo
 *(.debug_macinfo)

.debug_ranges   0x00000000      0x620
 *(.debug_ranges)
 .debug_ranges  0x00000000       0x10 .\CortexM0\ARM_GCC_541\Debug\main.o
 .debug_ranges  0x00000010       0x38 .\CortexM0\ARM_GCC_541\Debug\Lib_led.o
 .debug_ranges  0x00000048       0x20 .\CortexM0\ARM_GCC_541\Debug\Keypad.o
 .debug_ranges  0x00000068       0x28 .\CortexM0\ARM_GCC_541\Debug\cyfitter_cfg.o
 .debug_ranges  0x00000090       0x38 .\CortexM0\ARM_GCC_541\Debug\Cm0Start.o
 .debug_ranges  0x000000c8       0x38 .\CortexM0\ARM_GCC_541\Debug\Ordinario caja fuerte.a(Filas.o)
 .debug_ranges  0x00000100       0x70 .\CortexM0\ARM_GCC_541\Debug\Ordinario caja fuerte.a(IsrRowPins.o)
 .debug_ranges  0x00000170       0x38 .\CortexM0\ARM_GCC_541\Debug\Ordinario caja fuerte.a(Col.o)
 .debug_ranges  0x000001a8       0x38 .\CortexM0\ARM_GCC_541\Debug\Ordinario caja fuerte.a(Led_pins.o)
 .debug_ranges  0x000001e0      0x1b8 .\CortexM0\ARM_GCC_541\Debug\Ordinario caja fuerte.a(CyLib.o)
 .debug_ranges  0x00000398      0x178 .\CortexM0\ARM_GCC_541\Debug\Ordinario caja fuerte.a(CyLFClk.o)
 .debug_ranges  0x00000510       0x48 .\CortexM0\ARM_GCC_541\Debug\Ordinario caja fuerte.a(UART.o)
 .debug_ranges  0x00000558       0x60 .\CortexM0\ARM_GCC_541\Debug\Ordinario caja fuerte.a(UART_UART.o)
 .debug_ranges  0x000005b8       0x30 .\CortexM0\ARM_GCC_541\Debug\Ordinario caja fuerte.a(CyFlash.o)
 .debug_ranges  0x000005e8       0x38 .\CortexM0\ARM_GCC_541\Debug\Ordinario caja fuerte.a(UART_SPI_UART.o)

.comment        0x00000000       0x6e
 .comment       0x00000000       0x6e .\CortexM0\ARM_GCC_541\Debug\main.o
                                 0x6f (size before relaxing)
 .comment       0x0000006e       0x6f .\CortexM0\ARM_GCC_541\Debug\Lib_led.o
 .comment       0x0000006e       0x6f .\CortexM0\ARM_GCC_541\Debug\Keypad.o
 .comment       0x0000006e       0x6f .\CortexM0\ARM_GCC_541\Debug\cyfitter_cfg.o
 .comment       0x0000006e       0x6f .\CortexM0\ARM_GCC_541\Debug\cymetadata.o
 .comment       0x0000006e       0x6f .\CortexM0\ARM_GCC_541\Debug\Cm0Start.o
 .comment       0x0000006e       0x6f .\CortexM0\ARM_GCC_541\Debug\Ordinario caja fuerte.a(Filas.o)
 .comment       0x0000006e       0x6f .\CortexM0\ARM_GCC_541\Debug\Ordinario caja fuerte.a(IsrRowPins.o)
 .comment       0x0000006e       0x6f .\CortexM0\ARM_GCC_541\Debug\Ordinario caja fuerte.a(Col.o)
 .comment       0x0000006e       0x6f .\CortexM0\ARM_GCC_541\Debug\Ordinario caja fuerte.a(Led_pins.o)
 .comment       0x0000006e       0x6f .\CortexM0\ARM_GCC_541\Debug\Ordinario caja fuerte.a(CyLib.o)
 .comment       0x0000006e       0x6f .\CortexM0\ARM_GCC_541\Debug\Ordinario caja fuerte.a(CyLFClk.o)
 .comment       0x0000006e       0x6f .\CortexM0\ARM_GCC_541\Debug\Ordinario caja fuerte.a(UART.o)
 .comment       0x0000006e       0x6f .\CortexM0\ARM_GCC_541\Debug\Ordinario caja fuerte.a(UART_UART.o)
 .comment       0x0000006e       0x6f .\CortexM0\ARM_GCC_541\Debug\Ordinario caja fuerte.a(CyFlash.o)
 .comment       0x0000006e       0x6f .\CortexM0\ARM_GCC_541\Debug\Ordinario caja fuerte.a(UART_SPI_UART.o)

.debug_weaknames
 *(.debug_weaknames)

.debug_funcnames
 *(.debug_funcnames)

.debug_typenames
 *(.debug_typenames)

.debug_varnames
 *(.debug_varnames)

.note.gnu.arm.ident
 *(.note.gnu.arm.ident)

.ARM.attributes
                0x00000000       0x28
 *(.ARM.attributes)
 .ARM.attributes
                0x00000000       0x1e c:/program files (x86)/cypress/psoc creator/4.3/psoc creator/import/gnu/arm/5.4.1/bin/../lib/gcc/arm-none-eabi/5.4.1/armv6-m/crti.o
 .ARM.attributes
                0x0000001e       0x2c c:/program files (x86)/cypress/psoc creator/4.3/psoc creator/import/gnu/arm/5.4.1/bin/../lib/gcc/arm-none-eabi/5.4.1/armv6-m/crtbegin.o
 .ARM.attributes
                0x0000004a       0x1b c:/program files (x86)/cypress/psoc creator/4.3/psoc creator/import/gnu/arm/5.4.1/bin/../lib/gcc/arm-none-eabi/5.4.1/../../../../arm-none-eabi/lib/armv6-m/crt0.o
 .ARM.attributes
                0x00000065       0x31 .\CortexM0\ARM_GCC_541\Debug\main.o
 .ARM.attributes
                0x00000096       0x31 .\CortexM0\ARM_GCC_541\Debug\Lib_led.o
 .ARM.attributes
                0x000000c7       0x31 .\CortexM0\ARM_GCC_541\Debug\Keypad.o
 .ARM.attributes
                0x000000f8       0x31 .\CortexM0\ARM_GCC_541\Debug\cyfitter_cfg.o
 .ARM.attributes
                0x00000129       0x31 .\CortexM0\ARM_GCC_541\Debug\cymetadata.o
 .ARM.attributes
                0x0000015a       0x31 .\CortexM0\ARM_GCC_541\Debug\Cm0Start.o
 .ARM.attributes
                0x0000018b       0x31 .\CortexM0\ARM_GCC_541\Debug\Ordinario caja fuerte.a(Filas.o)
 .ARM.attributes
                0x000001bc       0x31 .\CortexM0\ARM_GCC_541\Debug\Ordinario caja fuerte.a(IsrRowPins.o)
 .ARM.attributes
                0x000001ed       0x31 .\CortexM0\ARM_GCC_541\Debug\Ordinario caja fuerte.a(Col.o)
 .ARM.attributes
                0x0000021e       0x31 .\CortexM0\ARM_GCC_541\Debug\Ordinario caja fuerte.a(Led_pins.o)
 .ARM.attributes
                0x0000024f       0x31 .\CortexM0\ARM_GCC_541\Debug\Ordinario caja fuerte.a(CyLib.o)
 .ARM.attributes
                0x00000280       0x31 .\CortexM0\ARM_GCC_541\Debug\Ordinario caja fuerte.a(CyLFClk.o)
 .ARM.attributes
                0x000002b1       0x31 .\CortexM0\ARM_GCC_541\Debug\Ordinario caja fuerte.a(UART.o)
 .ARM.attributes
                0x000002e2       0x31 .\CortexM0\ARM_GCC_541\Debug\Ordinario caja fuerte.a(UART_UART.o)
 .ARM.attributes
                0x00000313       0x21 .\CortexM0\ARM_GCC_541\Debug\Ordinario caja fuerte.a(CyBootAsmGnu.o)
 .ARM.attributes
                0x00000334       0x31 .\CortexM0\ARM_GCC_541\Debug\Ordinario caja fuerte.a(CyFlash.o)
 .ARM.attributes
                0x00000365       0x31 .\CortexM0\ARM_GCC_541\Debug\Ordinario caja fuerte.a(UART_SPI_UART.o)
 .ARM.attributes
                0x00000396       0x1e c:/program files (x86)/cypress/psoc creator/4.3/psoc creator/import/gnu/arm/5.4.1/bin/../lib/gcc/arm-none-eabi/5.4.1/armv6-m\libgcc.a(_udivsi3.o)
 .ARM.attributes
                0x000003b4       0x1e c:/program files (x86)/cypress/psoc creator/4.3/psoc creator/import/gnu/arm/5.4.1/bin/../lib/gcc/arm-none-eabi/5.4.1/armv6-m\libgcc.a(_divsi3.o)
 .ARM.attributes
                0x000003d2       0x1e c:/program files (x86)/cypress/psoc creator/4.3/psoc creator/import/gnu/arm/5.4.1/bin/../lib/gcc/arm-none-eabi/5.4.1/armv6-m\libgcc.a(_dvmd_tls.o)
 .ARM.attributes
                0x000003f0       0x2c c:/program files (x86)/cypress/psoc creator/4.3/psoc creator/import/gnu/arm/5.4.1/bin/../lib/gcc/arm-none-eabi/5.4.1/../../../../arm-none-eabi/lib/armv6-m\libg_nano.a(lib_a-errno.o)
 .ARM.attributes
                0x0000041c       0x2c c:/program files (x86)/cypress/psoc creator/4.3/psoc creator/import/gnu/arm/5.4.1/bin/../lib/gcc/arm-none-eabi/5.4.1/../../../../arm-none-eabi/lib/armv6-m\libg_nano.a(lib_a-exit.o)
 .ARM.attributes
                0x00000448       0x2c c:/program files (x86)/cypress/psoc creator/4.3/psoc creator/import/gnu/arm/5.4.1/bin/../lib/gcc/arm-none-eabi/5.4.1/../../../../arm-none-eabi/lib/armv6-m\libg_nano.a(lib_a-impure.o)
 .ARM.attributes
                0x00000474       0x2c c:/program files (x86)/cypress/psoc creator/4.3/psoc creator/import/gnu/arm/5.4.1/bin/../lib/gcc/arm-none-eabi/5.4.1/../../../../arm-none-eabi/lib/armv6-m\libg_nano.a(lib_a-init.o)
 .ARM.attributes
                0x000004a0       0x2c c:/program files (x86)/cypress/psoc creator/4.3/psoc creator/import/gnu/arm/5.4.1/bin/../lib/gcc/arm-none-eabi/5.4.1/../../../../arm-none-eabi/lib/armv6-m\libg_nano.a(lib_a-memcpy-stub.o)
 .ARM.attributes
                0x000004cc       0x2c c:/program files (x86)/cypress/psoc creator/4.3/psoc creator/import/gnu/arm/5.4.1/bin/../lib/gcc/arm-none-eabi/5.4.1/../../../../arm-none-eabi/lib/armv6-m\libg_nano.a(lib_a-memset.o)
 .ARM.attributes
                0x000004f8       0x2c c:/program files (x86)/cypress/psoc creator/4.3/psoc creator/import/gnu/arm/5.4.1/bin/../lib/gcc/arm-none-eabi/5.4.1/armv6-m/crtend.o
 .ARM.attributes
                0x00000524       0x1e c:/program files (x86)/cypress/psoc creator/4.3/psoc creator/import/gnu/arm/5.4.1/bin/../lib/gcc/arm-none-eabi/5.4.1/armv6-m/crtn.o

/DISCARD/
 *(.note.GNU-stack)
OUTPUT(C:\Users\biosh\Desktop\Universidad\quinto parcial\Programacion embebida\ordinario\Ordinario caja fuerte.cydsn\CortexM0\ARM_GCC_541\Debug\Ordinario caja fuerte.elf elf32-littlearm)
