Archive member included to satisfy reference by file (symbol)

.\CortexM0\ARM_GCC_541\Debug\Ordinario caja fuerte.a(Filas.o)
                              .\CortexM0\ARM_GCC_541\Debug\Keypad.o (Filas_Read)
.\CortexM0\ARM_GCC_541\Debug\Ordinario caja fuerte.a(IsrRowPins.o)
                              .\CortexM0\ARM_GCC_541\Debug\Keypad.o (IsrRowPins_Enable)
.\CortexM0\ARM_GCC_541\Debug\Ordinario caja fuerte.a(Col.o)
                              .\CortexM0\ARM_GCC_541\Debug\Keypad.o (Col_Write)
.\CortexM0\ARM_GCC_541\Debug\Ordinario caja fuerte.a(Led_pins.o)
                              .\CortexM0\ARM_GCC_541\Debug\Lib_led.o (Led_pins_Write)
.\CortexM0\ARM_GCC_541\Debug\Ordinario caja fuerte.a(CyLib.o)
                              .\CortexM0\ARM_GCC_541\Debug\cyfitter_cfg.o (CyIntEnable)
.\CortexM0\ARM_GCC_541\Debug\Ordinario caja fuerte.a(CyLFClk.o)
                              .\CortexM0\ARM_GCC_541\Debug\Ordinario caja fuerte.a(CyLib.o) (CySysClkWcoEnabled)
.\CortexM0\ARM_GCC_541\Debug\Ordinario caja fuerte.a(UART.o)
                              .\CortexM0\ARM_GCC_541\Debug\Keypad.o (UART_Start)
.\CortexM0\ARM_GCC_541\Debug\Ordinario caja fuerte.a(UART_UART.o)
                              .\CortexM0\ARM_GCC_541\Debug\Ordinario caja fuerte.a(UART.o) (UART_UartInit)
.\CortexM0\ARM_GCC_541\Debug\Ordinario caja fuerte.a(CyBootAsmGnu.o)
                              .\CortexM0\ARM_GCC_541\Debug\Ordinario caja fuerte.a(CyLib.o) (CyDelayCycles)
.\CortexM0\ARM_GCC_541\Debug\Ordinario caja fuerte.a(CyFlash.o)
                              .\CortexM0\ARM_GCC_541\Debug\Ordinario caja fuerte.a(CyLib.o) (CySysFlashSetWaitCycles)
.\CortexM0\ARM_GCC_541\Debug\Ordinario caja fuerte.a(UART_SPI_UART.o)
                              .\CortexM0\ARM_GCC_541\Debug\Ordinario caja fuerte.a(UART_UART.o) (UART_SpiUartWriteTxData)
c:/program files (x86)/cypress/psoc creator/4.3/psoc creator/import/gnu/arm/5.4.1/bin/../lib/gcc/arm-none-eabi/5.4.1/armv6-m\libgcc.a(_udivsi3.o)
                              .\CortexM0\ARM_GCC_541\Debug\Ordinario caja fuerte.a(CyLib.o) (__aeabi_uidiv)
c:/program files (x86)/cypress/psoc creator/4.3/psoc creator/import/gnu/arm/5.4.1/bin/../lib/gcc/arm-none-eabi/5.4.1/armv6-m\libgcc.a(_divsi3.o)
                              .\CortexM0\ARM_GCC_541\Debug\Ordinario caja fuerte.a(CyLFClk.o) (__aeabi_idiv)
c:/program files (x86)/cypress/psoc creator/4.3/psoc creator/import/gnu/arm/5.4.1/bin/../lib/gcc/arm-none-eabi/5.4.1/armv6-m\libgcc.a(_dvmd_tls.o)
                              c:/program files (x86)/cypress/psoc creator/4.3/psoc creator/import/gnu/arm/5.4.1/bin/../lib/gcc/arm-none-eabi/5.4.1/armv6-m\libgcc.a(_udivsi3.o) (__aeabi_idiv0)
c:/program files (x86)/cypress/psoc creator/4.3/psoc creator/import/gnu/arm/5.4.1/bin/../lib/gcc/arm-none-eabi/5.4.1/../../../../arm-none-eabi/lib/armv6-m\libg_nano.a(lib_a-errno.o)
                              .\CortexM0\ARM_GCC_541\Debug\Cm0Start.o (__errno)
c:/program files (x86)/cypress/psoc creator/4.3/psoc creator/import/gnu/arm/5.4.1/bin/../lib/gcc/arm-none-eabi/5.4.1/../../../../arm-none-eabi/lib/armv6-m\libg_nano.a(lib_a-exit.o)
                              c:/program files (x86)/cypress/psoc creator/4.3/psoc creator/import/gnu/arm/5.4.1/bin/../lib/gcc/arm-none-eabi/5.4.1/../../../../arm-none-eabi/lib/armv6-m/crt0.o (exit)
c:/program files (x86)/cypress/psoc creator/4.3/psoc creator/import/gnu/arm/5.4.1/bin/../lib/gcc/arm-none-eabi/5.4.1/../../../../arm-none-eabi/lib/armv6-m\libg_nano.a(lib_a-impure.o)
                              c:/program files (x86)/cypress/psoc creator/4.3/psoc creator/import/gnu/arm/5.4.1/bin/../lib/gcc/arm-none-eabi/5.4.1/../../../../arm-none-eabi/lib/armv6-m\libg_nano.a(lib_a-exit.o) (_global_impure_ptr)
c:/program files (x86)/cypress/psoc creator/4.3/psoc creator/import/gnu/arm/5.4.1/bin/../lib/gcc/arm-none-eabi/5.4.1/../../../../arm-none-eabi/lib/armv6-m\libg_nano.a(lib_a-init.o)
                              c:/program files (x86)/cypress/psoc creator/4.3/psoc creator/import/gnu/arm/5.4.1/bin/../lib/gcc/arm-none-eabi/5.4.1/../../../../arm-none-eabi/lib/armv6-m/crt0.o (__libc_init_array)
c:/program files (x86)/cypress/psoc creator/4.3/psoc creator/import/gnu/arm/5.4.1/bin/../lib/gcc/arm-none-eabi/5.4.1/../../../../arm-none-eabi/lib/armv6-m\libg_nano.a(lib_a-memcpy-stub.o)
                              .\CortexM0\ARM_GCC_541\Debug\Ordinario caja fuerte.a(CyFlash.o) (memcpy)
c:/program files (x86)/cypress/psoc creator/4.3/psoc creator/import/gnu/arm/5.4.1/bin/../lib/gcc/arm-none-eabi/5.4.1/../../../../arm-none-eabi/lib/armv6-m\libg_nano.a(lib_a-memset.o)
                              c:/program files (x86)/cypress/psoc creator/4.3/psoc creator/import/gnu/arm/5.4.1/bin/../lib/gcc/arm-none-eabi/5.4.1/../../../../arm-none-eabi/lib/armv6-m/crt0.o (memset)
[...]
Memory Configuration

Name             Origin             Length             Attributes
rom              0x00000000         0x00020000         xr
ram              0x20000000         0x00004000         xrw
*default*        0x00000000         0xffffffff

Linker script and memory map

LOAD c:/program files (x86)/cypress/psoc creator/4.3/psoc creator/import/gnu/arm/5.4.1/bin/../lib/gcc/arm-none-eabi/5.4.1/armv6-m/crti.o
LOAD c:/program files (x86)/cypress/psoc creator/4.3/psoc creator/import/gnu/arm/5.4.1/bin/../lib/gcc/arm-none-eabi/5.4.1/armv6-m/crtbegin.o
LOAD c:/program files (x86)/cypress/psoc creator/4.3/psoc creator/import/gnu/arm/5.4.1/bin/../lib/gcc/arm-none-eabi/5.4.1/../../../../arm-none-eabi/lib/armv6-m/crt0.o
START GROUP
LOAD .\CortexM0\ARM_GCC_541\Debug\main.o
LOAD .\CortexM0\ARM_GCC_541\Debug\Lib_led.o
LOAD .\CortexM0\ARM_GCC_541\Debug\Keypad.o
LOAD .\CortexM0\ARM_GCC_541\Debug\cyfitter_cfg.o
LOAD .\CortexM0\ARM_GCC_541\Debug\cymetadata.o
LOAD .\CortexM0\ARM_GCC_541\Debug\Cm0Start.o
LOAD .\CortexM0\ARM_GCC_541\Debug\Ordinario caja fuerte.a
END GROUP
START GROUP
LOAD c:/program files (x86)/cypress/psoc creator/4.3/psoc creator/import/gnu/arm/5.4.1/bin/../lib/gcc/arm-none-eabi/5.4.1/armv6-m\libgcc.a
LOAD c:/program files (x86)/cypress/psoc creator/4.3/psoc creator/import/gnu/arm/5.4.1/bin/../lib/gcc/arm-none-eabi/5.4.1/../../../../arm-none-eabi/lib/armv6-m\libg_nano.a
LOAD c:/program files (x86)/cypress/psoc creator/4.3/psoc creator/import/gnu/arm/5.4.1/bin/../lib/gcc/arm-none-eabi/5.4.1/../../../../arm-none-eabi/lib/armv6-m\libc_nano.a
END GROUP
START GROUP
LOAD c:/program files (x86)/cypress/psoc creator/4.3/psoc creator/import/gnu/arm/5.4.1/bin/../lib/gcc/arm-none-eabi/5.4.1/armv6-m\libgcc.a
LOAD c:/program files (x86)/cypress/psoc creator/4.3/psoc creator/import/gnu/arm/5.4.1/bin/../lib/gcc/arm-none-eabi/5.4.1/../../../../arm-none-eabi/lib/armv6-m\libc_nano.a
END GROUP
LOAD c:/program files (x86)/cypress/psoc creator/4.3/psoc creator/import/gnu/arm/5.4.1/bin/../lib/gcc/arm-none-eabi/5.4.1/armv6-m/crtend.o
LOAD c:/program files (x86)/cypress/psoc creator/4.3/psoc creator/import/gnu/arm/5.4.1/bin/../lib/gcc/arm-none-eabi/5.4.1/armv6-m/crtn.o
START GROUP
LOAD c:/program files (x86)/cypress/psoc creator/4.3/psoc creator/import/gnu/arm/5.4.1/bin/../lib/gcc/arm-none-eabi/5.4.1/armv6-m\libgcc.a
LOAD c:/program files (x86)/cypress/psoc creator/4.3/psoc creator/import/gnu/arm/5.4.1/bin/../lib/gcc/arm-none-eabi/5.4.1/../../../../arm-none-eabi/lib/armv6-m\libc.a
LOAD c:/program files (x86)/cypress/psoc creator/4.3/psoc creator/import/gnu/arm/5.4.1/bin/../lib/gcc/arm-none-eabi/5.4.1/../../../../arm-none-eabi/lib/armv6-m\libnosys.a
END GROUP
                0x00000000                CY_APPL_ORIGIN = 0x0
                0x00000080                CY_FLASH_ROW_SIZE = 0x80
                0x00000001                CY_APPL_NUM = 0x1
                0x00000001                CY_APPL_MAX = 0x1
                0x00000040                CY_METADATA_SIZE = 0x40
                0x00000000                CY_APPL_LOADABLE = 0x0
                0x00000000                CY_CHECKSUM_EXCLUDE_SIZE = ALIGN (0x0, CY_FLASH_ROW_SIZE)
                0x00000000                CY_APP_FOR_STACK_AND_COPIER = 0x0
                [!provide]                PROVIDE (__cy_heap_start, _end)
                0x00000001                PROVIDE (__cy_region_num, ((__cy_regions_end - __cy_regions) / 0x10))
                0x20004000                PROVIDE (__cy_stack, (ORIGIN (ram) + LENGTH (ram)))
                [!provide]                PROVIDE (__cy_heap_end, (__cy_stack - 0x800))

.cybootloader   0x00000000        0x0
 *(.cybootloader)
                0x00000000                appl1_start = CY_APPL_ORIGIN?CY_APPL_ORIGIN:ALIGN (CY_FLASH_ROW_SIZE)
                0x0000ff80                appl2_start = (appl1_start + ALIGN ((((LENGTH (rom) - appl1_start) - (0x2 * CY_FLASH_ROW_SIZE)) / 0x2), CY_FLASH_ROW_SIZE))
                0x00000000                appl_start = (CY_APPL_NUM == 0x1)?appl1_start:appl2_start
                0x00000001                cy_project_type_bootloader = (appl_start == 0x0)?0x1:0x0
                0x00000000                cy_project_type_app_for_stack_and_copier = (CY_APP_FOR_STACK_AND_COPIER == 0x1)?0x1:0x0

.text           0x00000000     0x1482
 CREATE_OBJECT_SYMBOLS
                0x00000000                PROVIDE (__cy_interrupt_vector, RomVectors)
 *(.romvectors)
 .romvectors    0x00000000       0x10 .\CortexM0\ARM_GCC_541\Debug\Cm0Start.o
                0x00000000                RomVectors
                0x00000001                ASSERT ((. != __cy_interrupt_vector), No interrupt vector)
                0x00000001                ASSERT (CY_APPL_ORIGIN?(SIZEOF (.cybootloader) <= CY_APPL_ORIGIN):0x1, Wrong image location)
                0x00000010                PROVIDE (__cy_reset, Reset)
 *(.text.Reset)
 .text.Reset    0x00000010        0x8 .\CortexM0\ARM_GCC_541\Debug\Cm0Start.o
                0x00000010                Reset
                0x00000001                ASSERT ((. != __cy_reset), No reset code)
 *(.psocinit)
 .psocinit      0x00000018      0x158 .\CortexM0\ARM_GCC_541\Debug\cyfitter_cfg.o
                0x00000094                cyfitter_cfg
                0x00000170                . = MAX (., 0x100)
 *(.text .text.* .gnu.linkonce.t.*)
 .text          0x00000170       0x60 c:/program files (x86)/cypress/psoc creator/4.3/psoc creator/import/gnu/arm/5.4.1/bin/../lib/gcc/arm-none-eabi/5.4.1/armv6-m/crtbegin.o
 .text.main     0x000001d0        0xc .\CortexM0\ARM_GCC_541\Debug\main.o
                0x000001d0                main
 .text.InterrupRowButtons
                0x000001dc      0x194 .\CortexM0\ARM_GCC_541\Debug\Keypad.o
                0x000001dc                InterrupRowButtons
 .text.Keypad_start
                0x00000370       0x1c .\CortexM0\ARM_GCC_541\Debug\Keypad.o
                0x00000370                Keypad_start
 .text.AnalogSetDefault
                0x0000038c       0x20 .\CortexM0\ARM_GCC_541\Debug\cyfitter_cfg.o
 .text.CYMEMZERO
                0x000003ac        0xc .\CortexM0\ARM_GCC_541\Debug\cyfitter_cfg.o
 .text.IntDefaultHandler
                0x000003b8       0x10 .\CortexM0\ARM_GCC_541\Debug\Cm0Start.o
                0x000003b8                IntDefaultHandler
 .text._sbrk    0x000003c8       0x30 .\CortexM0\ARM_GCC_541\Debug\Cm0Start.o
                0x000003c8                _sbrk
 .text.Start_c  0x000003f8       0x48 .\CortexM0\ARM_GCC_541\Debug\Cm0Start.o
                0x000003f8                Start_c
 .text.initialize_psoc
                0x00000440       0x4c .\CortexM0\ARM_GCC_541\Debug\Cm0Start.o
                0x00000440                initialize_psoc
 .text.Filas_Read
                0x0000048c       0x10 .\CortexM0\ARM_GCC_541\Debug\Ordinario caja fuerte.a(Filas.o)
                0x0000048c                Filas_Read
 .text.Filas_ClearInterrupt
                0x0000049c       0x14 .\CortexM0\ARM_GCC_541\Debug\Ordinario caja fuerte.a(Filas.o)
                0x0000049c                Filas_ClearInterrupt
 .text.IsrRowPins_SetVector
                0x000004b0        0xc .\CortexM0\ARM_GCC_541\Debug\Ordinario caja fuerte.a(IsrRowPins.o)
                0x000004b0                IsrRowPins_SetVector
 .text.IsrRowPins_SetPriority
                0x000004bc       0x24 .\CortexM0\ARM_GCC_541\Debug\Ordinario caja fuerte.a(IsrRowPins.o)
                0x000004bc                IsrRowPins_SetPriority
 .text.IsrRowPins_Enable
                0x000004e0        0xc .\CortexM0\ARM_GCC_541\Debug\Ordinario caja fuerte.a(IsrRowPins.o)
                0x000004e0                IsrRowPins_Enable
 .text.IsrRowPins_Disable
                0x000004ec        0xc .\CortexM0\ARM_GCC_541\Debug\Ordinario caja fuerte.a(IsrRowPins.o)
                0x000004ec                IsrRowPins_Disable
 .text.IsrRowPins_StartEx
                0x000004f8       0x1c .\CortexM0\ARM_GCC_541\Debug\Ordinario caja fuerte.a(IsrRowPins.o)
                0x000004f8                IsrRowPins_StartEx
 .text.Col_Write
                0x00000514       0x18 .\CortexM0\ARM_GCC_541\Debug\Ordinario caja fuerte.a(Col.o)
                0x00000514                Col_Write
 .text.CySysClkImoDisableWcoLock
                0x0000052c       0x54 .\CortexM0\ARM_GCC_541\Debug\Ordinario caja fuerte.a(CyLib.o)
                0x0000052c                CySysClkImoDisableWcoLock
 .text.CySysClkImoGetWcoLock
                0x00000580       0x14 .\CortexM0\ARM_GCC_541\Debug\Ordinario caja fuerte.a(CyLib.o)
                0x00000580                CySysClkImoGetWcoLock
 .text.CyIntEnable
                0x00000594       0x14 .\CortexM0\ARM_GCC_541\Debug\Ordinario caja fuerte.a(CyLib.o)
                0x00000594                CyIntEnable
 .text.CyHalt   0x000005a8        0x4 .\CortexM0\ARM_GCC_541\Debug\Ordinario caja fuerte.a(CyLib.o)
                0x000005a8                CyHalt
 .text.CyIntSetVector
                0x000005ac       0x24 .\CortexM0\ARM_GCC_541\Debug\Ordinario caja fuerte.a(CyLib.o)
                0x000005ac                CyIntSetVector
 .text.CyDelay  0x000005d0       0x30 .\CortexM0\ARM_GCC_541\Debug\Ordinario caja fuerte.a(CyLib.o)
                0x000005d0                CyDelay
 .text.CySysClkImoEnableWcoLock
                0x00000600       0xf4 .\CortexM0\ARM_GCC_541\Debug\Ordinario caja fuerte.a(CyLib.o)
                0x00000600                CySysClkImoEnableWcoLock
 .text.CySysClkWriteImoFreq
                0x000006f4       0x80 .\CortexM0\ARM_GCC_541\Debug\Ordinario caja fuerte.a(CyLib.o)
                0x000006f4                CySysClkWriteImoFreq
 .text.CySysWdtLocked
                0x00000774       0x14 .\CortexM0\ARM_GCC_541\Debug\Ordinario caja fuerte.a(CyLFClk.o)
 .text.CySysClkWcoEnabled
                0x00000788       0x14 .\CortexM0\ARM_GCC_541\Debug\Ordinario caja fuerte.a(CyLFClk.o)
                0x00000788                CySysClkWcoEnabled
 .text.CySysWdtLock
                0x0000079c       0x1c .\CortexM0\ARM_GCC_541\Debug\Ordinario caja fuerte.a(CyLFClk.o)
                0x0000079c                CySysWdtLock
 .text.CySysWdtUnlock
                0x000007b8       0x30 .\CortexM0\ARM_GCC_541\Debug\Ordinario caja fuerte.a(CyLFClk.o)
                0x000007b8                CySysWdtUnlock
 .text.CySysWdtClearInterrupt
                0x000007e8       0x4c .\CortexM0\ARM_GCC_541\Debug\Ordinario caja fuerte.a(CyLFClk.o)
                0x000007e8                CySysWdtClearInterrupt
 .text.CySysWdtIsr
                0x00000834       0xa4 .\CortexM0\ARM_GCC_541\Debug\Ordinario caja fuerte.a(CyLFClk.o)
                0x00000834                CySysWdtIsr
 .text.UART_ScbModePostEnable
                0x000008d8        0x8 .\CortexM0\ARM_GCC_541\Debug\Ordinario caja fuerte.a(UART.o)
 .text.UART_Init
                0x000008e0        0x8 .\CortexM0\ARM_GCC_541\Debug\Ordinario caja fuerte.a(UART.o)
                0x000008e0                UART_Init
 .text.UART_Enable
                0x000008e8       0x18 .\CortexM0\ARM_GCC_541\Debug\Ordinario caja fuerte.a(UART.o)
                0x000008e8                UART_Enable
 .text.UART_Start
                0x00000900       0x20 .\CortexM0\ARM_GCC_541\Debug\Ordinario caja fuerte.a(UART.o)
                0x00000900                UART_Start
 .text.UART_UartInit
                0x00000920       0xa8 .\CortexM0\ARM_GCC_541\Debug\Ordinario caja fuerte.a(UART_UART.o)
                0x00000920                UART_UartInit
 .text.UART_UartPostEnable
                0x000009c8       0x24 .\CortexM0\ARM_GCC_541\Debug\Ordinario caja fuerte.a(UART_UART.o)
                0x000009c8                UART_UartPostEnable
 .text.UART_UartPutString
                0x000009ec       0x18 .\CortexM0\ARM_GCC_541\Debug\Ordinario caja fuerte.a(UART_UART.o)
                0x000009ec                UART_UartPutString
 .text.UART_UartPutCRLF
                0x00000a04       0x14 .\CortexM0\ARM_GCC_541\Debug\Ordinario caja fuerte.a(UART_UART.o)
                0x00000a04                UART_UartPutCRLF
 .text          0x00000a18       0x20 .\CortexM0\ARM_GCC_541\Debug\Ordinario caja fuerte.a(CyBootAsmGnu.o)
                0x00000a18                CyDelayCycles
                0x00000a2a                CyEnterCriticalSection
                0x00000a32                CyExitCriticalSection
 .text.CySysFlashSetWaitCycles
                0x00000a38       0x54 .\CortexM0\ARM_GCC_541\Debug\Ordinario caja fuerte.a(CyFlash.o)
                0x00000a38                CySysFlashSetWaitCycles
 .text.UART_SpiUartWriteTxData
                0x00000a8c       0x1c .\CortexM0\ARM_GCC_541\Debug\Ordinario caja fuerte.a(UART_SPI_UART.o)
                0x00000a8c                UART_SpiUartWriteTxData
 .text          0x00000aa8      0x114 c:/program files (x86)/cypress/psoc creator/4.3/psoc creator/import/gnu/arm/5.4.1/bin/../lib/gcc/arm-none-eabi/5.4.1/armv6-m\libgcc.a(_udivsi3.o)
                0x00000aa8                __aeabi_uidiv
                0x00000aa8                __udivsi3
                0x00000bb4                __aeabi_uidivmod
 .text          0x00000bbc        0x4 c:/program files (x86)/cypress/psoc creator/4.3/psoc creator/import/gnu/arm/5.4.1/bin/../lib/gcc/arm-none-eabi/5.4.1/armv6-m\libgcc.a(_dvmd_tls.o)
                0x00000bbc                __aeabi_idiv0
                0x00000bbc                __aeabi_ldiv0
 .text.__errno  0x00000bc0        0xc c:/program files (x86)/cypress/psoc creator/4.3/psoc creator/import/gnu/arm/5.4.1/bin/../lib/gcc/arm-none-eabi/5.4.1/../../../../arm-none-eabi/lib/armv6-m\libg_nano.a(lib_a-errno.o)
                0x00000bc0                __errno
 .text.__libc_init_array
                0x00000bcc       0x4c c:/program files (x86)/cypress/psoc creator/4.3/psoc creator/import/gnu/arm/5.4.1/bin/../lib/gcc/arm-none-eabi/5.4.1/../../../../arm-none-eabi/lib/armv6-m\libg_nano.a(lib_a-init.o)
                0x00000bcc                __libc_init_array
 .text.memcpy   0x00000c18       0x12 c:/program files (x86)/cypress/psoc creator/4.3/psoc creator/import/gnu/arm/5.4.1/bin/../lib/gcc/arm-none-eabi/5.4.1/../../../../arm-none-eabi/lib/armv6-m\libg_nano.a(lib_a-memcpy-stub.o)
                0x00000c18                memcpy
 .text.memset   0x00000c2a       0x10 c:/program files (x86)/cypress/psoc creator/4.3/psoc creator/import/gnu/arm/5.4.1/bin/../lib/gcc/arm-none-eabi/5.4.1/../../../../arm-none-eabi/lib/armv6-m\libg_nano.a(lib_a-memset.o)
                0x00000c2a                memset
 *fill*         0x00000c3a        0x2 
 .text.sprintf  0x00000c3c       0x44 c:/program files (x86)/cypress/psoc creator/4.3/psoc creator/import/gnu/arm/5.4.1/bin/../lib/gcc/arm-none-eabi/5.4.1/../../../../arm-none-eabi/lib/armv6-m\libg_nano.a(lib_a-sprintf.o)
                0x00000c3c                siprintf
                0x00000c3c                sprintf
 .text.__ssputs_r
                0x00000c80       0xc4 c:/program files (x86)/cypress/psoc creator/4.3/psoc creator/import/gnu/arm/5.4.1/bin/../lib/gcc/arm-none-eabi/5.4.1/../../../../arm-none-eabi/lib/armv6-m\libg_nano.a(lib_a-nano-svfprintf.o)
                0x00000c80                __ssputs_r
 .text._svfprintf_r
                0x00000d44      0x1fc c:/program files (x86)/cypress/psoc creator/4.3/psoc creator/import/gnu/arm/5.4.1/bin/../lib/gcc/arm-none-eabi/5.4.1/../../../../arm-none-eabi/lib/armv6-m\libg_nano.a(lib_a-nano-svfprintf.o)
                0x00000d44                _svfiprintf_r
                0x00000d44                _svfprintf_r
 .text._printf_common
                0x00000f40       0xdc c:/program files (x86)/cypress/psoc creator/4.3/psoc creator/import/gnu/arm/5.4.1/bin/../lib/gcc/arm-none-eabi/5.4.1/../../../../arm-none-eabi/lib/armv6-m\libg_nano.a(lib_a-nano-vfprintf_i.o)
                0x00000f40                _printf_common
 .text._printf_i
                0x0000101c      0x244 c:/program files (x86)/cypress/psoc creator/4.3/psoc creator/import/gnu/arm/5.4.1/bin/../lib/gcc/arm-none-eabi/5.4.1/../../../../arm-none-eabi/lib/armv6-m\libg_nano.a(lib_a-nano-vfprintf_i.o)
                0x0000101c                _printf_i
 .text.memchr   0x00001260       0x16 c:/program files (x86)/cypress/psoc creator/4.3/psoc creator/import/gnu/arm/5.4.1/bin/../lib/gcc/arm-none-eabi/5.4.1/../../../../arm-none-eabi/lib/armv6-m\libg_nano.a(lib_a-memchr-stub.o)
                0x00001260                memchr
 .text.memmove  0x00001276       0x2a c:/program files (x86)/cypress/psoc creator/4.3/psoc creator/import/gnu/arm/5.4.1/bin/../lib/gcc/arm-none-eabi/5.4.1/../../../../arm-none-eabi/lib/armv6-m\libg_nano.a(lib_a-memmove.o)
                0x00001276                memmove
 .text._free_r  0x000012a0       0x98 c:/program files (x86)/cypress/psoc creator/4.3/psoc creator/import/gnu/arm/5.4.1/bin/../lib/gcc/arm-none-eabi/5.4.1/../../../../arm-none-eabi/lib/armv6-m\libg_nano.a(lib_a-nano-freer.o)
                0x000012a0                _free_r
 .text._malloc_r
                0x00001338       0xc0 c:/program files (x86)/cypress/psoc creator/4.3/psoc creator/import/gnu/arm/5.4.1/bin/../lib/gcc/arm-none-eabi/5.4.1/../../../../arm-none-eabi/lib/armv6-m\libg_nano.a(lib_a-nano-mallocr.o)
                0x00001338                _malloc_r
 .text._realloc_r
                0x000013f8       0x4c c:/program files (x86)/cypress/psoc creator/4.3/psoc creator/import/gnu/arm/5.4.1/bin/../lib/gcc/arm-none-eabi/5.4.1/../../../../arm-none-eabi/lib/armv6-m\libg_nano.a(lib_a-nano-reallocr.o)
                0x000013f8                _realloc_r
 .text._sbrk_r  0x00001444       0x24 c:/program files (x86)/cypress/psoc creator/4.3/psoc creator/import/gnu/arm/5.4.1/bin/../lib/gcc/arm-none-eabi/5.4.1/../../../../arm-none-eabi/lib/armv6-m\libg_nano.a(lib_a-sbrkr.o)
                0x00001444                _sbrk_r
 .text.__malloc_lock
                0x00001468        0x2 c:/program files (x86)/cypress/psoc creator/4.3/psoc creator/import/gnu/arm/5.4.1/bin/../lib/gcc/arm-none-eabi/5.4.1/../../../../arm-none-eabi/lib/armv6-m\libg_nano.a(lib_a-mlock.o)
                0x00001468                __malloc_lock
 .text.__malloc_unlock
                0x0000146a        0x2 c:/program files (x86)/cypress/psoc creator/4.3/psoc creator/import/gnu/arm/5.4.1/bin/../lib/gcc/arm-none-eabi/5.4.1/../../../../arm-none-eabi/lib/armv6-m\libg_nano.a(lib_a-mlock.o)
                0x0000146a                __malloc_unlock
 .text._malloc_usable_size_r
                0x0000146c       0x16 c:/program files (x86)/cypress/psoc creator/4.3/psoc creator/import/gnu/arm/5.4.1/bin/../lib/gcc/arm-none-eabi/5.4.1/../../../../arm-none-eabi/lib/armv6-m\libg_nano.a(lib_a-nano-msizer.o)
                0x0000146c                _malloc_usable_size_r
 *(.plt)
 *(.gnu.warning)
 *(.glue_7t)
 .glue_7t       0x00001482        0x0 linker stubs
 *(.glue_7)
 .glue_7        0x00001482        0x0 linker stubs
 *(.vfp11_veneer)
 .vfp11_veneer  0x00001482        0x0 linker stubs
 *(.bootloader)
 *(.ARM.extab* .gnu.linkonce.armextab.*)
 *(.gcc_except_table)

.v4_bx          0x00001484        0x0
 .v4_bx         0x00001484        0x0 linker stubs

.iplt           0x00001484        0x0
 .iplt          0x00001484        0x0 c:/program files (x86)/cypress/psoc creator/4.3/psoc creator/import/gnu/arm/5.4.1/bin/../lib/gcc/arm-none-eabi/5.4.1/armv6-m/crtbegin.o

.eh_frame_hdr
 *(.eh_frame_hdr)

.eh_frame       0x00001484        0x4
 *(.eh_frame)
 .eh_frame      0x00001484        0x0 c:/program files (x86)/cypress/psoc creator/4.3/psoc creator/import/gnu/arm/5.4.1/bin/../lib/gcc/arm-none-eabi/5.4.1/armv6-m/crtbegin.o
 .eh_frame      0x00001484        0x4 c:/program files (x86)/cypress/psoc creator/4.3/psoc creator/import/gnu/arm/5.4.1/bin/../lib/gcc/arm-none-eabi/5.4.1/armv6-m/crtend.o
                [!provide]                PROVIDE (__exidx_start, .)

.ARM.exidx
 *(.ARM.exidx* .gnu.linkonce.armexidx.*)
                0x00001488                __exidx_end = .

.rodata         0x00001488       0xc0
 *(.rodata .rodata.* .gnu.linkonce.r.*)
 .rodata.str1.4
                0x00001488       0x18 .\CortexM0\ARM_GCC_541\Debug\Keypad.o
                                 0x16 (size before relaxing)
 .rodata        0x000014a0        0xc .\CortexM0\ARM_GCC_541\Debug\cyfitter_cfg.o
 .rodata        0x000014ac       0x2e .\CortexM0\ARM_GCC_541\Debug\Ordinario caja fuerte.a(CyLib.o)
                0x000014ac                cyImoFreqMhz2Reg
 .rodata.str1.1
                0x000014da        0x2 c:/program files (x86)/cypress/psoc creator/4.3/psoc creator/import/gnu/arm/5.4.1/bin/../lib/gcc/arm-none-eabi/5.4.1/../../../../arm-none-eabi/lib/armv6-m\libg_nano.a(lib_a-impure.o)
 .rodata.str1.1
                0x000014dc       0x11 c:/program files (x86)/cypress/psoc creator/4.3/psoc creator/import/gnu/arm/5.4.1/bin/../lib/gcc/arm-none-eabi/5.4.1/../../../../arm-none-eabi/lib/armv6-m\libg_nano.a(lib_a-nano-svfprintf.o)
 .rodata.str1.1
                0x000014ed       0x22 c:/program files (x86)/cypress/psoc creator/4.3/psoc creator/import/gnu/arm/5.4.1/bin/../lib/gcc/arm-none-eabi/5.4.1/../../../../arm-none-eabi/lib/armv6-m\libg_nano.a(lib_a-nano-vfprintf_i.o)
                0x00001510                . = ALIGN (0x4)
 *fill*         0x0000150f        0x1 
 *(.init)
 .init          0x00001510        0x4 c:/program files (x86)/cypress/psoc creator/4.3/psoc creator/import/gnu/arm/5.4.1/bin/../lib/gcc/arm-none-eabi/5.4.1/armv6-m/crti.o
                0x00001510                _init
 .init          0x00001514        0x8 c:/program files (x86)/cypress/psoc creator/4.3/psoc creator/import/gnu/arm/5.4.1/bin/../lib/gcc/arm-none-eabi/5.4.1/armv6-m/crtn.o
                0x0000151c                . = ALIGN (0x4)
                0x0000151c                __preinit_array_start = .
 *(.preinit_array)
                0x0000151c                __preinit_array_end = .
                0x0000151c                . = ALIGN (0x4)
                0x0000151c                __init_array_start = .
 *(SORT(.init_array.*))
 *(.init_array)
 .init_array    0x0000151c        0x4 c:/program files (x86)/cypress/psoc creator/4.3/psoc creator/import/gnu/arm/5.4.1/bin/../lib/gcc/arm-none-eabi/5.4.1/armv6-m/crtbegin.o
 .init_array    0x00001520        0x4 .\CortexM0\ARM_GCC_541\Debug\Cm0Start.o
                0x00001524                __init_array_end = .
                0x00001524                . = ALIGN (0x4)
 *(.fini)
 .fini          0x00001524        0x4 c:/program files (x86)/cypress/psoc creator/4.3/psoc creator/import/gnu/arm/5.4.1/bin/../lib/gcc/arm-none-eabi/5.4.1/armv6-m/crti.o
                0x00001524                _fini
 .fini          0x00001528        0x8 c:/program files (x86)/cypress/psoc creator/4.3/psoc creator/import/gnu/arm/5.4.1/bin/../lib/gcc/arm-none-eabi/5.4.1/armv6-m/crtn.o
                0x00001530                . = ALIGN (0x4)
                0x00001530                __fini_array_start = .
 *(.fini_array)
 .fini_array    0x00001530        0x4 c:/program files (x86)/cypress/psoc creator/4.3/psoc creator/import/gnu/arm/5.4.1/bin/../lib/gcc/arm-none-eabi/5.4.1/armv6-m/crtbegin.o
 *(SORT(.fini_array.*))
                0x00001534                __fini_array_end = .
                0x00001534                . = ALIGN (0x4)
 *crtbegin.o(.ctors)
 *(EXCLUDE_FILE(*crtend.o) .ctors)
 *(SORT(.ctors.*))
 *crtend.o(.ctors)
                0x00001534                . = ALIGN (0x4)
 *crtbegin.o(.dtors)
 *(EXCLUDE_FILE(*crtend.o) .dtors)
 *(SORT(.dtors.*))
 *crtend.o(.dtors)
                0x00001534                . = ALIGN (0x4)
                0x00001534                __cy_regions = .
                0x00001534        0x4 LONG 0x1548 __cy_region_init_ram
                0x00001538        0x4 LONG 0x200000c0 __cy_region_start_data
                0x0000153c        0x4 LONG 0x88 __cy_region_init_size_ram
                0x00001540        0x4 LONG 0x158 __cy_region_zero_size_ram
                0x00001544                __cy_regions_end = .
                0x00001548                . = ALIGN (0x8)
 *fill*         0x00001544        0x4 
                0x00001548                _etext = .

.cy_checksum_exclude
                0x00001548        0x0
 *(.cy_checksum_exclude)

.ramvectors     0x20000000       0xc0
                0x20000000                __cy_region_start_ram = .
 *(.ramvectors)
 .ramvectors    0x20000000       0xc0 .\CortexM0\ARM_GCC_541\Debug\Cm0Start.o
                0x20000000                CyRamVectors

.noinit
 *(.noinit)

.data           0x200000c0       0x88 load address 0x00001548
                0x200000c0                __cy_region_start_data = .
 *(.jcr)
 .jcr           0x200000c0        0x0 c:/program files (x86)/cypress/psoc creator/4.3/psoc creator/import/gnu/arm/5.4.1/bin/../lib/gcc/arm-none-eabi/5.4.1/armv6-m/crtbegin.o
 .jcr           0x200000c0        0x4 c:/program files (x86)/cypress/psoc creator/4.3/psoc creator/import/gnu/arm/5.4.1/bin/../lib/gcc/arm-none-eabi/5.4.1/armv6-m/crtend.o
 *(.got.plt)
 *(.got)
 *(.shdata)
 *(.data .data.* .gnu.linkonce.d.*)
 .data          0x200000c4        0x4 .\CortexM0\ARM_GCC_541\Debug\Cm0Start.o
 .data          0x200000c8       0x14 .\CortexM0\ARM_GCC_541\Debug\Ordinario caja fuerte.a(CyLib.o)
                0x200000c8                CySysClkPumpConfig
                0x200000cc                cydelay32kMs
                0x200000d0                cydelayFreqKhz
                0x200000d4                cydelayFreqMhz
                0x200000d8                cydelayFreqHz
 .data          0x200000dc        0x8 .\CortexM0\ARM_GCC_541\Debug\Ordinario caja fuerte.a(CyLFClk.o)
 .data.impure_data
                0x200000e4       0x60 c:/program files (x86)/cypress/psoc creator/4.3/psoc creator/import/gnu/arm/5.4.1/bin/../lib/gcc/arm-none-eabi/5.4.1/../../../../arm-none-eabi/lib/armv6-m\libg_nano.a(lib_a-impure.o)
 .data._impure_ptr
                0x20000144        0x4 c:/program files (x86)/cypress/psoc creator/4.3/psoc creator/import/gnu/arm/5.4.1/bin/../lib/gcc/arm-none-eabi/5.4.1/../../../../arm-none-eabi/lib/armv6-m\libg_nano.a(lib_a-impure.o)
                0x20000144                _impure_ptr
                0x20000148                . = ALIGN (0x8)
 *(.ram)
                0x20000148                _edata = .

.igot.plt       0x20000148        0x0 load address 0x000015d0
 .igot.plt      0x20000148        0x0 c:/program files (x86)/cypress/psoc creator/4.3/psoc creator/import/gnu/arm/5.4.1/bin/../lib/gcc/arm-none-eabi/5.4.1/armv6-m/crtbegin.o

.bss            0x20000148      0x158 load address 0x000015d0
                0x20000148                PROVIDE (__bss_start__, .)
 *(.shbss)
 *(.bss .bss.* .gnu.linkonce.b.*)
 .bss           0x20000148       0x1c c:/program files (x86)/cypress/psoc creator/4.3/psoc creator/import/gnu/arm/5.4.1/bin/../lib/gcc/arm-none-eabi/5.4.1/armv6-m/crtbegin.o
 .bss           0x20000164        0x2 .\CortexM0\ARM_GCC_541\Debug\Keypad.o
                0x20000165                value
 *fill*         0x20000166        0x2 
 .bss           0x20000168       0x28 .\CortexM0\ARM_GCC_541\Debug\Ordinario caja fuerte.a(CyLFClk.o)
 .bss           0x20000190        0x4 .\CortexM0\ARM_GCC_541\Debug\Ordinario caja fuerte.a(UART.o)
                0x20000190                UART_initVar
                0x20000192                UART_IntrTxMask
 .bss.__malloc_sbrk_start
                0x20000194        0x4 c:/program files (x86)/cypress/psoc creator/4.3/psoc creator/import/gnu/arm/5.4.1/bin/../lib/gcc/arm-none-eabi/5.4.1/../../../../arm-none-eabi/lib/armv6-m\libg_nano.a(lib_a-nano-mallocr.o)
                0x20000194                __malloc_sbrk_start
 .bss.__malloc_free_list
                0x20000198        0x4 c:/program files (x86)/cypress/psoc creator/4.3/psoc creator/import/gnu/arm/5.4.1/bin/../lib/gcc/arm-none-eabi/5.4.1/../../../../arm-none-eabi/lib/armv6-m\libg_nano.a(lib_a-nano-mallocr.o)
                0x20000198                __malloc_free_list
 *(COMMON)
 COMMON         0x2000019c       0xfe .\CortexM0\ARM_GCC_541\Debug\Keypad.o
                0x2000019c                key
                0x200001a0                show
 *fill*         0x2000029a        0x2 
 COMMON         0x2000029c        0x4 c:/program files (x86)/cypress/psoc creator/4.3/psoc creator/import/gnu/arm/5.4.1/bin/../lib/gcc/arm-none-eabi/5.4.1/../../../../arm-none-eabi/lib/armv6-m\libg_nano.a(lib_a-reent.o)
                0x2000029c                errno
                0x200002a0                . = ALIGN (0x8)
 *(.ram.b)
                0x200002a0                _end = .
                0x200002a0                __end = .
                0x200002a0                PROVIDE (end, .)
                0x200002a0                PROVIDE (__bss_end__, .)
                0x00001548                __cy_region_init_ram = LOADADDR (.data)
                0x00000088                __cy_region_init_size_ram = (_edata - ADDR (.data))
                0x00000158                __cy_region_zero_size_ram = (_end - _edata)

.heap           0x200002a0       0x80 load address 0x000015d0
                0x200002a0                . = _end
                0x20000320                . = (. + 0x80)
 *fill*         0x200002a0       0x80 
                0x20000320                __cy_heap_limit = .

.stack          0x20003800      0x800
                0x20003800                __cy_stack_limit = .
                0x20004000                . = (. + 0x800)
 *fill*         0x20003800      0x800 
                0x00000001                ASSERT ((__cy_stack_limit >= __cy_heap_limit), region RAM overflowed with stack)
                0x00000000                cy_checksum_exclude_size = (CY_APPL_LOADABLE == 0x1)?SIZEOF (.cy_checksum_exclude):0x0
                0x00000001                ASSERT ((cy_checksum_exclude_size <= CY_CHECKSUM_EXCLUDE_SIZE), CY_BOOT: Section .cy_checksum_exclude size exceedes specified limit.)
                0x0001ffc0                cyloadermeta_start = (cy_project_type_bootloader || cy_project_type_app_for_stack_and_copier)?(LENGTH (rom) - CY_METADATA_SIZE):0xf0000000

.cyloadermeta
 *(.cyloadermeta)
                0x0001ffc0                cyloadablemeta_start = cy_project_type_app_for_stack_and_copier?((LENGTH (rom) - CY_FLASH_ROW_SIZE) - CY_METADATA_SIZE):((LENGTH (rom) - (CY_FLASH_ROW_SIZE * (CY_APPL_NUM - 0x1))) - CY_METADATA_SIZE)

.cyloadablemeta
 *(.cyloadablemeta)

.cyflashprotect
                0x90400000       0x80
 *(.cyflashprotect)
 .cyflashprotect
                0x90400000       0x80 .\CortexM0\ARM_GCC_541\Debug\cymetadata.o
                0x90400000                cy_meta_flashprotect

.cymeta         0x90500000        0xc
 *(.cymeta)
 .cymeta        0x90500000        0xc .\CortexM0\ARM_GCC_541\Debug\cymetadata.o
                0x90500000                cy_metadata

.cychipprotect  0x90600000        0x1
 *(.cychipprotect)
 .cychipprotect
                0x90600000        0x1 .\CortexM0\ARM_GCC_541\Debug\cymetadata.o
                0x90600000                cy_meta_chipprotect

.rel.dyn        0x000015d0        0x0 load address 0x90600004
 .rel.iplt      0x000015d0        0x0 c:/program files (x86)/cypress/psoc creator/4.3/psoc creator/import/gnu/arm/5.4.1/bin/../lib/gcc/arm-none-eabi/5.4.1/armv6-m/crtbegin.o

.stab
 *(.stab)

.stabstr
 *(.stabstr)

.debug
 *(.debug)

.line
 *(.line)

.debug_srcinfo
 *(.debug_srcinfo)

.debug_sfnames
 *(.debug_sfnames)

.debug_aranges  0x00000000      0x748
 *(.debug_aranges)
 .debug_aranges
                0x00000000       0x20 .\CortexM0\ARM_GCC_541\Debug\main.o
 .debug_aranges
                0x00000020       0x48 .\CortexM0\ARM_GCC_541\Debug\Lib_led.o
 .debug_aranges
                0x00000068       0x30 .\CortexM0\ARM_GCC_541\Debug\Keypad.o
 .debug_aranges
                0x00000098       0x38 .\CortexM0\ARM_GCC_541\Debug\cyfitter_cfg.o
 .debug_aranges
                0x000000d0       0x18 .\CortexM0\ARM_GCC_541\Debug\cymetadata.o
 .debug_aranges
                0x000000e8       0x48 .\CortexM0\ARM_GCC_541\Debug\Cm0Start.o
 .debug_aranges
                0x00000130       0x48 .\CortexM0\ARM_GCC_541\Debug\Ordinario caja fuerte.a(Filas.o)
 .debug_aranges
                0x00000178       0x80 .\CortexM0\ARM_GCC_541\Debug\Ordinario caja fuerte.a(IsrRowPins.o)
 .debug_aranges
                0x000001f8       0x48 .\CortexM0\ARM_GCC_541\Debug\Ordinario caja fuerte.a(Col.o)
 .debug_aranges
                0x00000240       0x48 .\CortexM0\ARM_GCC_541\Debug\Ordinario caja fuerte.a(Led_pins.o)
 .debug_aranges
                0x00000288      0x1c8 .\CortexM0\ARM_GCC_541\Debug\Ordinario caja fuerte.a(CyLib.o)
 .debug_aranges
                0x00000450      0x188 .\CortexM0\ARM_GCC_541\Debug\Ordinario caja fuerte.a(CyLFClk.o)
 .debug_aranges
                0x000005d8       0x58 .\CortexM0\ARM_GCC_541\Debug\Ordinario caja fuerte.a(UART.o)
 .debug_aranges
                0x00000630       0x70 .\CortexM0\ARM_GCC_541\Debug\Ordinario caja fuerte.a(UART_UART.o)
 .debug_aranges
                0x000006a0       0x20 .\CortexM0\ARM_GCC_541\Debug\Ordinario caja fuerte.a(CyBootAsmGnu.o)
 .debug_aranges
                0x000006c0       0x40 .\CortexM0\ARM_GCC_541\Debug\Ordinario caja fuerte.a(CyFlash.o)
 .debug_aranges
                0x00000700       0x48 .\CortexM0\ARM_GCC_541\Debug\Ordinario caja fuerte.a(UART_SPI_UART.o)

.debug_pubnames
 *(.debug_pubnames)

.debug_info     0x00000000     0x3c86
 *(.debug_info .gnu.linkonce.wi.*)
 .debug_info    0x00000000       0xcc .\CortexM0\ARM_GCC_541\Debug\main.o
 .debug_info    0x000000cc      0x171 .\CortexM0\ARM_GCC_541\Debug\Lib_led.o
 .debug_info    0x0000023d      0x2ec .\CortexM0\ARM_GCC_541\Debug\Keypad.o
 .debug_info    0x00000529      0x295 .\CortexM0\ARM_GCC_541\Debug\cyfitter_cfg.o
 .debug_info    0x000007be       0xf8 .\CortexM0\ARM_GCC_541\Debug\cymetadata.o
 .debug_info    0x000008b6      0x3a2 .\CortexM0\ARM_GCC_541\Debug\Cm0Start.o
 .debug_info    0x00000c58      0x19d .\CortexM0\ARM_GCC_541\Debug\Ordinario caja fuerte.a(Filas.o)
 .debug_info    0x00000df5      0x305 .\CortexM0\ARM_GCC_541\Debug\Ordinario caja fuerte.a(IsrRowPins.o)
 .debug_info    0x000010fa      0x19b .\CortexM0\ARM_GCC_541\Debug\Ordinario caja fuerte.a(Col.o)
 .debug_info    0x00001295      0x19d .\CortexM0\ARM_GCC_541\Debug\Ordinario caja fuerte.a(Led_pins.o)
 .debug_info    0x00001432      0xd40 .\CortexM0\ARM_GCC_541\Debug\Ordinario caja fuerte.a(CyLib.o)
 .debug_info    0x00002172     0x1058 .\CortexM0\ARM_GCC_541\Debug\Ordinario caja fuerte.a(CyLFClk.o)
 .debug_info    0x000031ca      0x23a .\CortexM0\ARM_GCC_541\Debug\Ordinario caja fuerte.a(UART.o)
 .debug_info    0x00003404      0x2b7 .\CortexM0\ARM_GCC_541\Debug\Ordinario caja fuerte.a(UART_UART.o)
 .debug_info    0x000036bb       0xbc .\CortexM0\ARM_GCC_541\Debug\Ordinario caja fuerte.a(CyBootAsmGnu.o)
 .debug_info    0x00003777      0x350 .\CortexM0\ARM_GCC_541\Debug\Ordinario caja fuerte.a(CyFlash.o)
 .debug_info    0x00003ac7      0x1bf .\CortexM0\ARM_GCC_541\Debug\Ordinario caja fuerte.a(UART_SPI_UART.o)

.debug_abbrev   0x00000000     0x125b
 *(.debug_abbrev)
 .debug_abbrev  0x00000000       0x76 .\CortexM0\ARM_GCC_541\Debug\main.o
 .debug_abbrev  0x00000076       0x7c .\CortexM0\ARM_GCC_541\Debug\Lib_led.o
 .debug_abbrev  0x000000f2      0x10c .\CortexM0\ARM_GCC_541\Debug\Keypad.o
 .debug_abbrev  0x000001fe      0x166 .\CortexM0\ARM_GCC_541\Debug\cyfitter_cfg.o
 .debug_abbrev  0x00000364       0x5d .\CortexM0\ARM_GCC_541\Debug\cymetadata.o
 .debug_abbrev  0x000003c1      0x1d7 .\CortexM0\ARM_GCC_541\Debug\Cm0Start.o
 .debug_abbrev  0x00000598       0xc8 .\CortexM0\ARM_GCC_541\Debug\Ordinario caja fuerte.a(Filas.o)
 .debug_abbrev  0x00000660      0x19a .\CortexM0\ARM_GCC_541\Debug\Ordinario caja fuerte.a(IsrRowPins.o)
 .debug_abbrev  0x000007fa       0xc8 .\CortexM0\ARM_GCC_541\Debug\Ordinario caja fuerte.a(Col.o)
 .debug_abbrev  0x000008c2       0xc8 .\CortexM0\ARM_GCC_541\Debug\Ordinario caja fuerte.a(Led_pins.o)
 .debug_abbrev  0x0000098a      0x20b .\CortexM0\ARM_GCC_541\Debug\Ordinario caja fuerte.a(CyLib.o)
 .debug_abbrev  0x00000b95      0x248 .\CortexM0\ARM_GCC_541\Debug\Ordinario caja fuerte.a(CyLFClk.o)
 .debug_abbrev  0x00000ddd       0xd5 .\CortexM0\ARM_GCC_541\Debug\Ordinario caja fuerte.a(UART.o)
 .debug_abbrev  0x00000eb2      0x116 .\CortexM0\ARM_GCC_541\Debug\Ordinario caja fuerte.a(UART_UART.o)
 .debug_abbrev  0x00000fc8       0x14 .\CortexM0\ARM_GCC_541\Debug\Ordinario caja fuerte.a(CyBootAsmGnu.o)
 .debug_abbrev  0x00000fdc      0x182 .\CortexM0\ARM_GCC_541\Debug\Ordinario caja fuerte.a(CyFlash.o)
 .debug_abbrev  0x0000115e       0xfd .\CortexM0\ARM_GCC_541\Debug\Ordinario caja fuerte.a(UART_SPI_UART.o)

.debug_line     0x00000000     0x1b60
 *(.debug_line)
 .debug_line    0x00000000       0x48 .\CortexM0\ARM_GCC_541\Debug\main.o
 .debug_line    0x00000048       0xc8 .\CortexM0\ARM_GCC_541\Debug\Lib_led.o
 .debug_line    0x00000110      0x191 .\CortexM0\ARM_GCC_541\Debug\Keypad.o
 .debug_line    0x000002a1      0x14c .\CortexM0\ARM_GCC_541\Debug\cyfitter_cfg.o
 .debug_line    0x000003ed      0x141 .\CortexM0\ARM_GCC_541\Debug\cymetadata.o
 .debug_line    0x0000052e      0x236 .\CortexM0\ARM_GCC_541\Debug\Cm0Start.o
 .debug_line    0x00000764       0xc0 .\CortexM0\ARM_GCC_541\Debug\Ordinario caja fuerte.a(Filas.o)
 .debug_line    0x00000824      0x156 .\CortexM0\ARM_GCC_541\Debug\Ordinario caja fuerte.a(IsrRowPins.o)
 .debug_line    0x0000097a       0xbd .\CortexM0\ARM_GCC_541\Debug\Ordinario caja fuerte.a(Col.o)
 .debug_line    0x00000a37       0xc2 .\CortexM0\ARM_GCC_541\Debug\Ordinario caja fuerte.a(Led_pins.o)
 .debug_line    0x00000af9      0x563 .\CortexM0\ARM_GCC_541\Debug\Ordinario caja fuerte.a(CyLib.o)
 .debug_line    0x0000105c      0x5d1 .\CortexM0\ARM_GCC_541\Debug\Ordinario caja fuerte.a(CyLFClk.o)
 .debug_line    0x0000162d      0x108 .\CortexM0\ARM_GCC_541\Debug\Ordinario caja fuerte.a(UART.o)
 .debug_line    0x00001735      0x172 .\CortexM0\ARM_GCC_541\Debug\Ordinario caja fuerte.a(UART_UART.o)
 .debug_line    0x000018a7       0x68 .\CortexM0\ARM_GCC_541\Debug\Ordinario caja fuerte.a(CyBootAsmGnu.o)
 .debug_line    0x0000190f      0x173 .\CortexM0\ARM_GCC_541\Debug\Ordinario caja fuerte.a(CyFlash.o)
 .debug_line    0x00001a82       0xde .\CortexM0\ARM_GCC_541\Debug\Ordinario caja fuerte.a(UART_SPI_UART.o)

.debug_frame    0x00000000     0x147c
 *(.debug_frame)
 .debug_frame   0x00000000       0x2c .\CortexM0\ARM_GCC_541\Debug\main.o
 .debug_frame   0x0000002c       0xb8 .\CortexM0\ARM_GCC_541\Debug\Lib_led.o
 .debug_frame   0x000000e4       0x5c .\CortexM0\ARM_GCC_541\Debug\Keypad.o
 .debug_frame   0x00000140       0x74 .\CortexM0\ARM_GCC_541\Debug\cyfitter_cfg.o
 .debug_frame   0x000001b4       0xbc .\CortexM0\ARM_GCC_541\Debug\Cm0Start.o
 .debug_frame   0x00000270       0x70 .\CortexM0\ARM_GCC_541\Debug\Ordinario caja fuerte.a(Filas.o)
 .debug_frame   0x000002e0      0x110 .\CortexM0\ARM_GCC_541\Debug\Ordinario caja fuerte.a(IsrRowPins.o)
 .debug_frame   0x000003f0       0x70 .\CortexM0\ARM_GCC_541\Debug\Ordinario caja fuerte.a(Col.o)
 .debug_frame   0x00000460       0x70 .\CortexM0\ARM_GCC_541\Debug\Ordinario caja fuerte.a(Led_pins.o)
 .debug_frame   0x000004d0      0x48c .\CortexM0\ARM_GCC_541\Debug\Ordinario caja fuerte.a(CyLib.o)
 .debug_frame   0x0000095c      0x4a4 .\CortexM0\ARM_GCC_541\Debug\Ordinario caja fuerte.a(CyLFClk.o)
 .debug_frame   0x00000e00       0xd8 .\CortexM0\ARM_GCC_541\Debug\Ordinario caja fuerte.a(UART.o)
 .debug_frame   0x00000ed8       0xec .\CortexM0\ARM_GCC_541\Debug\Ordinario caja fuerte.a(UART_UART.o)
 .debug_frame   0x00000fc4       0x90 .\CortexM0\ARM_GCC_541\Debug\Ordinario caja fuerte.a(CyFlash.o)
 .debug_frame   0x00001054       0x80 .\CortexM0\ARM_GCC_541\Debug\Ordinario caja fuerte.a(UART_SPI_UART.o)
 .debug_frame   0x000010d4       0x20 c:/program files (x86)/cypress/psoc creator/4.3/psoc creator/import/gnu/arm/5.4.1/bin/../lib/gcc/arm-none-eabi/5.4.1/armv6-m\libgcc.a(_udivsi3.o)
 .debug_frame   0x000010f4       0x20 c:/program files (x86)/cypress/psoc creator/4.3/psoc creator/import/gnu/arm/5.4.1/bin/../lib/gcc/arm-none-eabi/5.4.1/armv6-m\libgcc.a(_divsi3.o)
 .debug_frame   0x00001114       0x20 c:/program files (x86)/cypress/psoc creator/4.3/psoc creator/import/gnu/arm/5.4.1/bin/../lib/gcc/arm-none-eabi/5.4.1/../../../../arm-none-eabi/lib/armv6-m\libg_nano.a(lib_a-errno.o)
 .debug_frame   0x00001134       0x28 c:/program files (x86)/cypress/psoc creator/4.3/psoc creator/import/gnu/arm/5.4.1/bin/../lib/gcc/arm-none-eabi/5.4.1/../../../../arm-none-eabi/lib/armv6-m\libg_nano.a(lib_a-exit.o)
 .debug_frame   0x0000115c       0x2c c:/program files (x86)/cypress/psoc creator/4.3/psoc creator/import/gnu/arm/5.4.1/bin/../lib/gcc/arm-none-eabi/5.4.1/../../../../arm-none-eabi/lib/armv6-m\libg_nano.a(lib_a-init.o)
 .debug_frame   0x00001188       0x28 c:/program files (x86)/cypress/psoc creator/4.3/psoc creator/import/gnu/arm/5.4.1/bin/../lib/gcc/arm-none-eabi/5.4.1/../../../../arm-none-eabi/lib/armv6-m\libg_nano.a(lib_a-memcpy-stub.o)
 .debug_frame   0x000011b0       0x20 c:/program files (x86)/cypress/psoc creator/4.3/psoc creator/import/gnu/arm/5.4.1/bin/../lib/gcc/arm-none-eabi/5.4.1/../../../../arm-none-eabi/lib/armv6-m\libg_nano.a(lib_a-memset.o)
 .debug_frame   0x000011d0       0x50 c:/program files (x86)/cypress/psoc creator/4.3/psoc creator/import/gnu/arm/5.4.1/bin/../lib/gcc/arm-none-eabi/5.4.1/../../../../arm-none-eabi/lib/armv6-m\libg_nano.a(lib_a-sprintf.o)
 .debug_frame   0x00001220       0x74 c:/program files (x86)/cypress/psoc creator/4.3/psoc creator/import/gnu/arm/5.4.1/bin/../lib/gcc/arm-none-eabi/5.4.1/../../../../arm-none-eabi/lib/armv6-m\libg_nano.a(lib_a-nano-svfprintf.o)
 .debug_frame   0x00001294       0x54 c:/program files (x86)/cypress/psoc creator/4.3/psoc creator/import/gnu/arm/5.4.1/bin/../lib/gcc/arm-none-eabi/5.4.1/../../../../arm-none-eabi/lib/armv6-m\libg_nano.a(lib_a-nano-vfprintf_i.o)
 .debug_frame   0x000012e8       0x20 c:/program files (x86)/cypress/psoc creator/4.3/psoc creator/import/gnu/arm/5.4.1/bin/../lib/gcc/arm-none-eabi/5.4.1/../../../../arm-none-eabi/lib/armv6-m\libg_nano.a(lib_a-memchr-stub.o)
 .debug_frame   0x00001308       0x28 c:/program files (x86)/cypress/psoc creator/4.3/psoc creator/import/gnu/arm/5.4.1/bin/../lib/gcc/arm-none-eabi/5.4.1/../../../../arm-none-eabi/lib/armv6-m\libg_nano.a(lib_a-memmove.o)
 .debug_frame   0x00001330       0x2c c:/program files (x86)/cypress/psoc creator/4.3/psoc creator/import/gnu/arm/5.4.1/bin/../lib/gcc/arm-none-eabi/5.4.1/../../../../arm-none-eabi/lib/armv6-m\libg_nano.a(lib_a-nano-freer.o)
 .debug_frame   0x0000135c       0x2c c:/program files (x86)/cypress/psoc creator/4.3/psoc creator/import/gnu/arm/5.4.1/bin/../lib/gcc/arm-none-eabi/5.4.1/../../../../arm-none-eabi/lib/armv6-m\libg_nano.a(lib_a-nano-mallocr.o)
 .debug_frame   0x00001388       0x30 c:/program files (x86)/cypress/psoc creator/4.3/psoc creator/import/gnu/arm/5.4.1/bin/../lib/gcc/arm-none-eabi/5.4.1/../../../../arm-none-eabi/lib/armv6-m\libg_nano.a(lib_a-nano-reallocr.o)
 .debug_frame   0x000013b8       0x2c c:/program files (x86)/cypress/psoc creator/4.3/psoc creator/import/gnu/arm/5.4.1/bin/../lib/gcc/arm-none-eabi/5.4.1/../../../../arm-none-eabi/lib/armv6-m\libg_nano.a(lib_a-sbrkr.o)
 .debug_frame   0x000013e4       0x30 c:/program files (x86)/cypress/psoc creator/4.3/psoc creator/import/gnu/arm/5.4.1/bin/../lib/gcc/arm-none-eabi/5.4.1/../../../../arm-none-eabi/lib/armv6-m\libg_nano.a(lib_a-mlock.o)
 .debug_frame   0x00001414       0x20 c:/program files (x86)/cypress/psoc creator/4.3/psoc creator/import/gnu/arm/5.4.1/bin/../lib/gcc/arm-none-eabi/5.4.1/../../../../arm-none-eabi/lib/armv6-m\libg_nano.a(lib_a-nano-msizer.o)
 .debug_frame   0x00001434       0x48 c:/program files (x86)/cypress/psoc creator/4.3/psoc creator/import/gnu/arm/5.4.1/bin/../lib/gcc/arm-none-eabi/5.4.1/../../../../arm-none-eabi/lib/armv6-m\libg_nano.a(lib_a-reent.o)

.debug_str      0x00000000     0x1859
 *(.debug_str)
 .debug_str     0x00000000      0x180 .\CortexM0\ARM_GCC_541\Debug\main.o
                                0x1c0 (size before relaxing)
 .debug_str     0x00000180       0x79 .\CortexM0\ARM_GCC_541\Debug\Lib_led.o
                                0x220 (size before relaxing)
 .debug_str     0x000001f9       0xc8 .\CortexM0\ARM_GCC_541\Debug\Keypad.o
                                0x282 (size before relaxing)
 .debug_str     0x000002c1       0xcd .\CortexM0\ARM_GCC_541\Debug\cyfitter_cfg.o
                                0x287 (size before relaxing)
 .debug_str     0x0000038e       0x63 .\CortexM0\ARM_GCC_541\Debug\cymetadata.o
                                0x1f4 (size before relaxing)
 .debug_str     0x000003f1      0x140 .\CortexM0\ARM_GCC_541\Debug\Cm0Start.o
                                0x32d (size before relaxing)
 .debug_str     0x00000531       0x90 .\CortexM0\ARM_GCC_541\Debug\Ordinario caja fuerte.a(Filas.o)
                                0x262 (size before relaxing)
 .debug_str     0x000005c1      0x15b .\CortexM0\ARM_GCC_541\Debug\Ordinario caja fuerte.a(IsrRowPins.o)
                                0x35c (size before relaxing)
 .debug_str     0x0000071c       0x6f .\CortexM0\ARM_GCC_541\Debug\Ordinario caja fuerte.a(Col.o)
                                0x254 (size before relaxing)
 .debug_str     0x0000078b       0x8d .\CortexM0\ARM_GCC_541\Debug\Ordinario caja fuerte.a(Led_pins.o)
                                0x277 (size before relaxing)
 .debug_str     0x00000818      0x5cc .\CortexM0\ARM_GCC_541\Debug\Ordinario caja fuerte.a(CyLib.o)
                                0x829 (size before relaxing)
 .debug_str     0x00000de4      0x6eb .\CortexM0\ARM_GCC_541\Debug\Ordinario caja fuerte.a(CyLFClk.o)
                                0x949 (size before relaxing)
 .debug_str     0x000014cf       0xf7 .\CortexM0\ARM_GCC_541\Debug\Ordinario caja fuerte.a(UART.o)
                                0x2c3 (size before relaxing)
 .debug_str     0x000015c6      0x123 .\CortexM0\ARM_GCC_541\Debug\Ordinario caja fuerte.a(UART_UART.o)
                                0x34a (size before relaxing)
 .debug_str     0x000016e9       0xa7 .\CortexM0\ARM_GCC_541\Debug\Ordinario caja fuerte.a(CyFlash.o)
                                0x2dc (size before relaxing)
 .debug_str     0x00001790       0xc9 .\CortexM0\ARM_GCC_541\Debug\Ordinario caja fuerte.a(UART_SPI_UART.o)
                                0x2a6 (size before relaxing)

.debug_loc      0x00000000     0x1e26
 *(.debug_loc)
 .debug_loc     0x00000000       0x5f .\CortexM0\ARM_GCC_541\Debug\Keypad.o
 .debug_loc     0x0000005f       0xa9 .\CortexM0\ARM_GCC_541\Debug\cyfitter_cfg.o
 .debug_loc     0x00000108      0x14f .\CortexM0\ARM_GCC_541\Debug\Cm0Start.o
 .debug_loc     0x00000257       0xa2 .\CortexM0\ARM_GCC_541\Debug\Ordinario caja fuerte.a(Filas.o)
 .debug_loc     0x000002f9       0x82 .\CortexM0\ARM_GCC_541\Debug\Ordinario caja fuerte.a(IsrRowPins.o)
 .debug_loc     0x0000037b       0x81 .\CortexM0\ARM_GCC_541\Debug\Ordinario caja fuerte.a(Col.o)
 .debug_loc     0x000003fc       0xa2 .\CortexM0\ARM_GCC_541\Debug\Ordinario caja fuerte.a(Led_pins.o)
 .debug_loc     0x0000049e      0x81c .\CortexM0\ARM_GCC_541\Debug\Ordinario caja fuerte.a(CyLib.o)
 .debug_loc     0x00000cba      0xdb7 .\CortexM0\ARM_GCC_541\Debug\Ordinario caja fuerte.a(CyLFClk.o)
 .debug_loc     0x00001a71       0x7e .\CortexM0\ARM_GCC_541\Debug\Ordinario caja fuerte.a(UART.o)
 .debug_loc     0x00001aef      0x160 .\CortexM0\ARM_GCC_541\Debug\Ordinario caja fuerte.a(UART_UART.o)
 .debug_loc     0x00001c4f      0x160 .\CortexM0\ARM_GCC_541\Debug\Ordinario caja fuerte.a(CyFlash.o)
 .debug_loc     0x00001daf       0x77 .\CortexM0\ARM_GCC_541\Debug\Ordinario caja fuerte.a(UART_SPI_UART.o)

.debug_macinfo
 *(.debug_macinfo)

.debug_ranges   0x00000000      0x620
 *(.debug_ranges)
 .debug_ranges  0x00000000       0x10 .\CortexM0\ARM_GCC_541\Debug\main.o
 .debug_ranges  0x00000010       0x38 .\CortexM0\ARM_GCC_541\Debug\Lib_led.o
 .debug_ranges  0x00000048       0x20 .\CortexM0\ARM_GCC_541\Debug\Keypad.o
 .debug_ranges  0x00000068       0x28 .\CortexM0\ARM_GCC_541\Debug\cyfitter_cfg.o
 .debug_ranges  0x00000090       0x38 .\CortexM0\ARM_GCC_541\Debug\Cm0Start.o
 .debug_ranges  0x000000c8       0x38 .\CortexM0\ARM_GCC_541\Debug\Ordinario caja fuerte.a(Filas.o)
 .debug_ranges  0x00000100       0x70 .\CortexM0\ARM_GCC_541\Debug\Ordinario caja fuerte.a(IsrRowPins.o)
 .debug_ranges  0x00000170       0x38 .\CortexM0\ARM_GCC_541\Debug\Ordinario caja fuerte.a(Col.o)
 .debug_ranges  0x000001a8       0x38 .\CortexM0\ARM_GCC_541\Debug\Ordinario caja fuerte.a(Led_pins.o)
 .debug_ranges  0x000001e0      0x1b8 .\CortexM0\ARM_GCC_541\Debug\Ordinario caja fuerte.a(CyLib.o)
 .debug_ranges  0x00000398      0x178 .\CortexM0\ARM_GCC_541\Debug\Ordinario caja fuerte.a(CyLFClk.o)
 .debug_ranges  0x00000510       0x48 .\CortexM0\ARM_GCC_541\Debug\Ordinario caja fuerte.a(UART.o)
 .debug_ranges  0x00000558       0x60 .\CortexM0\ARM_GCC_541\Debug\Ordinario caja fuerte.a(UART_UART.o)
 .debug_ranges  0x000005b8       0x30 .\CortexM0\ARM_GCC_541\Debug\Ordinario caja fuerte.a(CyFlash.o)
 .debug_ranges  0x000005e8       0x38 .\CortexM0\ARM_GCC_541\Debug\Ordinario caja fuerte.a(UART_SPI_UART.o)

.comment        0x00000000       0x6e
 .comment       0x00000000       0x6e .\CortexM0\ARM_GCC_541\Debug\main.o
                                 0x6f (size before relaxing)
 .comment       0x0000006e       0x6f .\CortexM0\ARM_GCC_541\Debug\Lib_led.o
 .comment       0x0000006e       0x6f .\CortexM0\ARM_GCC_541\Debug\Keypad.o
 .comment       0x0000006e       0x6f .\CortexM0\ARM_GCC_541\Debug\cyfitter_cfg.o
 .comment       0x0000006e       0x6f .\CortexM0\ARM_GCC_541\Debug\cymetadata.o
 .comment       0x0000006e       0x6f .\CortexM0\ARM_GCC_541\Debug\Cm0Start.o
 .comment       0x0000006e       0x6f .\CortexM0\ARM_GCC_541\Debug\Ordinario caja fuerte.a(Filas.o)
 .comment       0x0000006e       0x6f .\CortexM0\ARM_GCC_541\Debug\Ordinario caja fuerte.a(IsrRowPins.o)
 .comment       0x0000006e       0x6f .\CortexM0\ARM_GCC_541\Debug\Ordinario caja fuerte.a(Col.o)
 .comment       0x0000006e       0x6f .\CortexM0\ARM_GCC_541\Debug\Ordinario caja fuerte.a(Led_pins.o)
 .comment       0x0000006e       0x6f .\CortexM0\ARM_GCC_541\Debug\Ordinario caja fuerte.a(CyLib.o)
 .comment       0x0000006e       0x6f .\CortexM0\ARM_GCC_541\Debug\Ordinario caja fuerte.a(CyLFClk.o)
 .comment       0x0000006e       0x6f .\CortexM0\ARM_GCC_541\Debug\Ordinario caja fuerte.a(UART.o)
 .comment       0x0000006e       0x6f .\CortexM0\ARM_GCC_541\Debug\Ordinario caja fuerte.a(UART_UART.o)
 .comment       0x0000006e       0x6f .\CortexM0\ARM_GCC_541\Debug\Ordinario caja fuerte.a(CyFlash.o)
 .comment       0x0000006e       0x6f .\CortexM0\ARM_GCC_541\Debug\Ordinario caja fuerte.a(UART_SPI_UART.o)

.debug_weaknames
 *(.debug_weaknames)

.debug_funcnames
 *(.debug_funcnames)

.debug_typenames
 *(.debug_typenames)

.debug_varnames
 *(.debug_varnames)

.note.gnu.arm.ident
 *(.note.gnu.arm.ident)

.ARM.attributes
                0x00000000       0x28
 *(.ARM.attributes)
 .ARM.attributes
                0x00000000       0x1e c:/program files (x86)/cypress/psoc creator/4.3/psoc creator/import/gnu/arm/5.4.1/bin/../lib/gcc/arm-none-eabi/5.4.1/armv6-m/crti.o
 .ARM.attributes
                0x0000001e       0x2c c:/program files (x86)/cypress/psoc creator/4.3/psoc creator/import/gnu/arm/5.4.1/bin/../lib/gcc/arm-none-eabi/5.4.1/armv6-m/crtbegin.o
 .ARM.attributes
                0x0000004a       0x1b c:/program files (x86)/cypress/psoc creator/4.3/psoc creator/import/gnu/arm/5.4.1/bin/../lib/gcc/arm-none-eabi/5.4.1/../../../../arm-none-eabi/lib/armv6-m/crt0.o
 .ARM.attributes
                0x00000065       0x31 .\CortexM0\ARM_GCC_541\Debug\main.o
 .ARM.attributes
                0x00000096       0x31 .\CortexM0\ARM_GCC_541\Debug\Lib_led.o
 .ARM.attributes
                0x000000c7       0x31 .\CortexM0\ARM_GCC_541\Debug\Keypad.o
 .ARM.attributes
                0x000000f8       0x31 .\CortexM0\ARM_GCC_541\Debug\cyfitter_cfg.o
 .ARM.attributes
                0x00000129       0x31 .\CortexM0\ARM_GCC_541\Debug\cymetadata.o
 .ARM.attributes
                0x0000015a       0x31 .\CortexM0\ARM_GCC_541\Debug\Cm0Start.o
 .ARM.attributes
                0x0000018b       0x31 .\CortexM0\ARM_GCC_541\Debug\Ordinario caja fuerte.a(Filas.o)
 .ARM.attributes
                0x000001bc       0x31 .\CortexM0\ARM_GCC_541\Debug\Ordinario caja fuerte.a(IsrRowPins.o)
 .ARM.attributes
                0x000001ed       0x31 .\CortexM0\ARM_GCC_541\Debug\Ordinario caja fuerte.a(Col.o)
 .ARM.attributes
                0x0000021e       0x31 .\CortexM0\ARM_GCC_541\Debug\Ordinario caja fuerte.a(Led_pins.o)
 .ARM.attributes
                0x0000024f       0x31 .\CortexM0\ARM_GCC_541\Debug\Ordinario caja fuerte.a(CyLib.o)
 .ARM.attributes
                0x00000280       0x31 .\CortexM0\ARM_GCC_541\Debug\Ordinario caja fuerte.a(CyLFClk.o)
 .ARM.attributes
                0x000002b1       0x31 .\CortexM0\ARM_GCC_541\Debug\Ordinario caja fuerte.a(UART.o)
 .ARM.attributes
                0x000002e2       0x31 .\CortexM0\ARM_GCC_541\Debug\Ordinario caja fuerte.a(UART_UART.o)
 .ARM.attributes
                0x00000313       0x21 .\CortexM0\ARM_GCC_541\Debug\Ordinario caja fuerte.a(CyBootAsmGnu.o)
 .ARM.attributes
                0x00000334       0x31 .\CortexM0\ARM_GCC_541\Debug\Ordinario caja fuerte.a(CyFlash.o)
 .ARM.attributes
                0x00000365       0x31 .\CortexM0\ARM_GCC_541\Debug\Ordinario caja fuerte.a(UART_SPI_UART.o)
 .ARM.attributes
                0x00000396       0x1e c:/program files (x86)/cypress/psoc creator/4.3/psoc creator/import/gnu/arm/5.4.1/bin/../lib/gcc/arm-none-eabi/5.4.1/armv6-m\libgcc.a(_udivsi3.o)
 .ARM.attributes
                0x000003b4       0x1e c:/program files (x86)/cypress/psoc creator/4.3/psoc creator/import/gnu/arm/5.4.1/bin/../lib/gcc/arm-none-eabi/5.4.1/armv6-m\libgcc.a(_divsi3.o)
 .ARM.attributes
                0x000003d2       0x1e c:/program files (x86)/cypress/psoc creator/4.3/psoc creator/import/gnu/arm/5.4.1/bin/../lib/gcc/arm-none-eabi/5.4.1/armv6-m\libgcc.a(_dvmd_tls.o)
 .ARM.attributes
                0x000003f0       0x2c c:/program files (x86)/cypress/psoc creator/4.3/psoc creator/import/gnu/arm/5.4.1/bin/../lib/gcc/arm-none-eabi/5.4.1/../../../../arm-none-eabi/lib/armv6-m\libg_nano.a(lib_a-errno.o)
 .ARM.attributes
                0x0000041c       0x2c c:/program files (x86)/cypress/psoc creator/4.3/psoc creator/import/gnu/arm/5.4.1/bin/../lib/gcc/arm-none-eabi/5.4.1/../../../../arm-none-eabi/lib/armv6-m\libg_nano.a(lib_a-exit.o)
 .ARM.attributes
                0x00000448       0x2c c:/program files (x86)/cypress/psoc creator/4.3/psoc creator/import/gnu/arm/5.4.1/bin/../lib/gcc/arm-none-eabi/5.4.1/../../../../arm-none-eabi/lib/armv6-m\libg_nano.a(lib_a-impure.o)
 .ARM.attributes
                0x00000474       0x2c c:/program files (x86)/cypress/psoc creator/4.3/psoc creator/import/gnu/arm/5.4.1/bin/../lib/gcc/arm-none-eabi/5.4.1/../../../../arm-none-eabi/lib/armv6-m\libg_nano.a(lib_a-init.o)
 .ARM.attributes
                0x000004a0       0x2c c:/program files (x86)/cypress/psoc creator/4.3/psoc creator/import/gnu/arm/5.4.1/bin/../lib/gcc/arm-none-eabi/5.4.1/../../../../arm-none-eabi/lib/armv6-m\libg_nano.a(lib_a-memcpy-stub.o)
 .ARM.attributes
                0x000004cc       0x2c c:/program files (x86)/cypress/psoc creator/4.3/psoc creator/import/gnu/arm/5.4.1/bin/../lib/gcc/arm-none-eabi/5.4.1/../../../../arm-none-eabi/lib/armv6-m\libg_nano.a(lib_a-memset.o)
 .ARM.attributes
                0x000004f8       0x2c c:/program files (x86)/cypress/psoc creator/4.3/psoc creator/import/gnu/arm/5.4.1/bin/../lib/gcc/arm-none-eabi/5.4.1/../../../../arm-none-eabi/lib/armv6-m\libg_nano.a(lib_a-sprintf.o)
 .ARM.attributes
                0x00000524       0x2c c:/program files (x86)/cypress/psoc creator/4.3/psoc creator/import/gnu/arm/5.4.1/bin/../lib/gcc/arm-none-eabi/5.4.1/../../../../arm-none-eabi/lib/armv6-m\libg_nano.a(lib_a-nano-svfprintf.o)
 .ARM.attributes
                0x00000550       0x2c c:/program files (x86)/cypress/psoc creator/4.3/psoc creator/import/gnu/arm/5.4.1/bin/../lib/gcc/arm-none-eabi/5.4.1/../../../../arm-none-eabi/lib/armv6-m\libg_nano.a(lib_a-nano-vfprintf_i.o)
 .ARM.attributes
                0x0000057c       0x2c c:/program files (x86)/cypress/psoc creator/4.3/psoc creator/import/gnu/arm/5.4.1/bin/../lib/gcc/arm-none-eabi/5.4.1/../../../../arm-none-eabi/lib/armv6-m\libg_nano.a(lib_a-memchr-stub.o)
 .ARM.attributes
                0x000005a8       0x2c c:/program files (x86)/cypress/psoc creator/4.3/psoc creator/import/gnu/arm/5.4.1/bin/../lib/gcc/arm-none-eabi/5.4.1/../../../../arm-none-eabi/lib/armv6-m\libg_nano.a(lib_a-memmove.o)
 .ARM.attributes
                0x000005d4       0x2c c:/program files (x86)/cypress/psoc creator/4.3/psoc creator/import/gnu/arm/5.4.1/bin/../lib/gcc/arm-none-eabi/5.4.1/../../../../arm-none-eabi/lib/armv6-m\libg_nano.a(lib_a-nano-freer.o)
 .ARM.attributes
                0x00000600       0x2c c:/program files (x86)/cypress/psoc creator/4.3/psoc creator/import/gnu/arm/5.4.1/bin/../lib/gcc/arm-none-eabi/5.4.1/../../../../arm-none-eabi/lib/armv6-m\libg_nano.a(lib_a-nano-mallocr.o)
 .ARM.attributes
                0x0000062c       0x2c c:/program files (x86)/cypress/psoc creator/4.3/psoc creator/import/gnu/arm/5.4.1/bin/../lib/gcc/arm-none-eabi/5.4.1/../../../../arm-none-eabi/lib/armv6-m\libg_nano.a(lib_a-nano-reallocr.o)
 .ARM.attributes
                0x00000658       0x2c c:/program files (x86)/cypress/psoc creator/4.3/psoc creator/import/gnu/arm/5.4.1/bin/../lib/gcc/arm-none-eabi/5.4.1/../../../../arm-none-eabi/lib/armv6-m\libg_nano.a(lib_a-sbrkr.o)
 .ARM.attributes
                0x00000684       0x2c c:/program files (x86)/cypress/psoc creator/4.3/psoc creator/import/gnu/arm/5.4.1/bin/../lib/gcc/arm-none-eabi/5.4.1/../../../../arm-none-eabi/lib/armv6-m\libg_nano.a(lib_a-mlock.o)
 .ARM.attributes
                0x000006b0       0x2c c:/program files (x86)/cypress/psoc creator/4.3/psoc creator/import/gnu/arm/5.4.1/bin/../lib/gcc/arm-none-eabi/5.4.1/../../../../arm-none-eabi/lib/armv6-m\libg_nano.a(lib_a-nano-msizer.o)
 .ARM.attributes
                0x000006dc       0x2c c:/program files (x86)/cypress/psoc creator/4.3/psoc creator/import/gnu/arm/5.4.1/bin/../lib/gcc/arm-none-eabi/5.4.1/../../../../arm-none-eabi/lib/armv6-m\libg_nano.a(lib_a-reent.o)
 .ARM.attributes
                0x00000708       0x2c c:/program files (x86)/cypress/psoc creator/4.3/psoc creator/import/gnu/arm/5.4.1/bin/../lib/gcc/arm-none-eabi/5.4.1/armv6-m/crtend.o
 .ARM.attributes
                0x00000734       0x1e c:/program files (x86)/cypress/psoc creator/4.3/psoc creator/import/gnu/arm/5.4.1/bin/../lib/gcc/arm-none-eabi/5.4.1/armv6-m/crtn.o

/DISCARD/
 *(.note.GNU-stack)
OUTPUT(C:\Users\biosh\Desktop\Universidad\quinto parcial\Programacion embebida\ordinario\Ordinario caja fuerte.cydsn\CortexM0\ARM_GCC_541\Debug\Ordinario caja fuerte.elf elf32-littlearm)
